c[?7l[2J[0mSeaBIOS (version Arch Linux 1.17.0-1-1)


iPXE (http://ipxe.org) 00:03.0 C900 PCI2.10 PnP PMM+7EFD3D90+7EF33D90 C900
Press Ctrl-B to configure iPXE (PCI 00:03.0)...                                                                               


Booting from ROM..c[?7l[2J[    0.000000][    T0] Linux version 6.4.0-rc1 (arch@arch-localhost) (gcc (GCC) 10.2.0, GNU ld (GNU Binutils) 2.44.0) #1 SMP PREEMPT_DYNAMIC Thu Jun 26 07:15:26 EDT 2025
[    0.000000][    T0] Command line: root=/dev/sda console=ttyS0,115200n8 rw crashkernel=256M
[    0.000000][    T0] KERNEL supported cpus:
[    0.000000][    T0]   Intel GenuineIntel
[    0.000000][    T0]   AMD AuthenticAMD
[    0.000000][    T0] x86/fpu: Supporting XSAVE feature 0x001: 'x87 floating point registers'
[    0.000000][    T0] x86/fpu: Supporting XSAVE feature 0x002: 'SSE registers'
[    0.000000][    T0] x86/fpu: Supporting XSAVE feature 0x004: 'AVX registers'
[    0.000000][    T0] x86/fpu: Supporting XSAVE feature 0x200: 'Protection Keys User registers'
[    0.000000][    T0] x86/fpu: xstate_offset[2]:  576, xstate_sizes[2]:  256
[    0.000000][    T0] x86/fpu: xstate_offset[9]:  832, xstate_sizes[9]:    8
[    0.000000][    T0] x86/fpu: Enabled xstate features 0x207, context size is 840 bytes, using 'compacted' format.
[    0.000000][    T0] signal: max sigframe size: 3632
[    0.000000][    T0] BIOS-provided physical RAM map:
[    0.000000][    T0] BIOS-e820: [mem 0x0000000000000000-0x000000000009fbff] usable
[    0.000000][    T0] BIOS-e820: [mem 0x000000000009fc00-0x000000000009ffff] reserved
[    0.000000][    T0] BIOS-e820: [mem 0x00000000000f0000-0x00000000000fffff] reserved
[    0.000000][    T0] BIOS-e820: [mem 0x0000000000100000-0x000000007ffdffff] usable
[    0.000000][    T0] BIOS-e820: [mem 0x000000007ffe0000-0x000000007fffffff] reserved
[    0.000000][    T0] BIOS-e820: [mem 0x00000000feffc000-0x00000000feffffff] reserved
[    0.000000][    T0] BIOS-e820: [mem 0x00000000fffc0000-0x00000000ffffffff] reserved
[    0.000000][    T0] printk: bootconsole [earlyser0] enabled
[    0.000000][    T0] ERROR: earlyprintk= earlyser already used
[    0.000000][    T0] ERROR: earlyprintk= earlyser already used
[    0.000000][    T0] **********************************************************
[    0.000000][    T0] **   NOTICE NOTICE NOTICE NOTICE NOTICE NOTICE NOTICE   **
[    0.000000][    T0] **                                                      **
[    0.000000][    T0] ** This system shows unhashed kernel memory addresses   **
[    0.000000][    T0] ** via the console, logs, and other interfaces. This    **
[    0.000000][    T0] ** might reduce the security of your system.            **
[    0.000000][    T0] **                                                      **
[    0.000000][    T0] ** If you see this message and you are not debugging    **
[    0.000000][    T0] ** the kernel, report this immediately to your system   **
[    0.000000][    T0] ** administrator!                                       **
[    0.000000][    T0] **                                                      **
[    0.000000][    T0] **   NOTICE NOTICE NOTICE NOTICE NOTICE NOTICE NOTICE   **
[    0.000000][    T0] **********************************************************
[    0.000000][    T0] Malformed early option 'vsyscall'
[    0.000000][    T0] nopcid: PCID feature disabled
[    0.000000][    T0] NX (Execute Disable) protection: active
[    0.000000][    T0] SMBIOS 2.8 present.
[    0.000000][    T0] DMI: QEMU Standard PC (i440FX + PIIX, 1996), BIOS Arch Linux 1.17.0-1-1 04/01/2014
[    0.000000][    T0] Hypervisor detected: KVM
[    0.000000][    T0] kvm-clock: Using msrs 4b564d01 and 4b564d00
[    0.000002][    T0] kvm-clock: using sched offset of 962606784 cycles
[    0.000396][    T0] clocksource: kvm-clock: mask: 0xffffffffffffffff max_cycles: 0x1cd42e4dffb, max_idle_ns: 881590591483 ns
[    0.001566][    T0] tsc: Detected 2496.000 MHz processor
[    0.005192][    T0] last_pfn = 0x7ffe0 max_arch_pfn = 0x400000000
[    0.005703][    T0] x86/PAT: Configuration [0-7]: WB  WC  UC- UC  WB  WP  UC- WT  
[    0.010107][    T0] found SMP MP-table at [mem 0x000f66e0-0x000f66ef]
[    0.010585][    T0] Using GB pages for direct mapping
[    0.011413][    T0] ACPI: Early table checksum verification disabled
[    0.011839][    T0] ACPI: RSDP 0x00000000000F6510 000014 (v00 BOCHS )
[    0.012279][    T0] ACPI: RSDT 0x000000007FFE2335 000034 (v01 BOCHS  BXPC     00000001 BXPC 00000001)
[    0.012902][    T0] ACPI: FACP 0x000000007FFE21E9 000074 (v01 BOCHS  BXPC     00000001 BXPC 00000001)
[    0.013523][    T0] ACPI: DSDT 0x000000007FFE0040 0021A9 (v01 BOCHS  BXPC     00000001 BXPC 00000001)
[    0.014169][    T0] ACPI: FACS 0x000000007FFE0000 000040
[    0.014530][    T0] ACPI: APIC 0x000000007FFE225D 000078 (v03 BOCHS  BXPC     00000001 BXPC 00000001)
[    0.015163][    T0] ACPI: HPET 0x000000007FFE22D5 000038 (v01 BOCHS  BXPC     00000001 BXPC 00000001)
[    0.015782][    T0] ACPI: WAET 0x000000007FFE230D 000028 (v01 BOCHS  BXPC     00000001 BXPC 00000001)
[    0.016401][    T0] ACPI: Reserving FACP table memory at [mem 0x7ffe21e9-0x7ffe225c]
[    0.016917][    T0] ACPI: Reserving DSDT table memory at [mem 0x7ffe0040-0x7ffe21e8]
[    0.017429][    T0] ACPI: Reserving FACS table memory at [mem 0x7ffe0000-0x7ffe003f]
[    0.017945][    T0] ACPI: Reserving APIC table memory at [mem 0x7ffe225d-0x7ffe22d4]
[    0.018458][    T0] ACPI: Reserving HPET table memory at [mem 0x7ffe22d5-0x7ffe230c]
[    0.018972][    T0] ACPI: Reserving WAET table memory at [mem 0x7ffe230d-0x7ffe2334]
[    0.019845][    T0] No NUMA configuration found
[    0.020147][    T0] Faking a node at [mem 0x0000000000000000-0x000000007ffdffff]
[    0.020639][    T0] Faking node 0 at [mem 0x0000000000000000-0x000000003fffffff] (1024MB)
[    0.021183][    T0] Faking node 1 at [mem 0x0000000040000000-0x000000007ffdffff] (1023MB)
[    0.021858][    T0] NODE_DATA(0) allocated [mem 0x3fffa000-0x3fffffff]
[    0.022458][    T0] NODE_DATA(1) allocated [mem 0x7ffd9000-0x7ffdefff]
[    0.022914][    T0] Reserving 256MB of memory at 1776MB for crashkernel (System RAM: 2047MB)
[    0.027192][    T0] Zone ranges:
[    0.027469][    T0]   DMA      [mem 0x0000000000001000-0x0000000000ffffff]
[    0.027932][    T0]   DMA32    [mem 0x0000000001000000-0x000000007ffdffff]
[    0.028389][    T0]   Normal   empty
[    0.028630][    T0]   Device   empty
[    0.028874][    T0] Movable zone start for each node
[    0.029206][    T0] Early memory node ranges
[    0.029492][    T0]   node   0: [mem 0x0000000000001000-0x000000000009efff]
[    0.029958][    T0]   node   0: [mem 0x0000000000100000-0x000000003fffffff]
[    0.030420][    T0]   node   1: [mem 0x0000000040000000-0x000000007ffdffff]
[    0.030885][    T0] Initmem setup node 0 [mem 0x0000000000001000-0x000000003fffffff]
[    0.031403][    T0] Initmem setup node 1 [mem 0x0000000040000000-0x000000007ffdffff]
[    0.032047][    T0] On node 0, zone DMA: 1 pages in unavailable ranges
[    0.032181][    T0] On node 0, zone DMA: 97 pages in unavailable ranges
[    0.048357][    T0] On node 1, zone DMA32: 32 pages in unavailable ranges
[    0.088385][    T0] kasan: KernelAddressSanitizer initialized
[    0.089441][    T0] ACPI: PM-Timer IO Port: 0x608
[    0.089750][    T0] ACPI: LAPIC_NMI (acpi_id[0xff] dfl dfl lint[0x1])
[    0.090199][    T0] IOAPIC[0]: apic_id 0, version 17, address 0xfec00000, GSI 0-23
[    0.090685][    T0] ACPI: INT_SRC_OVR (bus 0 bus_irq 0 global_irq 2 dfl dfl)
[    0.091149][    T0] ACPI: INT_SRC_OVR (bus 0 bus_irq 5 global_irq 5 high level)
[    0.091618][    T0] ACPI: INT_SRC_OVR (bus 0 bus_irq 9 global_irq 9 high level)
[    0.092087][    T0] ACPI: INT_SRC_OVR (bus 0 bus_irq 10 global_irq 10 high level)
[    0.092563][    T0] ACPI: INT_SRC_OVR (bus 0 bus_irq 11 global_irq 11 high level)
[    0.093052][    T0] ACPI: Using ACPI (MADT) for SMP configuration information
[    0.093499][    T0] ACPI: HPET id: 0x8086a201 base: 0xfed00000
[    0.093877][    T0] TSC deadline timer available
[    0.094179][    T0] smpboot: Allowing 1 CPUs, 0 hotplug CPUs
[    0.094592][    T0] PM: hibernation: Registered nosave memory: [mem 0x00000000-0x00000fff]
[    0.095120][    T0] PM: hibernation: Registered nosave memory: [mem 0x0009f000-0x0009ffff]
[    0.095640][    T0] PM: hibernation: Registered nosave memory: [mem 0x000a0000-0x000effff]
[    0.096169][    T0] PM: hibernation: Registered nosave memory: [mem 0x000f0000-0x000fffff]
[    0.096690][    T0] [mem 0x80000000-0xfeffbfff] available for PCI devices
[    0.097124][    T0] Booting paravirtualized kernel on KVM
[    0.097472][    T0] clocksource: refined-jiffies: mask: 0xffffffff max_cycles: 0xffffffff, max_idle_ns: 19112604462750000 ns
[    0.130985][    T0] setup_percpu: NR_CPUS:8 nr_cpumask_bits:1 nr_cpu_ids:1 nr_node_ids:2
[    0.131796][    T0] percpu: Embedded 72 pages/cpu s254856 r8192 d31864 u2097152
[    0.132360][    T0] kvm-guest: PV spinlocks disabled, single CPU
[    0.132754][    T0] Kernel command line: earlyprintk=serial net.ifnames=0 sysctl.kernel.hung_task_all_cpu_backtrace=1 ima_policy=tcb nf-conntrack-ftp.ports=20000 nf-conntrack-tftp.ports=20000 nf-conntrack-sip.ports=20000 nf-conntrack-irc.ports=20000 nf-conntrack-sane.ports=20000 binder.debug_mask=0 rcupdate.rcu_expedited=1 rcupdate.rcu_cpu_stall_cputime=1 no_hash_pointers page_owner=on sysctl.vm.nr_hugepages=4 sysctl.vm.nr_overcommit_hugepages=4 secretmem.enable=1 sysctl.max_rcu_stall_to_panic=1 msr.allow_writes=off coredump_filter=0xffff root=/dev/sda console=ttyS0 vsyscall=native numa=fake=2 kvm-intel.nested=1 spec_store_bypass_disable=prctl nopcid vivid.n_devs=16 vivid.multiplanar=1,2,1,2,1,2,1,2,1,2,1,2,1,2,1,2 netrom.nr_ndevs=16 rose.rose_ndevs=16 smp.csd_lock_timeout=100000 watchdog_thresh=55 workqueue.watchdog_thresh=140 sysctl.net.core.netdev_unregister_timeout_secs=140 dummy_hcd.num=8 panic_on_warn=1 root=/dev/sda console=ttyS0,115200n8 rw crashkernel=256M
[    0.140199][    T0] Unknown kernel command line parameters "spec_store_bypass_disable=prctl", will be passed to user space.
[    0.141132][    T0] random: crng init done
[    0.141573][    T0] Fallback order for Node 0: 0 1 
[    0.141606][    T0] Fallback order for Node 1: 1 0 
[    0.141613][    T0] Built 2 zonelists, mobility grouping on.  Total pages: 515808
[    0.143034][    T0] Policy zone: DMA32
[    0.143872][    T0] mem auto-init: stack:off, heap alloc:on, heap free:off
[    0.144632][    T0] stackdepot: allocating hash table via alloc_large_system_hash
[    0.146625][    T0] stackdepot hash table entries: 1048576 (order: 11, 8388608 bytes, linear)
[    0.225069][    T0] Memory: 1207600K/2096632K available (151552K kernel code, 36679K rwdata, 31504K rodata, 3308K init, 38416K bss, 888776K reserved, 0K cma-reserved)
[    0.226662][    T0] SLUB: HWalign=64, Order=0-3, MinObjects=0, CPUs=1, Nodes=2
[    0.241040][    T0] allocated 37748736 bytes of page_ext
[    0.241435][    T0] Node 0, zone      DMA: page owner found early allocated 0 pages
[    0.244994][    T0] Node 0, zone    DMA32: page owner found early allocated 4707 pages
[    0.250166][    T0] Node 1, zone    DMA32: page owner found early allocated 4611 pages
Poking KASLR using RDRAND RDTSC...
[    0.251308][    T0] Dynamic Preempt: full
[    0.251793][    T0] Running RCU self tests
[    0.252038][    T0] Running RCU synchronous self tests
[    0.252345][    T0] rcu: Preemptible hierarchical RCU implementation.
[    0.252720][    T0] rcu: 	RCU lockdep checking is enabled.
[    0.253041][    T0] rcu: 	RCU restricting CPUs from NR_CPUS=8 to nr_cpu_ids=1.
[    0.253461][    T0] rcu: 	RCU callback double-/use-after-free debug is enabled.
[    0.253886][    T0] rcu: 	RCU debug extended QS entry/exit.
[    0.254210][    T0] 	All grace periods are expedited (rcu_expedited).
[    0.254583][    T0] 	Trampoline variant of Tasks RCU enabled.
[    0.254920][    T0] 	Tracing variant of Tasks RCU enabled.
[    0.255238][    T0] rcu: RCU calculated value of scheduler-enlistment delay is 10 jiffies.
[    0.255716][    T0] rcu: Adjusting geometry for rcu_fanout_leaf=16, nr_cpu_ids=1
[    0.256193][    T0] Running RCU synchronous self tests
[    0.302799][    T0] NR_IRQS: 4352, nr_irqs: 256, preallocated irqs: 16
[    0.303678][    T0] rcu: srcu_init: Setting srcu_struct sizes based on contention.
[    0.304350][    T0] kfence: initialized - using 2097152 bytes for 255 objects at 0xffff88807fdc0000-0xffff88807ffc0000
[    0.308776][    T0] Console: colour VGA+ 80x25
[    0.309118][    T0] printk: console [ttyS0] enabled
[    0.309118][    T0] printk: console [ttyS0] enabled
[    0.309705][    T0] printk: bootconsole [earlyser0] disabled
[    0.309705][    T0] printk: bootconsole [earlyser0] disabled
[    0.310400][    T0] Lock dependency validator: Copyright (c) 2006 Red Hat, Inc., Ingo Molnar
[    0.310909][    T0] ... MAX_LOCKDEP_SUBCLASSES:  8
[    0.311202][    T0] ... MAX_LOCK_DEPTH:          48
[    0.311499][    T0] ... MAX_LOCKDEP_KEYS:        8192
[    0.311808][    T0] ... CLASSHASH_SIZE:          4096
[    0.312120][    T0] ... MAX_LOCKDEP_ENTRIES:     131072
[    0.312439][    T0] ... MAX_LOCKDEP_CHAINS:      262144
[    0.312758][    T0] ... CHAINHASH_SIZE:          131072
[    0.313081][    T0]  memory used by lock dependency info: 20657 kB
[    0.313458][    T0]  memory used for stack traces: 8320 kB
[    0.313792][    T0]  per task-struct memory footprint: 1920 bytes
[    0.314303][    T0] mempolicy: Enabling automatic NUMA balancing. Configure with numa_balancing= or the kernel.numa_balancing sysctl
[    0.315034][    T0] ACPI: Core revision 20230331
[    0.315701][    T0] clocksource: hpet: mask: 0xffffffff max_cycles: 0xffffffff, max_idle_ns: 19112604467 ns
[    0.316545][    T0] APIC: Switch to symmetric I/O mode setup
[    0.318081][    T0] ..TIMER: vector=0x30 apic1=0 pin1=2 apic2=-1 pin2=-1
[    0.318490][    T0] clocksource: tsc-early: mask: 0xffffffffffffffff max_cycles: 0x23fa772cf26, max_idle_ns: 440795269835 ns
[    0.319147][    T0] Calibrating delay loop (skipped) preset value.. 4992.00 BogoMIPS (lpj=24960000)
[    0.319669][    T0] pid_max: default: 32768 minimum: 301
[    0.320220][    T0] LSM: initializing lsm=lockdown,capability,landlock,yama,safesetid,tomoyo,apparmor,bpf,integrity
[    0.320895][    T0] landlock: Up and running.
[    0.321150][    T0] Yama: becoming mindful.
[    0.321447][    T0] TOMOYO Linux initialized
[    0.321864][    T0] AppArmor: AppArmor initialized
[    0.322156][    T0] LSM support for eBPF active
[    0.323866][    T0] Dentry cache hash table entries: 262144 (order: 9, 2097152 bytes, vmalloc)
[    0.325082][    T0] Inode-cache hash table entries: 131072 (order: 8, 1048576 bytes, vmalloc)
[    0.325652][    T0] Mount-cache hash table entries: 4096 (order: 3, 32768 bytes, vmalloc)
[    0.326159][    T0] Mountpoint-cache hash table entries: 4096 (order: 3, 32768 bytes, vmalloc)
[    0.331146][    T0] x86/cpu: User Mode Instruction Prevention (UMIP) activated
[    0.331678][    T0] Last level iTLB entries: 4KB 0, 2MB 0, 4MB 0
[    0.332026][    T0] Last level dTLB entries: 4KB 0, 2MB 0, 4MB 0, 1GB 0
[    0.332419][    T0] Spectre V1 : Mitigation: usercopy/swapgs barriers and __user pointer sanitization
[    0.332957][    T0] Spectre V2 : WARNING: Unprivileged eBPF is enabled with eIBRS on, data leaks possible via Spectre v2 BHB attacks!
[    0.333639][    T0] Spectre V2 : Mitigation: Enhanced / Automatic IBRS
[    0.334018][    T0] Spectre V2 : Spectre v2 / SpectreRSB mitigation: Filling RSB on context switch
[    0.334536][    T0] Spectre V2 : Spectre v2 / PBRSB-eIBRS: Retire a single CALL on VMEXIT
[    0.335035][    T0] Spectre V2 : mitigation: Enabling conditional Indirect Branch Prediction Barrier
[    0.335583][    T0] Speculative Store Bypass: Mitigation: Speculative Store Bypass disabled via prctl
[    0.362633][    T0] Freeing SMP alternatives memory: 116K
[    0.362989][    T0] Running RCU synchronous self tests
[    0.363285][    T0] Running RCU synchronous self tests
[    0.364019][    T1] smpboot: CPU0: 13th Gen Intel(R) Core(TM) i5-13400 (family: 0x6, model: 0xbf, stepping: 0x2)
[    0.365937][    T1] cblist_init_generic: Setting adjustable number of callback queues.
[    0.366419][    T1] cblist_init_generic: Setting shift to 0 and lim to 1.
[    0.366968][    T1] cblist_init_generic: Setting shift to 0 and lim to 1.
[    0.367479][    T1] Running RCU-tasks wait API self tests
[    0.499669][    T1] Performance Events: unsupported p6 CPU model 191 no PMU driver, software events only.
[    0.504273][    T1] rcu: Hierarchical SRCU implementation.
[    0.509166][    T1] rcu: 	Max phase no-delay instances is 1000.
[    0.519221][   T14] Callback from call_rcu_tasks_trace() invoked.
[    0.523462][    T1] NMI watchdog: Perf NMI watchdog permanently disabled
[    0.524329][    T1] smp: Bringing up secondary CPUs ...
[    0.524719][    T1] smp: Brought up 2 nodes, 1 CPU
[    0.529216][    T1] smpboot: Max logical packages: 1
[    0.529548][    T1] smpboot: Total of 1 processors activated (4992.00 BogoMIPS)
[    0.531296][    T1] devtmpfs: initialized
[    0.532090][    T1] x86/mm: Memory block size: 128MB
[    0.559508][    T1] Running RCU synchronous self tests
[    0.559865][    T1] Running RCU synchronous self tests
[    0.560239][    T1] clocksource: jiffies: mask: 0xffffffff max_cycles: 0xffffffff, max_idle_ns: 19112604462750000 ns
[    0.560911][    T1] futex hash table entries: 256 (order: 3, 32768 bytes, vmalloc)
[    0.563160][    T1] PM: RTC time: 11:18:16, date: 2025-06-26
[    0.572949][    T1] NET: Registered PF_NETLINK/PF_ROUTE protocol family
[    0.580519][    T1] audit: initializing netlink subsys (disabled)
[    0.582546][    T1] thermal_sys: Registered thermal governor 'step_wise'
[    0.582552][    T1] thermal_sys: Registered thermal governor 'user_space'
[    0.583057][    T1] cpuidle: using governor menu
[    0.583789][    T1] NET: Registered PF_QIPCRTR protocol family
[    0.589244][   T21] audit: type=2000 audit(1750936696.940:1): state=initialized audit_enabled=0 res=1
[    0.591865][    T1] dca service started, version 1.12.1
[    0.592342][    T1] PCI: Using configuration type 1 for base access
[    0.600797][    T1] WARNING: workqueue cpumask: online intersect > possible intersect
[    0.619358][    T1] HugeTLB: registered 1.00 GiB page size, pre-allocated 0 pages
[    0.619816][    T1] HugeTLB: 16380 KiB vmemmap can be freed for a 1.00 GiB page
[    0.620252][    T1] HugeTLB: registered 2.00 MiB page size, pre-allocated 0 pages
[    0.620699][    T1] HugeTLB: 28 KiB vmemmap can be freed for a 2.00 MiB page
[    0.649191][    T1] cryptd: max_cpu_qlen set to 1000
[    0.651529][    T1] raid6: skipped pq benchmark and selected avx2x4
[    0.651987][    T1] raid6: using avx2x2 recovery algorithm
[    0.653197][    T1] ACPI: Added _OSI(Module Device)
[    0.653512][    T1] ACPI: Added _OSI(Processor Device)
[    0.653844][    T1] ACPI: Added _OSI(3.0 _SCP Extensions)
[    0.654181][    T1] ACPI: Added _OSI(Processor Aggregator Device)
[    0.791703][    T1] ACPI: 1 ACPI AML tables successfully acquired and loaded
[    0.824967][    T1] ACPI: Interpreter enabled
[    0.839469][    T1] ACPI: PM: (supports S0 S3 S4 S5)
[    0.839832][    T1] ACPI: Using IOAPIC for interrupt routing
[    0.840385][    T1] PCI: Using host bridge windows from ACPI; if necessary, use "pci=nocrs" and report a bug
[    0.841041][    T1] PCI: Using E820 reservations for host bridge windows
[    0.843274][    T1] ACPI: Enabled 2 GPEs in block 00 to 0F
[    1.043674][    T1] ACPI: PCI Root Bridge [PCI0] (domain 0000 [bus 00-ff])
[    1.044163][    T1] acpi PNP0A03:00: _OSC: OS supports [ASPM ClockPM Segments MSI HPX-Type3]
[    1.044683][    T1] acpi PNP0A03:00: _OSC: not requesting OS control; OS requires [ExtendedConfig ASPM ClockPM MSI]
[    1.060081][    T1] acpi PNP0A03:00: fail to add MMCONFIG information, can't access extended configuration space under this bridge
[    1.062008][    T1] PCI host bridge to bus 0000:00
[    1.062317][    T1] pci_bus 0000:00: Unknown NUMA node; performance will be reduced
[    1.062817][    T1] pci_bus 0000:00: root bus resource [io  0x0000-0x0cf7 window]
[    1.063294][    T1] pci_bus 0000:00: root bus resource [io  0x0d00-0xffff window]
[    1.063755][    T1] pci_bus 0000:00: root bus resource [mem 0x000a0000-0x000bffff window]
[    1.064246][    T1] pci_bus 0000:00: root bus resource [mem 0x80000000-0xfebfffff window]
[    1.064760][    T1] pci_bus 0000:00: root bus resource [mem 0x100000000-0x17fffffff window]
[    1.079879][    T1] pci_bus 0000:00: root bus resource [bus 00-ff]
[    1.080526][    T1] pci 0000:00:00.0: [8086:1237] type 00 class 0x060000
[    1.082558][    T1] pci 0000:00:01.0: [8086:7000] type 00 class 0x060100
[    1.084419][    T1] pci 0000:00:01.1: [8086:7010] type 00 class 0x010180
[    1.100383][    T1] pci 0000:00:01.1: reg 0x20: [io  0xc020-0xc02f]
[    1.101234][    T1] pci 0000:00:01.1: legacy IDE quirk: reg 0x10: [io  0x01f0-0x01f7]
[    1.101701][    T1] pci 0000:00:01.1: legacy IDE quirk: reg 0x14: [io  0x03f6]
[    1.102134][    T1] pci 0000:00:01.1: legacy IDE quirk: reg 0x18: [io  0x0170-0x0177]
[    1.102600][    T1] pci 0000:00:01.1: legacy IDE quirk: reg 0x1c: [io  0x0376]
[    1.104694][    T1] pci 0000:00:01.3: [8086:7113] type 00 class 0x068000
[    1.119501][    T1] pci 0000:00:01.3: quirk: [io  0x0600-0x063f] claimed by PIIX4 ACPI
[    1.119997][    T1] pci 0000:00:01.3: quirk: [io  0x0700-0x070f] claimed by PIIX4 SMB
[    1.121707][    T1] pci 0000:00:02.0: [1234:1111] type 00 class 0x030000
[    1.123719][    T1] pci 0000:00:02.0: reg 0x10: [mem 0xfd000000-0xfdffffff pref]
[    1.139492][    T1] pci 0000:00:02.0: reg 0x18: [mem 0xfebd0000-0xfebd0fff]
[    1.142366][    T1] pci 0000:00:02.0: reg 0x30: [mem 0xfebc0000-0xfebcffff pref]
[    1.142964][    T1] pci 0000:00:02.0: Video device with shadowed ROM at [mem 0x000c0000-0x000dffff]
[    1.144789][    T1] pci 0000:00:03.0: [1af4:1000] type 00 class 0x020000
[    1.159794][    T1] pci 0000:00:03.0: reg 0x10: [io  0xc000-0xc01f]
[    1.160606][    T1] pci 0000:00:03.0: reg 0x14: [mem 0xfebd1000-0xfebd1fff]
[    1.163328][    T1] pci 0000:00:03.0: reg 0x20: [mem 0xfe000000-0xfe003fff 64bit pref]
[    1.164883][    T1] pci 0000:00:03.0: reg 0x30: [mem 0xfeb80000-0xfebbffff pref]
[    1.261797][    T1] ACPI: PCI: Interrupt link LNKA configured for IRQ 10
[    1.263846][    T1] ACPI: PCI: Interrupt link LNKB configured for IRQ 10
[    1.280051][    T1] ACPI: PCI: Interrupt link LNKC configured for IRQ 11
[    1.282782][    T1] ACPI: PCI: Interrupt link LNKD configured for IRQ 11
[    1.283900][    T1] ACPI: PCI: Interrupt link LNKS configured for IRQ 9
[    1.302906][    T1] iommu: Default domain type: Translated 
[    1.303266][    T1] iommu: DMA domain TLB invalidation policy: lazy mode 
[    1.319857][    T1] SCSI subsystem initialized
[    1.321025][    T1] ACPI: bus type USB registered
[    1.321499][    T1] usbcore: registered new interface driver usbfs
[    1.321973][    T1] usbcore: registered new interface driver hub
[    1.322446][    T1] usbcore: registered new device driver usb
[    1.323514][    T1] mc: Linux media interface: v0.10
[    1.323896][    T1] videodev: Linux video capture interface: v2.00
[    1.324561][    T1] pps_core: LinuxPPS API ver. 1 registered
[    1.324908][    T1] pps_core: Software ver. 5.3.6 - Copyright 2005-2007 Rodolfo Giometti <giometti@linux.it>
[    1.339508][    T1] PTP clock support registered
[    1.340419][    T1] EDAC MC: Ver: 3.0.0
[    1.342417][    T1] Advanced Linux Sound Architecture Driver Initialized.
[    1.344946][    T1] Bluetooth: Core ver 2.22
[    1.359276][    T1] NET: Registered PF_BLUETOOTH protocol family
[    1.359686][    T1] Bluetooth: HCI device and connection manager initialized
[    1.360184][    T1] Bluetooth: HCI socket layer initialized
[    1.360562][    T1] Bluetooth: L2CAP socket layer initialized
[    1.360981][    T1] Bluetooth: SCO socket layer initialized
[    1.361376][    T1] NET: Registered PF_ATMPVC protocol family
[    1.361793][    T1] NET: Registered PF_ATMSVC protocol family
[    1.362317][    T1] NetLabel: Initializing
[    1.362595][    T1] NetLabel:  domain hash size = 128
[    1.362939][    T1] NetLabel:  protocols = UNLABELED CIPSOv4 CALIPSO
[    1.363556][    T1] NetLabel:  unlabeled traffic allowed by default
[    1.364757][    T1] nfc: nfc_init: NFC Core ver 0.1
[    1.369469][    T1] NET: Registered PF_NFC protocol family
[    1.369908][    T1] PCI: Using ACPI for IRQ routing
[    1.370590][    T1] pci 0000:00:02.0: vgaarb: setting as boot VGA device
[    1.371057][    T1] pci 0000:00:02.0: vgaarb: bridge control possible
[    1.371487][    T1] pci 0000:00:02.0: vgaarb: VGA device added: decodes=io+mem,owns=io+mem,locks=none
[    1.372099][    T1] vgaarb: loaded
[    1.374731][    T1] hpet0: at MMIO 0xfed00000, IRQs 2, 8, 0
[    1.389196][    T1] hpet0: 3 comparators, 64-bit 100.000000 MHz counter
[    1.393073][    T1] clocksource: Switched to clocksource kvm-clock
[    1.395018][    T1] VFS: Disk quotas dquot_6.6.0
[    1.395018][    T1] VFS: Dquot-cache hash table entries: 512 (order 0, 4096 bytes)
[    1.395018][    T1] FS-Cache: Loaded
[    1.395018][    T1] CacheFiles: Loaded
[    1.395276][    T1] TOMOYO: 2.6.0
[    1.395519][    T1] Mandatory Access Control activated.
[    1.397315][    T1] AppArmor: AppArmor Filesystem Enabled
[    1.397916][    T1] pnp: PnP ACPI init
[    1.401109][    T1] pnp: PnP ACPI: found 6 devices
[    1.460027][    T1] clocksource: acpi_pm: mask: 0xffffff max_cycles: 0xffffff, max_idle_ns: 2085701024 ns
[    1.461606][    T1] NET: Registered PF_INET protocol family
[    1.462552][    T1] IP idents hash table entries: 32768 (order: 6, 262144 bytes, vmalloc)
[    1.465297][    T1] tcp_listen_portaddr_hash hash table entries: 1024 (order: 4, 73728 bytes, vmalloc)
[    1.466199][    T1] Table-perturb hash table entries: 65536 (order: 6, 262144 bytes, vmalloc)
[    1.466958][    T1] TCP established hash table entries: 16384 (order: 5, 131072 bytes, vmalloc)
[    1.469548][    T1] TCP bind hash table entries: 16384 (order: 9, 2359296 bytes, vmalloc)
[    1.470804][    T1] TCP: Hash tables configured (established 16384 bind 16384)
[    1.471868][    T1] MPTCP token hash table entries: 2048 (order: 5, 180224 bytes, vmalloc)
[    1.472682][    T1] UDP hash table entries: 1024 (order: 5, 163840 bytes, vmalloc)
[    1.473394][    T1] UDP-Lite hash table entries: 1024 (order: 5, 163840 bytes, vmalloc)
[    1.474335][    T1] NET: Registered PF_UNIX/PF_LOCAL protocol family
[    1.495849][    T1] RPC: Registered named UNIX socket transport module.
[    1.496365][    T1] RPC: Registered udp transport module.
[    1.496729][    T1] RPC: Registered tcp transport module.
[    1.497091][    T1] RPC: Registered tcp NFSv4.1 backchannel transport module.
[    1.498909][    T1] NET: Registered PF_XDP protocol family
[    1.499340][    T1] pci_bus 0000:00: resource 4 [io  0x0000-0x0cf7 window]
[    1.499840][    T1] pci_bus 0000:00: resource 5 [io  0x0d00-0xffff window]
[    1.500306][    T1] pci_bus 0000:00: resource 6 [mem 0x000a0000-0x000bffff window]
[    1.500812][    T1] pci_bus 0000:00: resource 7 [mem 0x80000000-0xfebfffff window]
[    1.501327][    T1] pci_bus 0000:00: resource 8 [mem 0x100000000-0x17fffffff window]
[    1.502338][    T1] pci 0000:00:01.0: PIIX3: Enabling Passive Release
[    1.502782][    T1] pci 0000:00:00.0: Limiting direct PCI/PCI transfers
[    1.503308][    T1] PCI: CLS 0 bytes, default 64
[    1.506154][    T1] ACPI: bus type thunderbolt registered
[    1.510224][   T51] kworker/u2:2 (51) used greatest stack depth: 27912 bytes left
[    1.515100][    T1] RAPL PMU: API unit is 2^-32 Joules, 0 fixed counters, 10737418240 ms ovfl timer
[    1.526023][    T1] kvm_amd: SVM not supported by CPU 0, not amd or hygon
[    1.526599][    T1] clocksource: tsc: mask: 0xffffffffffffffff max_cycles: 0x23fa772cf26, max_idle_ns: 440795269835 ns
[    1.546479][   T64] kworker/u2:2 (64) used greatest stack depth: 27256 bytes left
[    3.575108][   T13] Callback from call_rcu_tasks() invoked.
[    3.790044][    T1] Initialise system trusted keyrings
[    3.794527][    T1] workingset: timestamp_bits=40 max_order=19 bucket_order=0
[    3.795141][    T1] zbud: loaded
[    3.797736][    T1] DLM installed
[    3.799027][    T1] squashfs: version 4.0 (2009/01/31) Phillip Lougher
[    3.802243][    T1] NFS: Registering the id_resolver key type
[    3.802638][    T1] Key type id_resolver registered
[    3.802952][    T1] Key type id_legacy registered
[    3.803303][    T1] nfs4filelayout_init: NFSv4 File Layout Driver Registering...
[    3.803768][    T1] nfs4flexfilelayout_init: NFSv4 Flexfile Layout Driver Registering...
[    3.807737][    T1] Key type cifs.spnego registered
[    3.808147][    T1] Key type cifs.idmap registered
[    3.808582][    T1] ntfs: driver 2.1.32 [Flags: R/W].
[    3.809032][    T1] ntfs3: Max link count 4000
[    3.809314][    T1] ntfs3: Enabled Linux POSIX ACLs support
[    3.809653][    T1] ntfs3: Read-only LZX/Xpress compression included
[    3.810151][    T1] efs: 1.0a - http://aeschi.ch.eu.org/efs/
[    3.810520][    T1] jffs2: version 2.2. (NAND) (SUMMARY)  Â© 2001-2006 Red Hat, Inc.
[    3.811617][    T1] romfs: ROMFS MTD (C) 2007 Red Hat, Inc.
[    3.812010][    T1] QNX4 filesystem 0.2.3 registered.
[    3.812349][    T1] qnx6: QNX6 filesystem 1.0.0 registered.
[    3.813005][    T1] fuse: init (API version 7.38)
[    3.814376][    T1] orangefs_debugfs_init: called with debug mask: :none: :0:
[    3.816080][    T1] orangefs_init: module version upstream loaded
[    3.816642][    T1] JFS: nTxBlock = 8192, nTxLock = 65536
[    3.826919][    T1] SGI XFS with ACLs, security attributes, realtime, quota, no debug enabled
[    3.828898][    T1] 9p: Installing v9fs 9p2000 file system support
[    3.829452][    T1] NILFS version 2 loaded
[    3.829708][    T1] befs: version: 0.9.3
[    3.830211][    T1] ocfs2: Registered cluster interface o2cb
[    3.830904][    T1] ocfs2: Registered cluster interface user
[    3.831445][    T1] OCFS2 User DLM kernel interface loaded
[    3.835598][    T1] gfs2: GFS2 installed
[    3.838613][    T1] ceph: loaded (mds proto 32)
[    3.844678][    T1] NET: Registered PF_ALG protocol family
[    3.845731][    T1] xor: automatically using best checksumming function   avx       
[    3.846209][    T1] async_tx: api initialized (async)
[    3.846518][    T1] Key type asymmetric registered
[    3.846813][    T1] Asymmetric key parser 'x509' registered
[    3.847160][    T1] Asymmetric key parser 'pkcs8' registered
[    3.847498][    T1] Key type pkcs7_test registered
[    3.847953][    T1] Block layer SCSI generic (bsg) driver version 0.4 loaded (major 240)
[    3.848905][    T1] io scheduler mq-deadline registered
[    3.849232][    T1] io scheduler kyber registered
[    3.849600][    T1] io scheduler bfq registered
[    3.853845][    T1] input: Power Button as /devices/LNXSYSTM:00/LNXPWRBN:00/input/input0
[    3.865588][    T1] ACPI: button: Power Button [PWRF]
[    3.871095][    T1] ioatdma: Intel(R) QuickData Technology Driver 5.00
[    3.916249][    T1] ACPI: \_SB_.LNKC: Enabled at IRQ 11
[    3.967750][  T223] kworker/u2:4 (223) used greatest stack depth: 26896 bytes left
[    4.230853][    T1] N_HDLC line discipline registered with maxframe=4096
[    4.231347][    T1] Serial: 8250/16550 driver, 4 ports, IRQ sharing enabled
[    4.232065][    T1] 00:04: ttyS0 at I/O 0x3f8 (irq = 4, base_baud = 115200) is a 16550A
[    4.254660][    T1] Non-volatile memory driver v1.3
[    4.257263][    T1] Linux agpgart interface v0.103
[    4.263639][    T1] ACPI: bus type drm_connector registered
[    4.268503][    T1] [drm] Initialized vgem 1.0.0 20120112 for vgem on minor 0
[    4.276787][    T1] [drm] Initialized vkms 1.0.0 20180514 for vkms on minor 1
[    4.336729][    T1] Console: switching to colour frame buffer device 128x48
[    4.353887][    T1] platform vkms: [drm] fb0: vkmsdrmfb frame buffer device
[    4.356059][    T1] usbcore: registered new interface driver udl
[    4.358253][    T1] bochs-drm 0000:00:02.0: vgaarb: deactivate vga console
[    4.361586][    T1] [drm] Found bochs VGA, ID 0xb0c5.
[    4.361892][    T1] [drm] Framebuffer size 16384 kB @ 0xfd000000, mmio @ 0xfebd0000.
[    4.365126][    T1] [drm] Found EDID data blob.
[    4.366733][    T1] [drm] Initialized bochs-drm 1.0.0 20130925 for 0000:00:02.0 on minor 2
[    4.372806][    T1] fbcon: bochs-drmdrmfb (fb1) is primary device
[    4.372813][    T1] fbcon: Remapping primary device, fb1, to tty 1-63
[    4.663354][    T1] bochs-drm 0000:00:02.0: [drm] fb1: bochs-drmdrmfb frame buffer device
[    4.671969][   T12] Floppy drive(s): fd0 is 2.88M AMI BIOS
[    4.696285][   T12] FDC 0 is a S82078B
[    4.711918][    T1] brd: module loaded
[    4.756871][    T1] loop: module loaded
[    4.817559][    T1] zram: Added device: zram0
[    4.822834][    T1] null_blk: disk nullb0 created
[    4.823180][    T1] null_blk: module loaded
[    4.823663][    T1] Guest personality initialized and is inactive
[    4.824509][    T1] VMCI host device registered (name=vmci, major=10, minor=118)
[    4.824949][    T1] Initialized host personality
[    4.826387][    T1] usbcore: registered new interface driver rtsx_usb
[    4.827658][    T1] usbcore: registered new interface driver viperboard
[    4.828596][    T1] usbcore: registered new interface driver dln2
[    4.829712][    T1] usbcore: registered new interface driver pn533_usb
[    4.833435][    T1] nfcsim 0.2 initialized
[    4.834034][    T1] usbcore: registered new interface driver port100
[    4.834836][    T1] usbcore: registered new interface driver nfcmrvl
[    4.839555][    T1] Loading iSCSI transport class v2.0-870.
[    4.848902][    T1] st: Version 20160209, fixed bufsize 32768, s/g segs 256
[    4.874145][    T1] scsi host0: ata_piix
[    4.877736][    T1] scsi host1: ata_piix
[    4.878392][    T1] ata1: PATA max MWDMA2 cmd 0x1f0 ctl 0x3f6 bmdma 0xc020 irq 14
[    4.878844][    T1] ata2: PATA max MWDMA2 cmd 0x170 ctl 0x376 bmdma 0xc028 irq 15
[    4.883635][    T1] Rounding down aligned max_sectors from 4294967295 to 4294967288
[    4.884273][    T1] db_root: cannot open: /etc/target
[    4.884917][    T1] slram: not enough parameters.
[    4.890514][    T1] ftl_cs: FTL header not found.
[    4.913519][    T1] wireguard: WireGuard 1.0.0 loaded. See www.wireguard.com for information.
[    4.914049][    T1] wireguard: Copyright (C) 2015-2019 Jason A. Donenfeld <Jason@zx2c4.com>. All Rights Reserved.
[    4.914668][    T1] eql: Equalizer2002: Simon Janes (simon@ncm.com) and David S. Miller (davem@redhat.com)
[    4.921782][    T1] MACsec IEEE 802.1AE
[    4.934774][    T1] tun: Universal TUN/TAP device driver, 1.6
[    4.960142][    T1] vcan: Virtual CAN interface driver
[    4.960480][    T1] vxcan: Virtual CAN Tunnel driver
[    4.960773][    T1] slcan: serial line CAN interface driver
[    4.961102][    T1] CAN device driver interface
[    4.961827][    T1] usbcore: registered new interface driver usb_8dev
[    4.962802][    T1] usbcore: registered new interface driver ems_usb
[    4.963307][    T1] usbcore: registered new interface driver gs_usb
[    4.964249][    T1] usbcore: registered new interface driver kvaser_usb
[    4.964783][    T1] usbcore: registered new interface driver mcba_usb
[    4.967060][    T1] usbcore: registered new interface driver peak_usb
[    4.967773][    T1] e100: Intel(R) PRO/100 Network Driver
[    4.968099][    T1] e100: Copyright(c) 1999-2006 Intel Corporation
[    4.968861][    T1] e1000: Intel(R) PRO/1000 Network Driver
[    4.969200][    T1] e1000: Copyright (c) 1999-2006 Intel Corporation.
[    4.970642][    T1] e1000e: Intel(R) PRO/1000 Network Driver
[    4.970984][    T1] e1000e: Copyright(c) 1999 - 2015 Intel Corporation.
[    4.972284][    T1] mkiss: AX.25 Multikiss, Hans Albas PE1AYX
[    4.972630][    T1] AX.25: 6pack driver, Revision: 0.3.0
[    4.972960][    T1] AX.25: bpqether driver version 004
[    4.973265][    T1] PPP generic driver version 2.4.2
[    4.974027][    T1] PPP BSD Compression module registered
[    4.974373][    T1] PPP Deflate Compression module registered
[    4.974733][    T1] PPP MPPE Compression module registered
[    4.975839][    T1] NET: Registered PF_PPPOX protocol family
[    4.976223][    T1] PPTP driver version 0.8.5
[    4.977046][    T1] SLIP: version 0.8.4-NET3.019-NEWTTY (dynamic channels, max=256) (6 bit encapsulation enabled).
[    4.977636][    T1] CSLIP: code copyright 1989 Regents of the University of California.
[    4.978089][    T1] SLIP linefill/keepalive option.
[    4.978373][    T1] hdlc: HDLC support module revision 1.22
[    4.978700][    T1] LAPB Ethernet driver version 0.02
[    4.980318][    T1] usbcore: registered new interface driver ath9k_htc
[    4.980854][    T1] usbcore: registered new interface driver carl9170
[    4.981391][    T1] usbcore: registered new interface driver ath6kl_usb
[    4.981918][    T1] usbcore: registered new interface driver ar5523
[    4.983041][    T1] usbcore: registered new interface driver ath10k_usb
[    4.984395][    T1] usbcore: registered new interface driver rndis_wlan
[    4.986548][    T1] mac80211_hwsim: initializing netlink
[    5.003355][    T1] usbcore: registered new interface driver atusb
[    5.012333][    T1] mac802154_hwsim mac802154_hwsim: Added 2 mac802154 hwsim hardware radios
[    5.013402][    T1] VMware vmxnet3 virtual NIC driver - version 1.7.0.0-k-NAPI
[    5.014140][    T1] usbcore: registered new interface driver catc
[    5.014683][    T1] usbcore: registered new interface driver kaweth
[    5.016708][    T1] pegasus: Pegasus/Pegasus II USB Ethernet driver
[    5.018297][    T1] usbcore: registered new interface driver pegasus
[    5.020116][    T1] usbcore: registered new interface driver rtl8150
[    5.020617][    T1] usbcore: registered new device driver r8152-cfgselector
[    5.021173][    T1] usbcore: registered new interface driver r8152
[    5.021541][    T1] hso: drivers/net/usb/hso.c: Option Wireless
[    5.022137][    T1] usbcore: registered new interface driver hso
[    5.022911][    T1] usbcore: registered new interface driver lan78xx
[    5.024550][    T1] usbcore: registered new interface driver asix
[    5.027966][    T1] usbcore: registered new interface driver ax88179_178a
[    5.028514][    T1] usbcore: registered new interface driver cdc_ether
[    5.029079][    T1] usbcore: registered new interface driver cdc_eem
[    5.029618][    T1] usbcore: registered new interface driver dm9601
[    5.030200][    T1] usbcore: registered new interface driver sr9700
[    5.031464][    T1] usbcore: registered new interface driver CoreChips
[    5.032450][    T1] usbcore: registered new interface driver smsc75xx
[    5.033201][    T1] usbcore: registered new interface driver smsc95xx
[    5.033938][    T1] usbcore: registered new interface driver gl620a
[    5.034688][    T1] usbcore: registered new interface driver net1080
[    5.037164][    T1] usbcore: registered new interface driver plusb
[    5.037673][    T1] usbcore: registered new interface driver rndis_host
[    5.038446][    T1] usbcore: registered new interface driver cdc_subset
[    5.039212][    T1] usbcore: registered new interface driver zaurus
[    5.040176][    T1] usbcore: registered new interface driver MOSCHIP usb-ethernet driver
[    5.041010][    T1] usbcore: registered new interface driver int51x1
[    5.041751][    T1] usbcore: registered new interface driver cdc_phonet
[    5.042274][    T1] usbcore: registered new interface driver kalmia
[    5.043228][    T1] usbcore: registered new interface driver ipheth
[    5.043724][    T1] usbcore: registered new interface driver sierra_net
[    5.044689][    T1] usbcore: registered new interface driver cx82310_eth
[    5.045233][  T964] ata2: found unknown device (class 0)
[    5.045869][  T950] ata1: found unknown device (class 0)
[    5.048144][  T950] ata1.00: ATA-7: QEMU HARDDISK, 2.5+, max UDMA/100
[    5.048545][  T950] ata1.00: 8388608 sectors, multi 16: LBA48 
[    5.049265][  T964] ata2.00: ATAPI: QEMU DVD-ROM, 2.5+, max UDMA/100
[    5.050406][    T1] usbcore: registered new interface driver cdc_ncm
[    5.051638][    T1] usbcore: registered new interface driver huawei_cdc_ncm
[    5.052199][    T1] usbcore: registered new interface driver lg-vl600
[    5.053183][    T1] usbcore: registered new interface driver qmi_wwan
[    5.053703][    T1] usbcore: registered new interface driver cdc_mbim
[    5.054722][    T1] usbcore: registered new interface driver ch9200
[    5.056332][    T1] usbcore: registered new interface driver r8153_ecm
[    5.061397][   T12] scsi 0:0:0:0: Direct-Access     ATA      QEMU HARDDISK    2.5+ PQ: 0 ANSI: 5
[    5.064360][   T40] sd 0:0:0:0: [sda] 8388608 512-byte logical blocks: (4.29 GB/4.00 GiB)
[    5.064951][   T40] sd 0:0:0:0: [sda] Write Protect is off
[    5.066544][   T40] sd 0:0:0:0: [sda] Write cache: enabled, read cache: enabled, doesn't support DPO or FUA
[    5.067225][   T40] sd 0:0:0:0: [sda] Preferred minimum I/O size 512 bytes
[    5.068988][   T12] sd 0:0:0:0: Attached scsi generic sg0 type 0
[    5.070382][   T66] scsi 1:0:0:0: CD-ROM            QEMU     QEMU DVD-ROM     2.5+ PQ: 0 ANSI: 5
[    5.073486][    T1] VFIO - User Level meta-driver version: 0.3
[    5.082798][    T1] aoe: AoE v85 initialised.
[    5.088330][    T1] SPI driver max3421-hcd has no spi_device_id for maxim,max3421
[    5.088995][    T1] usbcore: registered new interface driver cdc_acm
[    5.089608][    T1] cdc_acm: USB Abstract Control Model driver for USB modems and ISDN adapters
[    5.090392][    T1] usbcore: registered new interface driver usblp
[    5.090907][    T1] usbcore: registered new interface driver cdc_wdm
[    5.091455][    T1] usbcore: registered new interface driver usbtmc
[    5.105498][   T66] sr 1:0:0:0: [sr0] scsi3-mmc drive: 4x/4x cd/rw xa/form2 tray
[    5.105978][   T66] cdrom: Uniform CD-ROM driver Revision: 3.20
[    5.114586][   T40] sd 0:0:0:0: [sda] Attached SCSI disk
[    5.117175][   T66] sr 1:0:0:0: Attached scsi generic sg1 type 5
[    5.120007][    T1] usbcore: registered new interface driver uas
[    5.120500][    T1] usbcore: registered new interface driver usb-storage
[    5.121060][    T1] usbcore: registered new interface driver ums-alauda
[    5.121635][    T1] usbcore: registered new interface driver ums-cypress
[    5.122221][    T1] usbcore: registered new interface driver ums-datafab
[    5.124757][    T1] usbcore: registered new interface driver ums_eneub6250
[    5.125899][    T1] usbcore: registered new interface driver ums-freecom
[    5.126444][    T1] usbcore: registered new interface driver ums-isd200
[    5.127008][    T1] usbcore: registered new interface driver ums-jumpshot
[    5.127586][    T1] usbcore: registered new interface driver ums-karma
[    5.128140][    T1] usbcore: registered new interface driver ums-onetouch
[    5.129391][    T1] usbcore: registered new interface driver ums-realtek
[    5.130601][    T1] usbcore: registered new interface driver ums-sddr09
[    5.131142][    T1] usbcore: registered new interface driver ums-sddr55
[    5.131873][    T1] usbcore: registered new interface driver ums-usbat
[    5.132423][    T1] usbcore: registered new interface driver mdc800
[    5.132799][    T1] mdc800: v0.7.5 (30/10/2000):USB Driver for Mustek MDC800 Digital Camera
[    5.133911][    T1] usbcore: registered new interface driver microtekX6
[    5.135169][    T1] usbcore: registered new interface driver usbserial_generic
[    5.135889][    T1] usbserial: USB Serial support registered for generic
[    5.136935][    T1] usbcore: registered new interface driver aircable
[    5.137458][    T1] usbserial: USB Serial support registered for aircable
[    5.138471][    T1] usbcore: registered new interface driver ark3116
[    5.138975][    T1] usbserial: USB Serial support registered for ark3116
[    5.139982][    T1] usbcore: registered new interface driver belkin_sa
[    5.140489][    T1] usbserial: USB Serial support registered for Belkin / Peracom / GoHubs USB Serial Adapter
[    5.141660][    T1] usbcore: registered new interface driver ch341
[    5.142239][    T1] usbserial: USB Serial support registered for ch341-uart
[    5.143273][    T1] usbcore: registered new interface driver cp210x
[    5.143757][    T1] usbserial: USB Serial support registered for cp210x
[    5.144766][    T1] usbcore: registered new interface driver cyberjack
[    5.147868][    T1] usbserial: USB Serial support registered for Reiner SCT Cyberjack USB card reader
[    5.148782][    T1] usbcore: registered new interface driver cypress_m8
[    5.149290][    T1] usbserial: USB Serial support registered for DeLorme Earthmate USB
[    5.150338][    T1] usbserial: USB Serial support registered for HID->COM RS232 Adapter
[    5.151154][    T1] usbserial: USB Serial support registered for Nokia CA-42 V2 Adapter
[    5.151977][    T1] usbcore: registered new interface driver usb_debug
[    5.152484][    T1] usbserial: USB Serial support registered for debug
[    5.153417][    T1] usbserial: USB Serial support registered for xhci_dbc
[    5.153944][    T1] usbcore: registered new interface driver digi_acceleport
[    5.154971][    T1] usbserial: USB Serial support registered for Digi 2 port USB adapter
[    5.157859][    T1] usbserial: USB Serial support registered for Digi 4 port USB adapter
[    5.159145][    T1] usbcore: registered new interface driver io_edgeport
[    5.159695][    T1] usbserial: USB Serial support registered for Edgeport 2 port adapter
[    5.160802][    T1] usbserial: USB Serial support registered for Edgeport 4 port adapter
[    5.161647][    T1] usbserial: USB Serial support registered for Edgeport 8 port adapter
[    5.162475][    T1] usbserial: USB Serial support registered for EPiC device
[    5.163028][    T1] usbcore: registered new interface driver io_ti
[    5.163962][    T1] usbserial: USB Serial support registered for Edgeport TI 1 port adapter
[    5.164588][    T1] usbserial: USB Serial support registered for Edgeport TI 2 port adapter
[    5.166942][    T1] usbcore: registered new interface driver empeg
[    5.167425][    T1] usbserial: USB Serial support registered for empeg
[    5.168241][    T1] usbcore: registered new interface driver f81534a_ctrl
[    5.168780][    T1] usbcore: registered new interface driver f81232
[    5.169994][    T1] usbserial: USB Serial support registered for f81232
[    5.170510][    T1] usbserial: USB Serial support registered for f81534a
[    5.171468][    T1] usbcore: registered new interface driver f81534
[    5.171969][    T1] usbserial: USB Serial support registered for Fintek F81532/F81534
[    5.172991][    T1] usbcore: registered new interface driver ftdi_sio
[    5.173488][    T1] usbserial: USB Serial support registered for FTDI USB Serial Device
[    5.174507][    T1] usbcore: registered new interface driver garmin_gps
[    5.175909][    T1] usbserial: USB Serial support registered for Garmin GPS usb/tty
[    5.176973][    T1] usbcore: registered new interface driver ipaq
[    5.177691][    T1] usbserial: USB Serial support registered for PocketPC PDA
[    5.178457][    T1] usbcore: registered new interface driver ipw
[    5.178924][    T1] usbserial: USB Serial support registered for IPWireless converter
[    5.179945][    T1] usbcore: registered new interface driver ir_usb
[    5.180432][    T1] usbserial: USB Serial support registered for IR Dongle
[    5.181400][    T1] usbcore: registered new interface driver iuu_phoenix
[    5.181912][    T1] usbserial: USB Serial support registered for iuu_phoenix
[    5.182895][    T1] usbcore: registered new interface driver keyspan
[    5.183401][    T1] usbserial: USB Serial support registered for Keyspan - (without firmware)
[    5.184441][    T1] usbserial: USB Serial support registered for Keyspan 1 port adapter
[    5.186104][    T1] usbserial: USB Serial support registered for Keyspan 2 port adapter
[    5.187152][    T1] usbserial: USB Serial support registered for Keyspan 4 port adapter
[    5.188019][    T1] usbcore: registered new interface driver keyspan_pda
[    5.188818][    T1] usbserial: USB Serial support registered for Keyspan PDA
[    5.189489][    T1] usbserial: USB Serial support registered for Keyspan PDA - (prerenumeration)
[    5.191595][    T1] usbcore: registered new interface driver kl5kusb105
[    5.192618][    T1] usbserial: USB Serial support registered for KL5KUSB105D / PalmConnect
[    5.193259][    T1] usbcore: registered new interface driver kobil_sct
[    5.194005][    T1] usbserial: USB Serial support registered for KOBIL USB smart card terminal
[    5.194661][    T1] usbcore: registered new interface driver mct_u232
[    5.196827][    T1] usbserial: USB Serial support registered for MCT U232
[    5.197364][    T1] usbcore: registered new interface driver metro_usb
[    5.198166][    T1] usbserial: USB Serial support registered for Metrologic USB to Serial
[    5.199011][    T1] usbcore: registered new interface driver mos7720
[    5.199967][    T1] usbserial: USB Serial support registered for Moschip 2 port adapter
[    5.200807][    T1] usbcore: registered new interface driver mos7840
[    5.201541][    T1] usbserial: USB Serial support registered for Moschip 7840/7820 USB Serial Driver
[    5.202433][    T1] usbcore: registered new interface driver mxuport
[    5.203157][    T1] usbserial: USB Serial support registered for MOXA UPort
[    5.203692][    T1] usbcore: registered new interface driver navman
[    5.204398][    T1] usbserial: USB Serial support registered for navman
[    5.206137][    T1] usbcore: registered new interface driver omninet
[    5.207106][    T1] usbserial: USB Serial support registered for ZyXEL - omni.net usb
[    5.207928][    T1] usbcore: registered new interface driver opticon
[    5.208645][    T1] usbserial: USB Serial support registered for opticon
[    5.209166][    T1] usbcore: registered new interface driver option
[    5.209877][    T1] usbserial: USB Serial support registered for GSM modem (1-port)
[    5.210686][    T1] usbcore: registered new interface driver oti6858
[    5.211619][    T1] usbserial: USB Serial support registered for oti6858
[    5.212367][    T1] usbcore: registered new interface driver pl2303
[    5.213091][    T1] usbserial: USB Serial support registered for pl2303
[    5.213836][    T1] usbcore: registered new interface driver qcaux
[    5.214332][    T1] usbserial: USB Serial support registered for qcaux
[    5.216090][    T1] usbcore: registered new interface driver qcserial
[    5.217246][    T1] usbserial: USB Serial support registered for Qualcomm USB modem
[    5.218041][    T1] usbcore: registered new interface driver quatech2
[    5.218771][    T1] usbserial: USB Serial support registered for Quatech 2nd gen USB to Serial Driver
[    5.219662][    T1] usbcore: registered new interface driver safe_serial
[    5.220419][    T1] usbserial: USB Serial support registered for safe_serial
[    5.221185][    T1] usbcore: registered new interface driver sierra
[    5.221692][    T1] usbserial: USB Serial support registered for Sierra USB modem
[    5.222596][    T1] usbcore: registered new interface driver usb_serial_simple
[    5.224200][    T1] usbserial: USB Serial support registered for carelink
[    5.226258][    T1] usbserial: USB Serial support registered for zio
[    5.226941][    T1] usbserial: USB Serial support registered for funsoft
[    5.227459][    T1] usbserial: USB Serial support registered for flashloader
[    5.228304][    T1] usbserial: USB Serial support registered for google
[    5.228816][    T1] usbserial: USB Serial support registered for libtransistor
[    5.229864][    T1] usbserial: USB Serial support registered for vivopay
[    5.230619][    T1] usbserial: USB Serial support registered for moto_modem
[    5.231664][    T1] usbserial: USB Serial support registered for motorola_tetra
[    5.232662][    T1] usbserial: USB Serial support registered for nokia
[    5.233165][    T1] usbserial: USB Serial support registered for novatel_gps
[    5.233915][    T1] usbserial: USB Serial support registered for hp4x
[    5.234419][    T1] usbserial: USB Serial support registered for suunto
[    5.234965][    T1] usbserial: USB Serial support registered for siemens_mpi
[    5.237314][    T1] usbcore: registered new interface driver spcp8x5
[    5.238040][    T1] usbserial: USB Serial support registered for SPCP8x5
[    5.238793][    T1] usbcore: registered new interface driver ssu100
[    5.239727][    T1] usbserial: USB Serial support registered for Quatech SSU-100 USB to Serial Driver
[    5.240635][    T1] usbcore: registered new interface driver symbolserial
[    5.241373][    T1] usbserial: USB Serial support registered for symbol
[    5.242130][    T1] usbcore: registered new interface driver ti_usb_3410_5052
[    5.242886][    T1] usbserial: USB Serial support registered for TI USB 3410 1 port adapter
[    5.243722][    T1] usbserial: USB Serial support registered for TI USB 5052 2 port adapter
[    5.244334][    T1] usbcore: registered new interface driver upd78f0730
[    5.246040][    T1] usbserial: USB Serial support registered for upd78f0730
[    5.246820][    T1] usbcore: registered new interface driver visor
[    5.247762][    T1] usbserial: USB Serial support registered for Handspring Visor / Palm OS
[    5.248598][    T1] usbserial: USB Serial support registered for Sony Clie 5.0
[    5.249356][    T1] usbserial: USB Serial support registered for Sony Clie 3.5
[    5.250127][    T1] usbcore: registered new interface driver wishbone_serial
[    5.250888][    T1] usbserial: USB Serial support registered for wishbone_serial
[    5.251452][    T1] usbcore: registered new interface driver whiteheat
[    5.252187][    T1] usbserial: USB Serial support registered for Connect Tech - WhiteHEAT - (prerenumeration)
[    5.253327][    T1] usbserial: USB Serial support registered for Connect Tech - WhiteHEAT
[    5.254385][    T1] usbcore: registered new interface driver xr_serial
[    5.254906][    T1] usbserial: USB Serial support registered for xr_serial
[    5.257274][    T1] usbcore: registered new interface driver xsens_mt
[    5.257909][    T1] usbserial: USB Serial support registered for xsens_mt
[    5.258820][    T1] usbcore: registered new interface driver adutux
[    5.259590][    T1] usbcore: registered new interface driver appledisplay
[    5.260919][    T1] usbcore: registered new interface driver cypress_cy7c63
[    5.261721][    T1] usbcore: registered new interface driver cytherm
[    5.262457][    T1] usbcore: registered new interface driver emi26 - firmware loader
[    5.263035][    T1] usbcore: registered new interface driver emi62 - firmware loader
[    5.264054][    T1] usbcore: registered new interface driver idmouse
[    5.264576][    T1] usbcore: registered new interface driver iowarrior
[    5.266798][    T1] usbcore: registered new interface driver isight_firmware
[    5.267348][    T1] usbcore: registered new interface driver usblcd
[    5.268122][    T1] usbcore: registered new interface driver ldusb
[    5.268614][    T1] usbcore: registered new interface driver legousbtower
[    5.269844][    T1] usbcore: registered new interface driver usbtest
[    5.270362][    T1] usbcore: registered new interface driver usb_ehset_test
[    5.271335][    T1] usbcore: registered new interface driver trancevibrator
[    5.271881][    T1] usbcore: registered new interface driver uss720
[    5.272262][    T1] uss720: USB Parport Cable driver for Cables using the Lucent Technologies USS720 Chip
[    5.272833][    T1] uss720: NOTE: this is a special purpose driver to allow nonstandard
[    5.273308][    T1] uss720: protocols (eg. bitbang) over USS720 usb to parallel cables
[    5.273775][    T1] uss720: If you just want to connect to a printer, use usblp instead
[    5.276286][    T1] usbcore: registered new interface driver usbsevseg
[    5.276823][    T1] usbcore: registered new interface driver yurex
[    5.277884][    T1] usbcore: registered new interface driver chaoskey
[    5.278428][    T1] usbcore: registered new interface driver sisusb
[    5.278957][    T1] usbcore: registered new interface driver lvs
[    5.279479][    T1] usbcore: registered new interface driver cxacru
[    5.280281][    T1] usbcore: registered new interface driver speedtch
[    5.281682][    T1] usbcore: registered new interface driver ueagle-atm
[    5.282118][    T1] xusbatm: malformed module parameters
[    5.286395][    T1] dummy_hcd dummy_hcd.0: USB Host+Gadget Emulator, driver 02 May 2005
[    5.286904][    T1] dummy_hcd dummy_hcd.0: Dummy host controller
[    5.289364][    T1] dummy_hcd dummy_hcd.0: new USB bus registered, assigned bus number 1
[    5.290971][    T1] usb usb1: New USB device found, idVendor=1d6b, idProduct=0002, bcdDevice= 6.04
[    5.292147][    T1] usb usb1: New USB device strings: Mfr=3, Product=2, SerialNumber=1
[    5.293038][    T1] usb usb1: Product: Dummy host controller
[    5.293685][    T1] usb usb1: Manufacturer: Linux 6.4.0-rc1 dummy_hcd
[    5.294416][    T1] usb usb1: SerialNumber: dummy_hcd.0
[    5.301029][    T1] hub 1-0:1.0: USB hub found
[    5.301895][    T1] hub 1-0:1.0: 1 port detected
[    5.306940][    T1] dummy_hcd dummy_hcd.1: USB Host+Gadget Emulator, driver 02 May 2005
[    5.307489][    T1] dummy_hcd dummy_hcd.1: Dummy host controller
[    5.309606][    T1] dummy_hcd dummy_hcd.1: new USB bus registered, assigned bus number 2
[    5.310540][    T1] usb usb2: New USB device found, idVendor=1d6b, idProduct=0002, bcdDevice= 6.04
[    5.311080][    T1] usb usb2: New USB device strings: Mfr=3, Product=2, SerialNumber=1
[    5.311553][    T1] usb usb2: Product: Dummy host controller
[    5.311893][    T1] usb usb2: Manufacturer: Linux 6.4.0-rc1 dummy_hcd
[    5.312281][    T1] usb usb2: SerialNumber: dummy_hcd.1
[    5.313904][    T1] hub 2-0:1.0: USB hub found
[    5.314263][    T1] hub 2-0:1.0: 1 port detected
[    5.317134][    T1] dummy_hcd dummy_hcd.2: USB Host+Gadget Emulator, driver 02 May 2005
[    5.317635][    T1] dummy_hcd dummy_hcd.2: Dummy host controller
[    5.319267][    T1] dummy_hcd dummy_hcd.2: new USB bus registered, assigned bus number 3
[    5.320122][    T1] usb usb3: New USB device found, idVendor=1d6b, idProduct=0002, bcdDevice= 6.04
[    5.320659][    T1] usb usb3: New USB device strings: Mfr=3, Product=2, SerialNumber=1
[    5.321135][    T1] usb usb3: Product: Dummy host controller
[    5.321488][    T1] usb usb3: Manufacturer: Linux 6.4.0-rc1 dummy_hcd
[    5.321878][    T1] usb usb3: SerialNumber: dummy_hcd.2
[    5.324033][    T1] hub 3-0:1.0: USB hub found
[    5.324566][    T1] hub 3-0:1.0: 1 port detected
[    5.327810][    T1] dummy_hcd dummy_hcd.3: USB Host+Gadget Emulator, driver 02 May 2005
[    5.328325][    T1] dummy_hcd dummy_hcd.3: Dummy host controller
[    5.330081][    T1] dummy_hcd dummy_hcd.3: new USB bus registered, assigned bus number 4
[    5.330952][    T1] usb usb4: New USB device found, idVendor=1d6b, idProduct=0002, bcdDevice= 6.04
[    5.331505][    T1] usb usb4: New USB device strings: Mfr=3, Product=2, SerialNumber=1
[    5.331978][    T1] usb usb4: Product: Dummy host controller
[    5.332321][    T1] usb usb4: Manufacturer: Linux 6.4.0-rc1 dummy_hcd
[    5.332707][    T1] usb usb4: SerialNumber: dummy_hcd.3
[    5.334396][    T1] hub 4-0:1.0: USB hub found
[    5.334755][    T1] hub 4-0:1.0: 1 port detected
[    5.337682][    T1] dummy_hcd dummy_hcd.4: USB Host+Gadget Emulator, driver 02 May 2005
[    5.338189][    T1] dummy_hcd dummy_hcd.4: Dummy host controller
[    5.339867][    T1] dummy_hcd dummy_hcd.4: new USB bus registered, assigned bus number 5
[    5.340721][    T1] usb usb5: New USB device found, idVendor=1d6b, idProduct=0002, bcdDevice= 6.04
[    5.341262][    T1] usb usb5: New USB device strings: Mfr=3, Product=2, SerialNumber=1
[    5.341735][    T1] usb usb5: Product: Dummy host controller
[    5.342079][    T1] usb usb5: Manufacturer: Linux 6.4.0-rc1 dummy_hcd
[    5.342463][    T1] usb usb5: SerialNumber: dummy_hcd.4
[    5.344050][    T1] hub 5-0:1.0: USB hub found
[    5.344409][    T1] hub 5-0:1.0: 1 port detected
[    5.347009][    T1] dummy_hcd dummy_hcd.5: USB Host+Gadget Emulator, driver 02 May 2005
[    5.347524][    T1] dummy_hcd dummy_hcd.5: Dummy host controller
[    5.349605][    T1] dummy_hcd dummy_hcd.5: new USB bus registered, assigned bus number 6
[    5.350470][    T1] usb usb6: New USB device found, idVendor=1d6b, idProduct=0002, bcdDevice= 6.04
[    5.351006][    T1] usb usb6: New USB device strings: Mfr=3, Product=2, SerialNumber=1
[    5.351481][    T1] usb usb6: Product: Dummy host controller
[    5.351821][    T1] usb usb6: Manufacturer: Linux 6.4.0-rc1 dummy_hcd
[    5.352208][    T1] usb usb6: SerialNumber: dummy_hcd.5
[    5.353748][    T1] hub 6-0:1.0: USB hub found
[    5.354107][    T1] hub 6-0:1.0: 1 port detected
[    5.357814][    T1] dummy_hcd dummy_hcd.6: USB Host+Gadget Emulator, driver 02 May 2005
[    5.358418][    T1] dummy_hcd dummy_hcd.6: Dummy host controller
[    5.360202][    T1] dummy_hcd dummy_hcd.6: new USB bus registered, assigned bus number 7
[    5.361089][    T1] usb usb7: New USB device found, idVendor=1d6b, idProduct=0002, bcdDevice= 6.04
[    5.361631][    T1] usb usb7: New USB device strings: Mfr=3, Product=2, SerialNumber=1
[    5.362110][    T1] usb usb7: Product: Dummy host controller
[    5.362452][    T1] usb usb7: Manufacturer: Linux 6.4.0-rc1 dummy_hcd
[    5.362838][    T1] usb usb7: SerialNumber: dummy_hcd.6
[    5.364597][    T1] hub 7-0:1.0: USB hub found
[    5.364962][    T1] hub 7-0:1.0: 1 port detected
[    5.367776][    T1] dummy_hcd dummy_hcd.7: USB Host+Gadget Emulator, driver 02 May 2005
[    5.368284][    T1] dummy_hcd dummy_hcd.7: Dummy host controller
[    5.370188][    T1] dummy_hcd dummy_hcd.7: new USB bus registered, assigned bus number 8
[    5.371042][    T1] usb usb8: New USB device found, idVendor=1d6b, idProduct=0002, bcdDevice= 6.04
[    5.371599][    T1] usb usb8: New USB device strings: Mfr=3, Product=2, SerialNumber=1
[    5.372071][    T1] usb usb8: Product: Dummy host controller
[    5.372415][    T1] usb usb8: Manufacturer: Linux 6.4.0-rc1 dummy_hcd
[    5.372801][    T1] usb usb8: SerialNumber: dummy_hcd.7
[    5.374387][    T1] hub 8-0:1.0: USB hub found
[    5.374745][    T1] hub 8-0:1.0: 1 port detected
[    5.394973][    T1] gadgetfs: USB Gadget filesystem, version 24 Aug 2004
[    5.402893][    T1] vhci_hcd vhci_hcd.0: USB/IP Virtual Host Controller
[    5.403745][    T1] vhci_hcd vhci_hcd.0: new USB bus registered, assigned bus number 9
[    5.404453][    T1] vhci_hcd: created sysfs vhci_hcd.0
[    5.407496][    T1] usb usb9: New USB device found, idVendor=1d6b, idProduct=0002, bcdDevice= 6.04
[    5.408042][    T1] usb usb9: New USB device strings: Mfr=3, Product=2, SerialNumber=1
[    5.408519][    T1] usb usb9: Product: USB/IP Virtual Host Controller
[    5.408906][    T1] usb usb9: Manufacturer: Linux 6.4.0-rc1 vhci_hcd
[    5.409288][    T1] usb usb9: SerialNumber: vhci_hcd.0
[    5.410740][    T1] hub 9-0:1.0: USB hub found
[    5.411166][    T1] hub 9-0:1.0: 8 ports detected
[    5.414930][    T1] vhci_hcd vhci_hcd.0: USB/IP Virtual Host Controller
[    5.418150][    T1] vhci_hcd vhci_hcd.0: new USB bus registered, assigned bus number 10
[    5.419064][    T1] usb usb10: We don't know the algorithms for LPM for this host, disabling LPM.
[    5.420414][    T1] usb usb10: New USB device found, idVendor=1d6b, idProduct=0003, bcdDevice= 6.04
[    5.420962][    T1] usb usb10: New USB device strings: Mfr=3, Product=2, SerialNumber=1
[    5.421455][    T1] usb usb10: Product: USB/IP Virtual Host Controller
[    5.421850][    T1] usb usb10: Manufacturer: Linux 6.4.0-rc1 vhci_hcd
[    5.422250][    T1] usb usb10: SerialNumber: vhci_hcd.0
[    5.424251][    T1] hub 10-0:1.0: USB hub found
[    5.424765][    T1] hub 10-0:1.0: 8 ports detected
[    5.431004][    T1] vhci_hcd vhci_hcd.1: USB/IP Virtual Host Controller
[    5.431873][    T1] vhci_hcd vhci_hcd.1: new USB bus registered, assigned bus number 11
[    5.433692][    T1] usb usb11: New USB device found, idVendor=1d6b, idProduct=0002, bcdDevice= 6.04
[    5.434256][    T1] usb usb11: New USB device strings: Mfr=3, Product=2, SerialNumber=1
[    5.434735][    T1] usb usb11: Product: USB/IP Virtual Host Controller
[    5.436035][    T1] usb usb11: Manufacturer: Linux 6.4.0-rc1 vhci_hcd
[    5.436435][    T1] usb usb11: SerialNumber: vhci_hcd.1
[    5.437791][    T1] hub 11-0:1.0: USB hub found
[    5.438147][    T1] hub 11-0:1.0: 8 ports detected
[    5.441755][    T1] vhci_hcd vhci_hcd.1: USB/IP Virtual Host Controller
[    5.442547][    T1] vhci_hcd vhci_hcd.1: new USB bus registered, assigned bus number 12
[    5.443179][    T1] usb usb12: We don't know the algorithms for LPM for this host, disabling LPM.
[    5.444729][    T1] usb usb12: New USB device found, idVendor=1d6b, idProduct=0003, bcdDevice= 6.04
[    5.446123][    T1] usb usb12: New USB device strings: Mfr=3, Product=2, SerialNumber=1
[    5.446606][    T1] usb usb12: Product: USB/IP Virtual Host Controller
[    5.446998][    T1] usb usb12: Manufacturer: Linux 6.4.0-rc1 vhci_hcd
[    5.447386][    T1] usb usb12: SerialNumber: vhci_hcd.1
[    5.449096][    T1] hub 12-0:1.0: USB hub found
[    5.449448][    T1] hub 12-0:1.0: 8 ports detected
[    5.453819][    T1] vhci_hcd vhci_hcd.2: USB/IP Virtual Host Controller
[    5.454604][    T1] vhci_hcd vhci_hcd.2: new USB bus registered, assigned bus number 13
[    5.457998][    T1] usb usb13: New USB device found, idVendor=1d6b, idProduct=0002, bcdDevice= 6.04
[    5.458606][    T1] usb usb13: New USB device strings: Mfr=3, Product=2, SerialNumber=1
[    5.459087][    T1] usb usb13: Product: USB/IP Virtual Host Controller
[    5.459497][    T1] usb usb13: Manufacturer: Linux 6.4.0-rc1 vhci_hcd
[    5.459917][    T1] usb usb13: SerialNumber: vhci_hcd.2
[    5.461451][    T1] hub 13-0:1.0: USB hub found
[    5.461810][    T1] hub 13-0:1.0: 8 ports detected
[    5.466043][    T1] vhci_hcd vhci_hcd.2: USB/IP Virtual Host Controller
[    5.466872][    T1] vhci_hcd vhci_hcd.2: new USB bus registered, assigned bus number 14
[    5.467502][    T1] usb usb14: We don't know the algorithms for LPM for this host, disabling LPM.
[    5.469084][    T1] usb usb14: New USB device found, idVendor=1d6b, idProduct=0003, bcdDevice= 6.04
[    5.469635][    T1] usb usb14: New USB device strings: Mfr=3, Product=2, SerialNumber=1
[    5.470153][    T1] usb usb14: Product: USB/IP Virtual Host Controller
[    5.470547][    T1] usb usb14: Manufacturer: Linux 6.4.0-rc1 vhci_hcd
[    5.470935][    T1] usb usb14: SerialNumber: vhci_hcd.2
[    5.472305][    T1] hub 14-0:1.0: USB hub found
[    5.472666][    T1] hub 14-0:1.0: 8 ports detected
[    5.478040][    T1] vhci_hcd vhci_hcd.3: USB/IP Virtual Host Controller
[    5.478850][    T1] vhci_hcd vhci_hcd.3: new USB bus registered, assigned bus number 15
[    5.480620][    T1] usb usb15: New USB device found, idVendor=1d6b, idProduct=0002, bcdDevice= 6.04
[    5.481183][    T1] usb usb15: New USB device strings: Mfr=3, Product=2, SerialNumber=1
[    5.481662][    T1] usb usb15: Product: USB/IP Virtual Host Controller
[    5.482054][    T1] usb usb15: Manufacturer: Linux 6.4.0-rc1 vhci_hcd
[    5.482443][    T1] usb usb15: SerialNumber: vhci_hcd.3
[    5.484068][    T1] hub 15-0:1.0: USB hub found
[    5.484432][    T1] hub 15-0:1.0: 8 ports detected
[    5.489163][    T1] vhci_hcd vhci_hcd.3: USB/IP Virtual Host Controller
[    5.490463][    T1] vhci_hcd vhci_hcd.3: new USB bus registered, assigned bus number 16
[    5.492530][    T1] usb usb16: We don't know the algorithms for LPM for this host, disabling LPM.
[    5.493730][    T1] usb usb16: New USB device found, idVendor=1d6b, idProduct=0003, bcdDevice= 6.04
[    5.494292][    T1] usb usb16: New USB device strings: Mfr=3, Product=2, SerialNumber=1
[    5.494778][    T1] usb usb16: Product: USB/IP Virtual Host Controller
[    5.496031][    T1] usb usb16: Manufacturer: Linux 6.4.0-rc1 vhci_hcd
[    5.496423][    T1] usb usb16: SerialNumber: vhci_hcd.3
[    5.497913][    T1] hub 16-0:1.0: USB hub found
[    5.498282][    T1] hub 16-0:1.0: 8 ports detected
[    5.502823][    T1] vhci_hcd vhci_hcd.4: USB/IP Virtual Host Controller
[    5.503631][    T1] vhci_hcd vhci_hcd.4: new USB bus registered, assigned bus number 17
[    5.506185][    T1] usb usb17: New USB device found, idVendor=1d6b, idProduct=0002, bcdDevice= 6.04
[    5.506736][    T1] usb usb17: New USB device strings: Mfr=3, Product=2, SerialNumber=1
[    5.507216][    T1] usb usb17: Product: USB/IP Virtual Host Controller
[    5.507607][    T1] usb usb17: Manufacturer: Linux 6.4.0-rc1 vhci_hcd
[    5.507992][    T1] usb usb17: SerialNumber: vhci_hcd.4
[    5.509595][    T1] hub 17-0:1.0: USB hub found
[    5.509979][    T1] hub 17-0:1.0: 8 ports detected
[    5.513577][    T1] vhci_hcd vhci_hcd.4: USB/IP Virtual Host Controller
[    5.514424][    T1] vhci_hcd vhci_hcd.4: new USB bus registered, assigned bus number 18
[    5.515708][    T1] usb usb18: We don't know the algorithms for LPM for this host, disabling LPM.
[    5.517253][    T1] usb usb18: New USB device found, idVendor=1d6b, idProduct=0003, bcdDevice= 6.04
[    5.517800][    T1] usb usb18: New USB device strings: Mfr=3, Product=2, SerialNumber=1
[    5.518280][    T1] usb usb18: Product: USB/IP Virtual Host Controller
[    5.518669][    T1] usb usb18: Manufacturer: Linux 6.4.0-rc1 vhci_hcd
[    5.519055][    T1] usb usb18: SerialNumber: vhci_hcd.4
[    5.520428][    T1] hub 18-0:1.0: USB hub found
[    5.520777][    T1] hub 18-0:1.0: 8 ports detected
[    5.527019][    T1] vhci_hcd vhci_hcd.5: USB/IP Virtual Host Controller
[    5.527950][    T1] vhci_hcd vhci_hcd.5: new USB bus registered, assigned bus number 19
[    5.529831][    T1] usb usb19: New USB device found, idVendor=1d6b, idProduct=0002, bcdDevice= 6.04
[    5.530388][    T1] usb usb19: New USB device strings: Mfr=3, Product=2, SerialNumber=1
[    5.530866][    T1] usb usb19: Product: USB/IP Virtual Host Controller
[    5.531274][    T1] usb usb19: Manufacturer: Linux 6.4.0-rc1 vhci_hcd
[    5.531659][    T1] usb usb19: SerialNumber: vhci_hcd.5
[    5.533294][    T1] hub 19-0:1.0: USB hub found
[    5.533650][    T1] hub 19-0:1.0: 8 ports detected
[    5.538205][    T1] vhci_hcd vhci_hcd.5: USB/IP Virtual Host Controller
[    5.539023][    T1] vhci_hcd vhci_hcd.5: new USB bus registered, assigned bus number 20
[    5.539666][    T1] usb usb20: We don't know the algorithms for LPM for this host, disabling LPM.
[    5.541292][    T1] usb usb20: New USB device found, idVendor=1d6b, idProduct=0003, bcdDevice= 6.04
[    5.541838][    T1] usb usb20: New USB device strings: Mfr=3, Product=2, SerialNumber=1
[    5.542323][    T1] usb usb20: Product: USB/IP Virtual Host Controller
[    5.542712][    T1] usb usb20: Manufacturer: Linux 6.4.0-rc1 vhci_hcd
[    5.543101][    T1] usb usb20: SerialNumber: vhci_hcd.5
[    5.544500][    T1] hub 20-0:1.0: USB hub found
[    5.544864][    T1] hub 20-0:1.0: 8 ports detected
[    5.550127][    T1] vhci_hcd vhci_hcd.6: USB/IP Virtual Host Controller
[    5.550924][    T1] vhci_hcd vhci_hcd.6: new USB bus registered, assigned bus number 21
[    5.552714][    T1] usb usb21: New USB device found, idVendor=1d6b, idProduct=0002, bcdDevice= 6.04
[    5.553268][    T1] usb usb21: New USB device strings: Mfr=3, Product=2, SerialNumber=1
[    5.553744][    T1] usb usb21: Product: USB/IP Virtual Host Controller
[    5.554141][    T1] usb usb21: Manufacturer: Linux 6.4.0-rc1 vhci_hcd
[    5.554525][    T1] usb usb21: SerialNumber: vhci_hcd.6
[    5.557019][    T1] hub 21-0:1.0: USB hub found
[    5.557384][    T1] hub 21-0:1.0: 8 ports detected
[    5.562379][    T1] vhci_hcd vhci_hcd.6: USB/IP Virtual Host Controller
[    5.563315][    T1] vhci_hcd vhci_hcd.6: new USB bus registered, assigned bus number 22
[    5.564581][    T1] usb usb22: We don't know the algorithms for LPM for this host, disabling LPM.
[    5.566853][    T1] usb usb22: New USB device found, idVendor=1d6b, idProduct=0003, bcdDevice= 6.04
[    5.567410][    T1] usb usb22: New USB device strings: Mfr=3, Product=2, SerialNumber=1
[    5.567887][    T1] usb usb22: Product: USB/IP Virtual Host Controller
[    5.568291][    T1] usb usb22: Manufacturer: Linux 6.4.0-rc1 vhci_hcd
[    5.568676][    T1] usb usb22: SerialNumber: vhci_hcd.6
[    5.570031][    T1] hub 22-0:1.0: USB hub found
[    5.570394][    T1] hub 22-0:1.0: 8 ports detected
[    5.574859][    T1] vhci_hcd vhci_hcd.7: USB/IP Virtual Host Controller
[    5.576326][    T1] vhci_hcd vhci_hcd.7: new USB bus registered, assigned bus number 23
[    5.578138][    T1] usb usb23: New USB device found, idVendor=1d6b, idProduct=0002, bcdDevice= 6.04
[    5.578686][    T1] usb usb23: New USB device strings: Mfr=3, Product=2, SerialNumber=1
[    5.579166][    T1] usb usb23: Product: USB/IP Virtual Host Controller
[    5.579555][    T1] usb usb23: Manufacturer: Linux 6.4.0-rc1 vhci_hcd
[    5.579956][    T1] usb usb23: SerialNumber: vhci_hcd.7
[    5.581617][    T1] hub 23-0:1.0: USB hub found
[    5.581973][    T1] hub 23-0:1.0: 8 ports detected
[    5.586153][    T1] vhci_hcd vhci_hcd.7: USB/IP Virtual Host Controller
[    5.586893][    T1] vhci_hcd vhci_hcd.7: new USB bus registered, assigned bus number 24
[    5.587522][    T1] usb usb24: We don't know the algorithms for LPM for this host, disabling LPM.
[    5.589164][    T1] usb usb24: New USB device found, idVendor=1d6b, idProduct=0003, bcdDevice= 6.04
[    5.589808][    T1] usb usb24: New USB device strings: Mfr=3, Product=2, SerialNumber=1
[    5.590617][    T1] usb usb24: Product: USB/IP Virtual Host Controller
[    5.591032][    T1] usb usb24: Manufacturer: Linux 6.4.0-rc1 vhci_hcd
[    5.591541][    T1] usb usb24: SerialNumber: vhci_hcd.7
[    5.593111][    T1] hub 24-0:1.0: USB hub found
[    5.593495][    T1] hub 24-0:1.0: 8 ports detected
[    5.599189][    T1] vhci_hcd vhci_hcd.8: USB/IP Virtual Host Controller
[    5.600043][    T1] vhci_hcd vhci_hcd.8: new USB bus registered, assigned bus number 25
[    5.602050][    T1] usb usb25: New USB device found, idVendor=1d6b, idProduct=0002, bcdDevice= 6.04
[    5.602605][    T1] usb usb25: New USB device strings: Mfr=3, Product=2, SerialNumber=1
[    5.603084][    T1] usb usb25: Product: USB/IP Virtual Host Controller
[    5.603474][    T1] usb usb25: Manufacturer: Linux 6.4.0-rc1 vhci_hcd
[    5.603860][    T1] usb usb25: SerialNumber: vhci_hcd.8
[    5.606056][    T1] hub 25-0:1.0: USB hub found
[    5.606423][    T1] hub 25-0:1.0: 8 ports detected
[    5.610019][    T1] vhci_hcd vhci_hcd.8: USB/IP Virtual Host Controller
[    5.610817][    T1] vhci_hcd vhci_hcd.8: new USB bus registered, assigned bus number 26
[    5.611443][    T1] usb usb26: We don't know the algorithms for LPM for this host, disabling LPM.
[    5.612998][    T1] usb usb26: New USB device found, idVendor=1d6b, idProduct=0003, bcdDevice= 6.04
[    5.613553][    T1] usb usb26: New USB device strings: Mfr=3, Product=2, SerialNumber=1
[    5.614031][    T1] usb usb26: Product: USB/IP Virtual Host Controller
[    5.614435][    T1] usb usb26: Manufacturer: Linux 6.4.0-rc1 vhci_hcd
[    5.614823][    T1] usb usb26: SerialNumber: vhci_hcd.8
[    5.616981][    T1] hub 26-0:1.0: USB hub found
[    5.617344][    T1] hub 26-0:1.0: 8 ports detected
[    5.622044][    T1] vhci_hcd vhci_hcd.9: USB/IP Virtual Host Controller
[    5.622943][    T1] vhci_hcd vhci_hcd.9: new USB bus registered, assigned bus number 27
[    5.626490][    T1] usb usb27: New USB device found, idVendor=1d6b, idProduct=0002, bcdDevice= 6.04
[    5.627076][    T1] usb usb27: New USB device strings: Mfr=3, Product=2, SerialNumber=1
[    5.627565][    T1] usb usb27: Product: USB/IP Virtual Host Controller
[    5.627964][    T1] usb usb27: Manufacturer: Linux 6.4.0-rc1 vhci_hcd
[    5.628371][    T1] usb usb27: SerialNumber: vhci_hcd.9
[    5.629835][    T1] hub 27-0:1.0: USB hub found
[    5.630213][    T1] hub 27-0:1.0: 8 ports detected
[    5.633896][    T1] vhci_hcd vhci_hcd.9: USB/IP Virtual Host Controller
[    5.634703][    T1] vhci_hcd vhci_hcd.9: new USB bus registered, assigned bus number 28
[    5.636646][    T1] usb usb28: We don't know the algorithms for LPM for this host, disabling LPM.
[    5.637984][    T1] usb usb28: New USB device found, idVendor=1d6b, idProduct=0003, bcdDevice= 6.04
[    5.638538][    T1] usb usb28: New USB device strings: Mfr=3, Product=2, SerialNumber=1
[    5.639017][    T1] usb usb28: Product: USB/IP Virtual Host Controller
[    5.639415][    T1] usb usb28: Manufacturer: Linux 6.4.0-rc1 vhci_hcd
[    5.639805][    T1] usb usb28: SerialNumber: vhci_hcd.9
[    5.641186][    T1] hub 28-0:1.0: USB hub found
[    5.641547][    T1] hub 28-0:1.0: 8 ports detected
[    5.646547][    T1] vhci_hcd vhci_hcd.10: USB/IP Virtual Host Controller
[    5.647353][    T1] vhci_hcd vhci_hcd.10: new USB bus registered, assigned bus number 29
[    5.649146][    T1] usb usb29: New USB device found, idVendor=1d6b, idProduct=0002, bcdDevice= 6.04
[    5.649694][    T1] usb usb29: New USB device strings: Mfr=3, Product=2, SerialNumber=1
[    5.650194][    T1] usb usb29: Product: USB/IP Virtual Host Controller
[    5.650585][    T1] usb usb29: Manufacturer: Linux 6.4.0-rc1 vhci_hcd
[    5.650969][    T1] usb usb29: SerialNumber: vhci_hcd.10
[    5.652550][    T1] hub 29-0:1.0: USB hub found
[    5.652906][    T1] hub 29-0:1.0: 8 ports detected
[    5.657618][    T1] vhci_hcd vhci_hcd.10: USB/IP Virtual Host Controller
[    5.658796][    T1] vhci_hcd vhci_hcd.10: new USB bus registered, assigned bus number 30
[    5.660091][    T1] usb usb30: We don't know the algorithms for LPM for this host, disabling LPM.
[    5.661235][    T1] usb usb30: New USB device found, idVendor=1d6b, idProduct=0003, bcdDevice= 6.04
[    5.661791][    T1] usb usb30: New USB device strings: Mfr=3, Product=2, SerialNumber=1
[    5.662278][    T1] usb usb30: Product: USB/IP Virtual Host Controller
[    5.662667][    T1] usb usb30: Manufacturer: Linux 6.4.0-rc1 vhci_hcd
[    5.663050][    T1] usb usb30: SerialNumber: vhci_hcd.10
[    5.664478][    T1] hub 30-0:1.0: USB hub found
[    5.664832][    T1] hub 30-0:1.0: 8 ports detected
[    5.670197][    T1] vhci_hcd vhci_hcd.11: USB/IP Virtual Host Controller
[    5.671005][    T1] vhci_hcd vhci_hcd.11: new USB bus registered, assigned bus number 31
[    5.672815][    T1] usb usb31: New USB device found, idVendor=1d6b, idProduct=0002, bcdDevice= 6.04
[    5.673367][    T1] usb usb31: New USB device strings: Mfr=3, Product=2, SerialNumber=1
[    5.673843][    T1] usb usb31: Product: USB/IP Virtual Host Controller
[    5.674235][    T1] usb usb31: Manufacturer: Linux 6.4.0-rc1 vhci_hcd
[    5.674620][    T1] usb usb31: SerialNumber: vhci_hcd.11
[    5.677343][    T1] hub 31-0:1.0: USB hub found
[    5.677700][    T1] hub 31-0:1.0: 8 ports detected
[    5.681284][    T1] vhci_hcd vhci_hcd.11: USB/IP Virtual Host Controller
[    5.682076][    T1] vhci_hcd vhci_hcd.11: new USB bus registered, assigned bus number 32
[    5.682699][    T1] usb usb32: We don't know the algorithms for LPM for this host, disabling LPM.
[    5.684266][    T1] usb usb32: New USB device found, idVendor=1d6b, idProduct=0003, bcdDevice= 6.04
[    5.684814][    T1] usb usb32: New USB device strings: Mfr=3, Product=2, SerialNumber=1
[    5.686141][    T1] usb usb32: Product: USB/IP Virtual Host Controller
[    5.686536][    T1] usb usb32: Manufacturer: Linux 6.4.0-rc1 vhci_hcd
[    5.686921][    T1] usb usb32: SerialNumber: vhci_hcd.11
[    5.688290][    T1] hub 32-0:1.0: USB hub found
[    5.688688][    T1] hub 32-0:1.0: 8 ports detected
[    5.694544][    T1] vhci_hcd vhci_hcd.12: USB/IP Virtual Host Controller
[    5.696258][    T1] vhci_hcd vhci_hcd.12: new USB bus registered, assigned bus number 33
[    5.698097][    T1] usb usb33: New USB device found, idVendor=1d6b, idProduct=0002, bcdDevice= 6.04
[    5.698633][    T1] usb usb33: New USB device strings: Mfr=3, Product=2, SerialNumber=1
[    5.699100][    T1] usb usb33: Product: USB/IP Virtual Host Controller
[    5.699480][    T1] usb usb33: Manufacturer: Linux 6.4.0-rc1 vhci_hcd
[    5.699878][    T1] usb usb33: SerialNumber: vhci_hcd.12
[    5.701524][    T1] hub 33-0:1.0: USB hub found
[    5.701878][    T1] hub 33-0:1.0: 8 ports detected
[    5.706007][    T1] vhci_hcd vhci_hcd.12: USB/IP Virtual Host Controller
[    5.706802][    T1] vhci_hcd vhci_hcd.12: new USB bus registered, assigned bus number 34
[    5.707425][    T1] usb usb34: We don't know the algorithms for LPM for this host, disabling LPM.
[    5.708973][    T1] usb usb34: New USB device found, idVendor=1d6b, idProduct=0003, bcdDevice= 6.04
[    5.709512][    T1] usb usb34: New USB device strings: Mfr=3, Product=2, SerialNumber=1
[    5.709991][    T1] usb usb34: Product: USB/IP Virtual Host Controller
[    5.710375][    T1] usb usb34: Manufacturer: Linux 6.4.0-rc1 vhci_hcd
[    5.710750][    T1] usb usb34: SerialNumber: vhci_hcd.12
[    5.712101][    T1] hub 34-0:1.0: USB hub found
[    5.712445][    T1] hub 34-0:1.0: 8 ports detected
[    5.718112][    T1] vhci_hcd vhci_hcd.13: USB/IP Virtual Host Controller
[    5.718892][    T1] vhci_hcd vhci_hcd.13: new USB bus registered, assigned bus number 35
[    5.720694][    T1] usb usb35: New USB device found, idVendor=1d6b, idProduct=0002, bcdDevice= 6.04
[    5.721234][    T1] usb usb35: New USB device strings: Mfr=3, Product=2, SerialNumber=1
[    5.721701][    T1] usb usb35: Product: USB/IP Virtual Host Controller
[    5.722117][    T1] usb usb35: Manufacturer: Linux 6.4.0-rc1 vhci_hcd
[    5.722498][    T1] usb usb35: SerialNumber: vhci_hcd.13
[    5.726225][    T1] hub 35-0:1.0: USB hub found
[    5.726637][    T1] hub 35-0:1.0: 8 ports detected
[    5.730454][    T1] vhci_hcd vhci_hcd.13: USB/IP Virtual Host Controller
[    5.731338][    T1] vhci_hcd vhci_hcd.13: new USB bus registered, assigned bus number 36
[    5.731973][    T1] usb usb36: We don't know the algorithms for LPM for this host, disabling LPM.
[    5.733559][    T1] usb usb36: New USB device found, idVendor=1d6b, idProduct=0003, bcdDevice= 6.04
[    5.734113][    T1] usb usb36: New USB device strings: Mfr=3, Product=2, SerialNumber=1
[    5.734592][    T1] usb usb36: Product: USB/IP Virtual Host Controller
[    5.735812][    T1] usb usb36: Manufacturer: Linux 6.4.0-rc1 vhci_hcd
[    5.736205][    T1] usb usb36: SerialNumber: vhci_hcd.13
[    5.737586][    T1] hub 36-0:1.0: USB hub found
[    5.737948][    T1] hub 36-0:1.0: 8 ports detected
[    5.742506][    T1] vhci_hcd vhci_hcd.14: USB/IP Virtual Host Controller
[    5.743333][    T1] vhci_hcd vhci_hcd.14: new USB bus registered, assigned bus number 37
[    5.745856][    T1] usb usb37: New USB device found, idVendor=1d6b, idProduct=0002, bcdDevice= 6.04
[    5.746411][    T1] usb usb37: New USB device strings: Mfr=3, Product=2, SerialNumber=1
[    5.746890][    T1] usb usb37: Product: USB/IP Virtual Host Controller
[    5.747282][    T1] usb usb37: Manufacturer: Linux 6.4.0-rc1 vhci_hcd
[    5.747678][    T1] usb usb37: SerialNumber: vhci_hcd.14
[    5.749300][    T1] hub 37-0:1.0: USB hub found
[    5.749652][    T1] hub 37-0:1.0: 8 ports detected
[    5.753473][    T1] vhci_hcd vhci_hcd.14: USB/IP Virtual Host Controller
[    5.754289][    T1] vhci_hcd vhci_hcd.14: new USB bus registered, assigned bus number 38
[    5.754913][    T1] usb usb38: We don't know the algorithms for LPM for this host, disabling LPM.
[    5.757837][    T1] usb usb38: New USB device found, idVendor=1d6b, idProduct=0003, bcdDevice= 6.04
[    5.758899][    T1] usb usb38: New USB device strings: Mfr=3, Product=2, SerialNumber=1
[    5.759597][    T1] usb usb38: Product: USB/IP Virtual Host Controller
[    5.760027][    T1] usb usb38: Manufacturer: Linux 6.4.0-rc1 vhci_hcd
[    5.760430][    T1] usb usb38: SerialNumber: vhci_hcd.14
[    5.761980][    T1] hub 38-0:1.0: USB hub found
[    5.762348][    T1] hub 38-0:1.0: 8 ports detected
[    5.767657][    T1] vhci_hcd vhci_hcd.15: USB/IP Virtual Host Controller
[    5.768494][    T1] vhci_hcd vhci_hcd.15: new USB bus registered, assigned bus number 39
[    5.770314][    T1] usb usb39: New USB device found, idVendor=1d6b, idProduct=0002, bcdDevice= 6.04
[    5.770871][    T1] usb usb39: New USB device strings: Mfr=3, Product=2, SerialNumber=1
[    5.771354][    T1] usb usb39: Product: USB/IP Virtual Host Controller
[    5.771744][    T1] usb usb39: Manufacturer: Linux 6.4.0-rc1 vhci_hcd
[    5.772133][    T1] usb usb39: SerialNumber: vhci_hcd.15
[    5.773748][    T1] hub 39-0:1.0: USB hub found
[    5.774132][    T1] hub 39-0:1.0: 8 ports detected
[    5.778472][    T1] vhci_hcd vhci_hcd.15: USB/IP Virtual Host Controller
[    5.779287][    T1] vhci_hcd vhci_hcd.15: new USB bus registered, assigned bus number 40
[    5.779913][    T1] usb usb40: We don't know the algorithms for LPM for this host, disabling LPM.
[    5.781497][    T1] usb usb40: New USB device found, idVendor=1d6b, idProduct=0003, bcdDevice= 6.04
[    5.782046][    T1] usb usb40: New USB device strings: Mfr=3, Product=2, SerialNumber=1
[    5.782545][    T1] usb usb40: Product: USB/IP Virtual Host Controller
[    5.782944][    T1] usb usb40: Manufacturer: Linux 6.4.0-rc1 vhci_hcd
[    5.783350][    T1] usb usb40: SerialNumber: vhci_hcd.15
[    5.784696][    T1] hub 40-0:1.0: USB hub found
[    5.785806][    T1] hub 40-0:1.0: 8 ports detected
[    5.790951][    T1] usbcore: registered new device driver usbip-host
[    5.796622][    T1] i8042: PNP: PS/2 Controller [PNP0303:KBD,PNP0f13:MOU] at 0x60,0x64 irq 1,12
[    5.798265][    T1] serio: i8042 KBD port at 0x60,0x64 irq 1
[    5.801907][    T1] serio: i8042 AUX port at 0x60,0x64 irq 12
[    5.804692][    T1] mousedev: PS/2 mouse device common for all mice
[    5.807283][  T730] input: AT Translated Set 2 keyboard as /devices/platform/i8042/serio0/input/input1
[    5.810539][    T1] usbcore: registered new interface driver appletouch
[    5.811175][    T1] usbcore: registered new interface driver bcm5974
[    5.813721][    T1] usbcore: registered new interface driver synaptics_usb
[    5.819788][    T1] usbcore: registered new interface driver iforce
[    5.820437][    T1] usbcore: registered new interface driver xpad
[    5.820947][    T1] usbcore: registered new interface driver usb_acecad
[    5.821540][    T1] usbcore: registered new interface driver aiptek
[    5.822149][    T1] usbcore: registered new interface driver hanwang
[    5.822735][    T1] usbcore: registered new interface driver kbtab
[    5.824452][    T1] usbcore: registered new interface driver pegasus_notetaker
[    5.826978][    T1] usbcore: registered new interface driver usbtouchscreen
[    5.827575][    T1] usbcore: registered new interface driver sur40
[    5.828153][    T1] usbcore: registered new interface driver ati_remote2
[    5.828557][    T1] cm109: Keymap for Komunikate KIP1000 phone loaded
[    5.829128][    T1] usbcore: registered new interface driver cm109
[    5.829501][    T1] cm109: CM109 phone driver: 20080805 (C) Alfred E. Heggestad
[    5.830832][    T1] usbcore: registered new interface driver ims_pcu
[    5.831862][    T1] usbcore: registered new interface driver keyspan_remote
[    5.832440][    T1] usbcore: registered new interface driver powermate
[    5.833473][    T1] usbcore: registered new interface driver yealink
[    5.834937][    T1] rtc_cmos 00:05: RTC can wake from S4
[    5.853566][    T1] rtc_cmos 00:05: registered as rtc0
[    5.853924][    T1] rtc_cmos 00:05: alarms up to one day, y3k, 242 bytes nvram, hpet irqs
[    5.857140][    T1] i2c_dev: i2c /dev entries driver
[    5.858159][    T1] usbcore: registered new interface driver i2c-diolan-u2c
[    5.859460][    T1] usbcore: registered new interface driver RobotFuzz Open Source InterFace, OSIF
[    5.861571][    T1] usbcore: registered new interface driver i2c-tiny-usb
[    5.868314][    T1] usbcore: registered new interface driver igorplugusb
[    5.868919][    T1] usbcore: registered new interface driver iguanair
[    5.869513][    T1] usbcore: registered new interface driver imon
[    5.872656][    T1] usbcore: registered new interface driver mceusb
[    5.874629][    T1] usbcore: registered new interface driver redrat3
[    5.878503][    T1] usbcore: registered new interface driver streamzap
[    5.879042][    T1] usbcore: registered new interface driver ttusbir
[    5.879628][    T1] usbcore: registered new interface driver ati_remote
[    5.880364][    T1] b2c2-flexcop: B2C2 FlexcopII/II(b)/III digital TV receiver chip loaded successfully
[    5.881901][    T1] usbcore: registered new interface driver b2c2_flexcop_usb
[    5.883159][    T1] usbcore: registered new interface driver dvb_usb_vp7045
[    5.883724][    T1] usbcore: registered new interface driver dvb_usb_vp702x
[    5.884546][    T1] usbcore: registered new interface driver dvb_usb_gp8psk
[    5.886991][    T1] usbcore: registered new interface driver dvb_usb_dtt200u
[    5.888026][    T1] usbcore: registered new interface driver dvb_usb_a800
[    5.888664][    T1] usbcore: registered new interface driver dvb_usb_dibusb_mb
[    5.889789][    T1] usbcore: registered new interface driver dvb_usb_dibusb_mc
[    5.891402][    T1] usbcore: registered new interface driver dvb_usb_nova_t_usb2
[    5.892561][    T1] usbcore: registered new interface driver dvb_usb_umt_010
[    5.893211][    T1] usbcore: registered new interface driver dvb_usb_m920x
[    5.893784][    T1] usbcore: registered new interface driver dvb_usb_digitv
[    5.894679][    T1] usbcore: registered new interface driver dvb_usb_cxusb
[    5.897284][    T1] usbcore: registered new interface driver dvb_usb_ttusb2
[    5.898423][    T1] usbcore: registered new interface driver dvb_usb_dib0700
[    5.899253][    T1] usbcore: registered new interface driver opera1
[    5.900035][    T1] usbcore: registered new interface driver dvb_usb_af9005
[    5.900615][    T1] usbcore: registered new interface driver pctv452e
[    5.901619][    T1] usbcore: registered new interface driver dw2102
[    5.902155][    T1] usbcore: registered new interface driver dvb_usb_dtv5100
[    5.903178][    T1] usbcore: registered new interface driver cinergyT2
[    5.903736][    T1] usbcore: registered new interface driver dvb_usb_az6027
[    5.904745][    T1] usbcore: registered new interface driver dvb_usb_technisat_usb2
[    5.906330][    T1] usbcore: registered new interface driver dvb_usb_af9015
[    5.907387][    T1] usbcore: registered new interface driver dvb_usb_af9035
[    5.907951][    T1] usbcore: registered new interface driver dvb_usb_anysee
[    5.908951][    T1] usbcore: registered new interface driver dvb_usb_au6610
[    5.909755][    T1] usbcore: registered new interface driver dvb_usb_az6007
[    5.910569][    T1] usbcore: registered new interface driver dvb_usb_ce6230
[    5.911139][    T1] usbcore: registered new interface driver dvb_usb_ec168
[    5.912128][    T1] usbcore: registered new interface driver dvb_usb_lmedm04
[    5.912703][    T1] usbcore: registered new interface driver dvb_usb_gl861
[    5.913721][    T1] usbcore: registered new interface driver dvb_usb_mxl111sf
[    5.914341][    T1] usbcore: registered new interface driver dvb_usb_rtl28xxu
[    5.916736][    T1] usbcore: registered new interface driver dvb_usb_dvbsky
[    5.917316][    T1] usbcore: registered new interface driver zd1301
[    5.918308][    T1] usbcore: registered new interface driver s2255
[    5.918871][    T1] usbcore: registered new interface driver smsusb
[    5.919851][    T1] usbcore: registered new interface driver ttusb
[    5.920384][    T1] usbcore: registered new interface driver ttusb-dec
[    5.921372][    T1] usbcore: registered new interface driver Abilis Systems as10x usb driver
[    5.922078][    T1] usbcore: registered new interface driver airspy
[    5.922465][    T1] gspca_main: v2.14.0 registered
[    5.923654][    T1] usbcore: registered new interface driver benq
[    5.924917][    T1] usbcore: registered new interface driver conex
[    5.926698][    T1] usbcore: registered new interface driver cpia1
[    5.927544][    T1] usbcore: registered new interface driver dtcs033
[    5.928113][    T1] usbcore: registered new interface driver etoms
[    5.929209][    T1] usbcore: registered new interface driver finepix
[    5.929763][    T1] usbcore: registered new interface driver jeilinj
[    5.930779][    T1] usbcore: registered new interface driver jl2005bcd
[    5.931352][    T1] usbcore: registered new interface driver kinect
[    5.932336][    T1] usbcore: registered new interface driver konica
[    5.932872][    T1] usbcore: registered new interface driver mars
[    5.933896][    T1] usbcore: registered new interface driver mr97310a
[    5.934445][    T1] usbcore: registered new interface driver nw80x
[    5.936566][    T1] usbcore: registered new interface driver ov519
[    5.937103][    T1] usbcore: registered new interface driver ov534
[    5.938078][    T1] usbcore: registered new interface driver ov534_9
[    5.938626][    T1] usbcore: registered new interface driver pac207
[    5.939619][    T1] usbcore: registered new interface driver gspca_pac7302
[    5.940213][    T1] usbcore: registered new interface driver pac7311
[    5.941214][    T1] usbcore: registered new interface driver se401
[    5.941738][    T1] usbcore: registered new interface driver sn9c2028
[    5.942990][    T1] usbcore: registered new interface driver gspca_sn9c20x
[    5.943582][    T1] usbcore: registered new interface driver sonixb
[    5.944578][    T1] usbcore: registered new interface driver sonixj
[    5.946032][    T1] usbcore: registered new interface driver spca500
[    5.947026][    T1] usbcore: registered new interface driver spca501
[    5.947559][    T1] usbcore: registered new interface driver spca505
[    5.948544][    T1] usbcore: registered new interface driver spca506
[    5.949091][    T1] usbcore: registered new interface driver spca508
[    5.950064][    T1] usbcore: registered new interface driver spca561
[    5.950602][    T1] usbcore: registered new interface driver spca1528
[    5.951576][    T1] usbcore: registered new interface driver sq905
[    5.952109][    T1] usbcore: registered new interface driver sq905c
[    5.953075][    T1] usbcore: registered new interface driver sq930x
[    5.953655][    T1] usbcore: registered new interface driver sunplus
[    5.954619][    T1] usbcore: registered new interface driver stk014
[    5.956434][    T1] usbcore: registered new interface driver stk1135
[    5.957990][    T1] usbcore: registered new interface driver stv0680
[    5.959654][    T1] usbcore: registered new interface driver t613
[    5.960315][    T1] usbcore: registered new interface driver gspca_topro
[    5.961161][    T1] usbcore: registered new interface driver touptek
[    5.961715][    T1] usbcore: registered new interface driver tv8532
[    5.962574][    T1] usbcore: registered new interface driver vc032x
[    5.963376][    T1] usbcore: registered new interface driver vicam
[    5.964147][    T1] usbcore: registered new interface driver xirlink-cit
[    5.966647][    T1] usbcore: registered new interface driver gspca_zc3xx
[    5.967685][    T1] usbcore: registered new interface driver ALi m5602
[    5.968270][    T1] usbcore: registered new interface driver STV06xx
[    5.969059][    T1] usbcore: registered new interface driver gspca_gl860
[    5.969611][    T1] usbcore: registered new interface driver hackrf
[    5.970210][    T1] usbcore: registered new interface driver msi2500
[    5.971265][    T1] usbcore: registered new interface driver Philips webcam
[    5.972622][    T1] usbcore: registered new interface driver uvcvideo
[    5.973017][    T1] au0828: au0828 driver loaded
[    5.973712][    T1] usbcore: registered new interface driver au0828
[    5.974275][    T1] usbcore: registered new interface driver cx231xx
[    5.974922][    T1] usbcore: registered new interface driver em28xx
[    5.976512][    T1] em28xx: Registered (Em28xx v4l2 Extension) extension
[    5.976921][    T1] em28xx: Registered (Em28xx Audio Extension) extension
[    5.977328][    T1] em28xx: Registered (Em28xx dvb Extension) extension
[    5.977721][    T1] em28xx: Registered (Em28xx Input Extension) extension
[    5.978967][    T1] usbcore: registered new interface driver go7007
[    5.979524][    T1] usbcore: registered new interface driver go7007-loader
[    5.980250][    T1] usbcore: registered new interface driver hdpvr
[    5.981314][    T1] usbcore: registered new interface driver pvrusb2
[    5.981703][    T1] pvrusb2: V4L in-tree version:Hauppauge WinTV-PVR-USB2 MPEG2 Encoder/Tuner
[    5.982231][    T1] pvrusb2: Debug mask is 31 (0x1f)
[    5.983218][    T1] usbcore: registered new interface driver stk1160
[    5.984221][    T1] usbcore: registered new interface driver usbtv
[    5.988124][    T1] dvbdev: DVB: registering new adapter (dvb_vidtv_bridge)
[    5.994076][    T1] i2c i2c-0: DVB: registering adapter 0 frontend 0 (Dummy demod for DVB-T/T2/C/S/S2)...
[    5.994948][    T1] dvbdev: dvb_create_media_entity: media entity 'Dummy demod for DVB-T/T2/C/S/S2' registered.
[    6.001414][    T1] dvbdev: dvb_create_media_entity: media entity 'dvb-demux' registered.
[    6.006004][    T1] vidtv vidtv.0: Successfully initialized vidtv!
[    6.007447][    T1] vicodec vicodec.0: Device 'stateful-encoder' registered as /dev/video0
[    6.008260][    T1] vicodec vicodec.0: Device 'stateful-decoder' registered as /dev/video1
[    6.010829][    T1] vicodec vicodec.0: Device 'stateless-decoder' registered as /dev/video2
[    6.012343][    T1] vim2m vim2m.0: Device registered as /dev/video0
[    6.029672][    T1] vivid-000: using single planar format API
[    6.043284][    T1] vivid-000: CEC adapter cec0 registered for HDMI input 0
[    6.044135][    T1] vivid-000: V4L2 capture device registered as video7
