c[?7l[2J[0mSeaBIOS (version Arch Linux 1.17.0-1-1)


iPXE (http://ipxe.org) 00:03.0 C900 PCI2.10 PnP PMM+7EFD3D90+7EF33D90 C900
Press Ctrl-B to configure iPXE (PCI 00:03.0)...                                                                               


Booting from ROM..c[?7l[2J[    0.000000][    T0] Linux version 6.1.0-rc2 (arch@arch-localhost) (gcc (GCC) 10.2.0, GNU ld (GNU Binutils) 2.44.0) #1 SMP PREEMPT_DYNAMIC Tue Jun 24 07:24:17 EDT 2025
[    0.000000][    T0] Command line: root=/dev/sda console=ttyS0,115200n8 rw crashkernel=256M
[    0.000000][    T0] KERNEL supported cpus:
[    0.000000][    T0]   Intel GenuineIntel
[    0.000000][    T0]   AMD AuthenticAMD
[    0.000000][    T0] x86/fpu: Supporting XSAVE feature 0x001: 'x87 floating point registers'
[    0.000000][    T0] x86/fpu: Supporting XSAVE feature 0x002: 'SSE registers'
[    0.000000][    T0] x86/fpu: Supporting XSAVE feature 0x004: 'AVX registers'
[    0.000000][    T0] x86/fpu: Supporting XSAVE feature 0x200: 'Protection Keys User registers'
[    0.000000][    T0] x86/fpu: xstate_offset[2]:  576, xstate_sizes[2]:  256
[    0.000000][    T0] x86/fpu: xstate_offset[9]:  832, xstate_sizes[9]:    8
[    0.000000][    T0] x86/fpu: Enabled xstate features 0x207, context size is 840 bytes, using 'compacted' format.
[    0.000000][    T0] signal: max sigframe size: 3632
[    0.000000][    T0] BIOS-provided physical RAM map:
[    0.000000][    T0] BIOS-e820: [mem 0x0000000000000000-0x000000000009fbff] usable
[    0.000000][    T0] BIOS-e820: [mem 0x000000000009fc00-0x000000000009ffff] reserved
[    0.000000][    T0] BIOS-e820: [mem 0x00000000000f0000-0x00000000000fffff] reserved
[    0.000000][    T0] BIOS-e820: [mem 0x0000000000100000-0x000000007ffdffff] usable
[    0.000000][    T0] BIOS-e820: [mem 0x000000007ffe0000-0x000000007fffffff] reserved
[    0.000000][    T0] BIOS-e820: [mem 0x00000000feffc000-0x00000000feffffff] reserved
[    0.000000][    T0] BIOS-e820: [mem 0x00000000fffc0000-0x00000000ffffffff] reserved
[    0.000000][    T0] printk: bootconsole [earlyser0] enabled
[    0.000000][    T0] ERROR: earlyprintk= earlyser already used
[    0.000000][    T0] ERROR: earlyprintk= earlyser already used
[    0.000000][    T0] **********************************************************
[    0.000000][    T0] **   NOTICE NOTICE NOTICE NOTICE NOTICE NOTICE NOTICE   **
[    0.000000][    T0] **                                                      **
[    0.000000][    T0] ** This system shows unhashed kernel memory addresses   **
[    0.000000][    T0] ** via the console, logs, and other interfaces. This    **
[    0.000000][    T0] ** might reduce the security of your system.            **
[    0.000000][    T0] **                                                      **
[    0.000000][    T0] ** If you see this message and you are not debugging    **
[    0.000000][    T0] ** the kernel, report this immediately to your system   **
[    0.000000][    T0] ** administrator!                                       **
[    0.000000][    T0] **                                                      **
[    0.000000][    T0] **   NOTICE NOTICE NOTICE NOTICE NOTICE NOTICE NOTICE   **
[    0.000000][    T0] **********************************************************
[    0.000000][    T0] Malformed early option 'vsyscall'
[    0.000000][    T0] nopcid: PCID feature disabled
[    0.000000][    T0] NX (Execute Disable) protection: active
[    0.000000][    T0] SMBIOS 2.8 present.
[    0.000000][    T0] DMI: QEMU Standard PC (i440FX + PIIX, 1996), BIOS Arch Linux 1.17.0-1-1 04/01/2014
[    0.000000][    T0] Hypervisor detected: KVM
[    0.000000][    T0] kvm-clock: Using msrs 4b564d01 and 4b564d00
[    0.000004][    T0] kvm-clock: using sched offset of 940373768 cycles
[    0.000395][    T0] clocksource: kvm-clock: mask: 0xffffffffffffffff max_cycles: 0x1cd42e4dffb, max_idle_ns: 881590591483 ns
[    0.001542][    T0] tsc: Detected 2496.000 MHz processor
[    0.005192][    T0] last_pfn = 0x7ffe0 max_arch_pfn = 0x400000000
[    0.005652][    T0] x86/PAT: Configuration [0-7]: WB  WC  UC- UC  WB  WP  UC- WT  
[    0.010514][    T0] found SMP MP-table at [mem 0x000f66e0-0x000f66ef]
[    0.011001][    T0] Using GB pages for direct mapping
[    0.011881][    T0] ACPI: Early table checksum verification disabled
[    0.012300][    T0] ACPI: RSDP 0x00000000000F6510 000014 (v00 BOCHS )
[    0.012728][    T0] ACPI: RSDT 0x000000007FFE2335 000034 (v01 BOCHS  BXPC     00000001 BXPC 00000001)
[    0.013342][    T0] ACPI: FACP 0x000000007FFE21E9 000074 (v01 BOCHS  BXPC     00000001 BXPC 00000001)
[    0.014000][    T0] ACPI: DSDT 0x000000007FFE0040 0021A9 (v01 BOCHS  BXPC     00000001 BXPC 00000001)
[    0.014614][    T0] ACPI: FACS 0x000000007FFE0000 000040
[    0.014969][    T0] ACPI: APIC 0x000000007FFE225D 000078 (v03 BOCHS  BXPC     00000001 BXPC 00000001)
[    0.015578][    T0] ACPI: HPET 0x000000007FFE22D5 000038 (v01 BOCHS  BXPC     00000001 BXPC 00000001)
[    0.016185][    T0] ACPI: WAET 0x000000007FFE230D 000028 (v01 BOCHS  BXPC     00000001 BXPC 00000001)
[    0.016802][    T0] ACPI: Reserving FACP table memory at [mem 0x7ffe21e9-0x7ffe225c]
[    0.017308][    T0] ACPI: Reserving DSDT table memory at [mem 0x7ffe0040-0x7ffe21e8]
[    0.017811][    T0] ACPI: Reserving FACS table memory at [mem 0x7ffe0000-0x7ffe003f]
[    0.018318][    T0] ACPI: Reserving APIC table memory at [mem 0x7ffe225d-0x7ffe22d4]
[    0.018820][    T0] ACPI: Reserving HPET table memory at [mem 0x7ffe22d5-0x7ffe230c]
[    0.019336][    T0] ACPI: Reserving WAET table memory at [mem 0x7ffe230d-0x7ffe2334]
[    0.020195][    T0] No NUMA configuration found
[    0.020494][    T0] Faking a node at [mem 0x0000000000000000-0x000000007ffdffff]
[    0.020976][    T0] Faking node 0 at [mem 0x0000000000000000-0x000000003fffffff] (1024MB)
[    0.021511][    T0] Faking node 1 at [mem 0x0000000040000000-0x000000007ffdffff] (1023MB)
[    0.022164][    T0] NODE_DATA(0) allocated [mem 0x3fffa000-0x3fffffff]
[    0.022748][    T0] NODE_DATA(1) allocated [mem 0x7ffd9000-0x7ffdefff]
[    0.023198][    T0] Reserving 256MB of memory at 1776MB for crashkernel (System RAM: 2047MB)
[    0.028479][    T0] Zone ranges:
[    0.028762][    T0]   DMA      [mem 0x0000000000001000-0x0000000000ffffff]
[    0.029213][    T0]   DMA32    [mem 0x0000000001000000-0x000000007ffdffff]
[    0.029666][    T0]   Normal   empty
[    0.029906][    T0]   Device   empty
[    0.030142][    T0] Movable zone start for each node
[    0.030468][    T0] Early memory node ranges
[    0.030746][    T0]   node   0: [mem 0x0000000000001000-0x000000000009efff]
[    0.031200][    T0]   node   0: [mem 0x0000000000100000-0x000000003fffffff]
[    0.031677][    T0]   node   1: [mem 0x0000000040000000-0x000000007ffdffff]
[    0.032131][    T0] Initmem setup node 0 [mem 0x0000000000001000-0x000000003fffffff]
[    0.032644][    T0] Initmem setup node 1 [mem 0x0000000040000000-0x000000007ffdffff]
[    0.033152][    T0] On node 0, zone DMA: 1 pages in unavailable ranges
[    0.033215][    T0] On node 0, zone DMA: 97 pages in unavailable ranges
[    0.040950][    T0] On node 1, zone DMA32: 32 pages in unavailable ranges
[    0.085828][    T0] kasan: KernelAddressSanitizer initialized
[    0.086919][    T0] ACPI: PM-Timer IO Port: 0x608
[    0.087238][    T0] ACPI: LAPIC_NMI (acpi_id[0xff] dfl dfl lint[0x1])
[    0.087927][    T0] IOAPIC[0]: apic_id 0, version 17, address 0xfec00000, GSI 0-23
[    0.088386][    T0] ACPI: INT_SRC_OVR (bus 0 bus_irq 0 global_irq 2 dfl dfl)
[    0.088805][    T0] ACPI: INT_SRC_OVR (bus 0 bus_irq 5 global_irq 5 high level)
[    0.089238][    T0] ACPI: INT_SRC_OVR (bus 0 bus_irq 9 global_irq 9 high level)
[    0.089696][    T0] ACPI: INT_SRC_OVR (bus 0 bus_irq 10 global_irq 10 high level)
[    0.090153][    T0] ACPI: INT_SRC_OVR (bus 0 bus_irq 11 global_irq 11 high level)
[    0.090620][    T0] ACPI: Using ACPI (MADT) for SMP configuration information
[    0.091040][    T0] ACPI: HPET id: 0x8086a201 base: 0xfed00000
[    0.091415][    T0] TSC deadline timer available
[    0.091734][    T0] smpboot: Allowing 1 CPUs, 0 hotplug CPUs
[    0.092190][    T0] PM: hibernation: Registered nosave memory: [mem 0x00000000-0x00000fff]
[    0.092738][    T0] PM: hibernation: Registered nosave memory: [mem 0x0009f000-0x0009ffff]
[    0.093282][    T0] PM: hibernation: Registered nosave memory: [mem 0x000a0000-0x000effff]
[    0.093821][    T0] PM: hibernation: Registered nosave memory: [mem 0x000f0000-0x000fffff]
[    0.094367][    T0] [mem 0x80000000-0xfeffbfff] available for PCI devices
[    0.094806][    T0] Booting paravirtualized kernel on KVM
[    0.095160][    T0] clocksource: refined-jiffies: mask: 0xffffffff max_cycles: 0xffffffff, max_idle_ns: 19112604462750000 ns
[    0.129560][    T0] setup_percpu: NR_CPUS:8 nr_cpumask_bits:1 nr_cpu_ids:1 nr_node_ids:2
[    0.130431][    T0] percpu: Embedded 69 pages/cpu s244296 r8192 d30136 u2097152
[    0.131045][    T0] kvm-guest: PV spinlocks disabled, single CPU
[    0.131460][    T0] Fallback order for Node 0: 0 1 
[    0.131796][    T0] Fallback order for Node 1: 1 0 
[    0.132124][    T0] Built 2 zonelists, mobility grouping on.  Total pages: 515808
[    0.132619][    T0] Policy zone: DMA32
[    0.132868][    T0] Kernel command line: earlyprintk=serial net.ifnames=0 sysctl.kernel.hung_task_all_cpu_backtrace=1 ima_policy=tcb nf-conntrack-ftp.ports=20000 nf-conntrack-tftp.ports=20000 nf-conntrack-sip.ports=20000 nf-conntrack-irc.ports=20000 nf-conntrack-sane.ports=20000 binder.debug_mask=0 rcupdate.rcu_expedited=1 no_hash_pointers page_owner=on sysctl.vm.nr_hugepages=4 sysctl.vm.nr_overcommit_hugepages=4 secretmem.enable=1 sysctl.max_rcu_stall_to_panic=1 msr.allow_writes=off coredump_filter=0xffff root=/dev/sda console=ttyS0 vsyscall=native numa=fake=2 kvm-intel.nested=1 spec_store_bypass_disable=prctl nopcid vivid.n_devs=16 vivid.multiplanar=1,2,1,2,1,2,1,2,1,2,1,2,1,2,1,2 netrom.nr_ndevs=16 rose.rose_ndevs=16 smp.csd_lock_timeout=100000 watchdog_thresh=55 workqueue.watchdog_thresh=140 sysctl.net.core.netdev_unregister_timeout_secs=140 dummy_hcd.num=8 panic_on_warn=1 root=/dev/sda console=ttyS0,115200n8 rw crashkernel=256M
[    0.140935][    T0] Unknown kernel command line parameters "spec_store_bypass_disable=prctl", will be passed to user space.
[    0.141776][    T0] random: crng init done
[    0.142579][    T0] mem auto-init: stack:off, heap alloc:on, heap free:off
[    0.144467][    T0] stackdepot hash table entries: 1048576 (order: 11, 8388608 bytes, linear)
[    0.217265][    T0] Memory: 1218896K/2096632K available (143391K kernel code, 35122K rwdata, 29884K rodata, 2740K init, 39672K bss, 877480K reserved, 0K cma-reserved)
[    0.219176][    T0] SLUB: HWalign=64, Order=0-3, MinObjects=0, CPUs=1, Nodes=2
[    0.220814][    T0] Dynamic Preempt: full
[    0.221370][    T0] Running RCU self tests
[    0.221642][    T0] rcu: Preemptible hierarchical RCU implementation.
[    0.222040][    T0] rcu: 	RCU lockdep checking is enabled.
[    0.222385][    T0] rcu: 	RCU restricting CPUs from NR_CPUS=8 to nr_cpu_ids=1.
[    0.222834][    T0] rcu: 	RCU callback double-/use-after-free debug is enabled.
[    0.223288][    T0] rcu: 	RCU debug extended QS entry/exit.
[    0.223633][    T0] 	All grace periods are expedited (rcu_expedited).
[    0.224030][    T0] 	Trampoline variant of Tasks RCU enabled.
[    0.224582][    T0] 	Tracing variant of Tasks RCU enabled.
[    0.224970][    T0] rcu: RCU calculated value of scheduler-enlistment delay is 10 jiffies.
[    0.225498][    T0] rcu: Adjusting geometry for rcu_fanout_leaf=16, nr_cpu_ids=1
[    0.271859][    T0] NR_IRQS: 4352, nr_irqs: 256, preallocated irqs: 16
[    0.272730][    T0] rcu: srcu_init: Setting srcu_struct sizes based on contention.
[    0.273421][    T0] kfence: initialized - using 2097152 bytes for 255 objects at 0xffff88807fdc0000-0xffff88807ffc0000
[    0.277676][    T0] Console: colour VGA+ 80x25
[    0.278010][    T0] printk: console [ttyS0] enabled
[    0.278010][    T0] printk: console [ttyS0] enabled
[    0.278638][    T0] printk: bootconsole [earlyser0] disabled
[    0.278638][    T0] printk: bootconsole [earlyser0] disabled
[    0.279376][    T0] Lock dependency validator: Copyright (c) 2006 Red Hat, Inc., Ingo Molnar
[    0.279913][    T0] ... MAX_LOCKDEP_SUBCLASSES:  8
[    0.280223][    T0] ... MAX_LOCK_DEPTH:          48
[    0.280542][    T0] ... MAX_LOCKDEP_KEYS:        8192
[    0.280869][    T0] ... CLASSHASH_SIZE:          4096
[    0.281196][    T0] ... MAX_LOCKDEP_ENTRIES:     131072
[    0.281537][    T0] ... MAX_LOCKDEP_CHAINS:      262144
[    0.281875][    T0] ... CHAINHASH_SIZE:          131072
[    0.282217][    T0]  memory used by lock dependency info: 20657 kB
[    0.282620][    T0]  memory used for stack traces: 8320 kB
[    0.282974][    T0]  per task-struct memory footprint: 1920 bytes
[    0.283461][    T0] mempolicy: Enabling automatic NUMA balancing. Configure with numa_balancing= or the kernel.numa_balancing sysctl
[    0.284232][    T0] ACPI: Core revision 20220331
[    0.284967][    T0] clocksource: hpet: mask: 0xffffffff max_cycles: 0xffffffff, max_idle_ns: 19112604467 ns
[    0.285791][    T0] APIC: Switch to symmetric I/O mode setup
[    0.287278][    T0] ..TIMER: vector=0x30 apic1=0 pin1=2 apic2=-1 pin2=-1
[    0.287732][    T0] clocksource: tsc-early: mask: 0xffffffffffffffff max_cycles: 0x23fa772cf26, max_idle_ns: 440795269835 ns
[    0.288467][    T0] Calibrating delay loop (skipped) preset value.. 4992.00 BogoMIPS (lpj=24960000)
[    0.289050][    T0] pid_max: default: 32768 minimum: 301
[    0.289644][    T0] LSM: Security Framework initializing
[    0.290079][    T0] landlock: Up and running.
[    0.290368][    T0] Yama: becoming mindful.
[    0.290720][    T0] TOMOYO Linux initialized
[    0.291226][    T0] AppArmor: AppArmor initialized
[    0.291567][    T0] LSM support for eBPF active
[    0.292562][    T0] Dentry cache hash table entries: 262144 (order: 9, 2097152 bytes, vmalloc)
[    0.293530][    T0] Inode-cache hash table entries: 131072 (order: 8, 1048576 bytes, vmalloc)
[    0.294156][    T0] Mount-cache hash table entries: 4096 (order: 3, 32768 bytes, vmalloc)
[    0.294708][    T0] Mountpoint-cache hash table entries: 4096 (order: 3, 32768 bytes, vmalloc)
Poking KASLR using RDRAND RDTSC...
[    0.300385][    T0] x86/cpu: User Mode Instruction Prevention (UMIP) activated
[    0.300954][    T0] Last level iTLB entries: 4KB 0, 2MB 0, 4MB 0
[    0.301350][    T0] Last level dTLB entries: 4KB 0, 2MB 0, 4MB 0, 1GB 0
[    0.301785][    T0] Spectre V1 : Mitigation: usercopy/swapgs barriers and __user pointer sanitization
[    0.302397][    T0] Spectre V2 : WARNING: Unprivileged eBPF is enabled with eIBRS on, data leaks possible via Spectre v2 BHB attacks!
[    0.303160][    T0] Spectre V2 : Mitigation: Enhanced IBRS
[    0.303517][    T0] Spectre V2 : Spectre v2 / SpectreRSB mitigation: Filling RSB on context switch
[    0.304094][    T0] Spectre V2 : Spectre v2 / PBRSB-eIBRS: Retire a single CALL on VMEXIT
[    0.304628][    T0] Spectre V2 : mitigation: Enabling conditional Indirect Branch Prediction Barrier
[    0.305256][    T0] Speculative Store Bypass: Mitigation: Speculative Store Bypass disabled via prctl
[    0.326372][    T0] Freeing SMP alternatives memory: 112K
[    0.327451][    T1] smpboot: CPU0: 13th Gen Intel(R) Core(TM) i5-13400 (family: 0x6, model: 0xbf, stepping: 0x2)
[    0.328461][    T1] cblist_init_generic: Setting adjustable number of callback queues.
[    0.328461][    T1] cblist_init_generic: Setting shift to 0 and lim to 1.
[    0.328461][    T1] cblist_init_generic: Setting shift to 0 and lim to 1.
[    0.328461][    T1] Running RCU-tasks wait API self tests
[    0.429364][    T1] Performance Events: unsupported p6 CPU model 191 no PMU driver, software events only.
[    0.434152][    T1] rcu: Hierarchical SRCU implementation.
[    0.435891][    T1] rcu: 	Max phase no-delay instances is 1000.
[    0.445403][    T1] NMI watchdog: Perf NMI watchdog permanently disabled
[    0.446197][    T1] smp: Bringing up secondary CPUs ...
[    0.446547][    T1] smp: Brought up 2 nodes, 1 CPU
[    0.446874][    T1] smpboot: Max logical packages: 1
[    0.447206][    T1] smpboot: Total of 1 processors activated (4992.00 BogoMIPS)
[    0.448529][   T13] Callback from call_rcu_tasks_trace() invoked.
[    0.453777][    T1] allocated 33554432 bytes of page_ext
[    0.454243][    T1] Node 0, zone      DMA: page owner found early allocated 0 pages
[    0.462620][    T1] Node 0, zone    DMA32: page owner found early allocated 7108 pages
[    0.467374][    T1] Node 1, zone    DMA32: page owner found early allocated 4907 pages
[    0.468934][    T1] devtmpfs: initialized
[    0.469876][    T1] x86/mm: Memory block size: 128MB
[    0.486086][    T1] clocksource: jiffies: mask: 0xffffffff max_cycles: 0xffffffff, max_idle_ns: 19112604462750000 ns
[    0.486953][    T1] futex hash table entries: 256 (order: 3, 32768 bytes, vmalloc)
[    0.489710][    T1] PM: RTC time: 12:04:48, date: 2025-06-24
[    0.496709][    T1] NET: Registered PF_NETLINK/PF_ROUTE protocol family
[    0.501125][    T1] audit: initializing netlink subsys (disabled)
[    0.503727][    T1] thermal_sys: Registered thermal governor 'step_wise'
[    0.503734][    T1] thermal_sys: Registered thermal governor 'user_space'
[    0.504316][   T21] audit: type=2000 audit(1750766688.802:1): state=initialized audit_enabled=0 res=1
[    0.505378][    T1] cpuidle: using governor menu
[    0.505741][    T1] NET: Registered PF_QIPCRTR protocol family
[    0.509811][    T1] PCI: Using configuration type 1 for base access
[    0.708347][    T1] WARNING: workqueue cpumask: online intersect > possible intersect
[    0.720483][    T1] HugeTLB: registered 1.00 GiB page size, pre-allocated 0 pages
[    0.720967][    T1] HugeTLB: 16380 KiB vmemmap can be freed for a 1.00 GiB page
[    0.721426][    T1] HugeTLB: registered 2.00 MiB page size, pre-allocated 0 pages
[    0.721889][    T1] HugeTLB: 28 KiB vmemmap can be freed for a 2.00 MiB page
[    0.739875][    T1] cryptd: max_cpu_qlen set to 1000
[    0.742485][    T1] raid6: skipped pq benchmark and selected avx2x4
[    0.742883][    T1] raid6: using avx2x2 recovery algorithm
[    0.744009][    T1] ACPI: Added _OSI(Module Device)
[    0.744315][    T1] ACPI: Added _OSI(Processor Device)
[    0.744644][    T1] ACPI: Added _OSI(3.0 _SCP Extensions)
[    0.744992][    T1] ACPI: Added _OSI(Processor Aggregator Device)
[    0.768569][   T12] Callback from call_rcu_tasks() invoked.
[    0.844782][    T1] ACPI: 1 ACPI AML tables successfully acquired and loaded
[    0.925701][    T1] ACPI: Interpreter enabled
[    0.926274][    T1] ACPI: PM: (supports S0 S3 S4 S5)
[    0.926625][    T1] ACPI: Using IOAPIC for interrupt routing
[    0.927180][    T1] PCI: Using host bridge windows from ACPI; if necessary, use "pci=nocrs" and report a bug
[    0.927848][    T1] PCI: Using E820 reservations for host bridge windows
[    0.930699][    T1] ACPI: Enabled 2 GPEs in block 00 to 0F
[    1.076162][    T1] ACPI: PCI Root Bridge [PCI0] (domain 0000 [bus 00-ff])
[    1.076723][    T1] acpi PNP0A03:00: _OSC: OS supports [ASPM ClockPM Segments MSI HPX-Type3]
[    1.077326][    T1] acpi PNP0A03:00: _OSC: not requesting OS control; OS requires [ExtendedConfig ASPM ClockPM MSI]
[    1.078324][    T1] acpi PNP0A03:00: fail to add MMCONFIG information, can't access extended PCI configuration space under this bridge.
[    1.089944][    T1] PCI host bridge to bus 0000:00
[    1.090288][    T1] pci_bus 0000:00: Unknown NUMA node; performance will be reduced
[    1.090809][    T1] pci_bus 0000:00: root bus resource [io  0x0000-0x0cf7 window]
[    1.091314][    T1] pci_bus 0000:00: root bus resource [io  0x0d00-0xffff window]
[    1.091825][    T1] pci_bus 0000:00: root bus resource [mem 0x000a0000-0x000bffff window]
[    1.092423][    T1] pci_bus 0000:00: root bus resource [mem 0x80000000-0xfebfffff window]
[    1.092976][    T1] pci_bus 0000:00: root bus resource [mem 0x100000000-0x17fffffff window]
[    1.093535][    T1] pci_bus 0000:00: root bus resource [bus 00-ff]
[    1.094211][    T1] pci 0000:00:00.0: [8086:1237] type 00 class 0x060000
[    1.096724][    T1] pci 0000:00:01.0: [8086:7000] type 00 class 0x060100
[    1.109334][    T1] pci 0000:00:01.1: [8086:7010] type 00 class 0x010180
[    1.111061][    T1] pci 0000:00:01.1: reg 0x20: [io  0xc020-0xc02f]
[    1.112015][    T1] pci 0000:00:01.1: legacy IDE quirk: reg 0x10: [io  0x01f0-0x01f7]
[    1.112538][    T1] pci 0000:00:01.1: legacy IDE quirk: reg 0x14: [io  0x03f6]
[    1.113027][    T1] pci 0000:00:01.1: legacy IDE quirk: reg 0x18: [io  0x0170-0x0177]
[    1.113566][    T1] pci 0000:00:01.1: legacy IDE quirk: reg 0x1c: [io  0x0376]
[    1.115939][    T1] pci 0000:00:01.3: [8086:7113] type 00 class 0x068000
[    1.116871][    T1] pci 0000:00:01.3: quirk: [io  0x0600-0x063f] claimed by PIIX4 ACPI
[    1.117387][    T1] pci 0000:00:01.3: quirk: [io  0x0700-0x070f] claimed by PIIX4 SMB
[    1.129600][    T1] pci 0000:00:02.0: [1234:1111] type 00 class 0x030000
[    1.131117][    T1] pci 0000:00:02.0: reg 0x10: [mem 0xfd000000-0xfdffffff pref]
[    1.133155][    T1] pci 0000:00:02.0: reg 0x18: [mem 0xfebd0000-0xfebd0fff]
[    1.148668][    T1] pci 0000:00:02.0: reg 0x30: [mem 0xfebc0000-0xfebcffff pref]
[    1.149585][    T1] pci 0000:00:02.0: Video device with shadowed ROM at [mem 0x000c0000-0x000dffff]
[    1.152070][    T1] pci 0000:00:03.0: [1af4:1000] type 00 class 0x020000
[    1.153434][    T1] pci 0000:00:03.0: reg 0x10: [io  0xc000-0xc01f]
[    1.154815][    T1] pci 0000:00:03.0: reg 0x14: [mem 0xfebd1000-0xfebd1fff]
[    1.158425][    T1] pci 0000:00:03.0: reg 0x20: [mem 0xfe000000-0xfe003fff 64bit pref]
[    1.169758][    T1] pci 0000:00:03.0: reg 0x30: [mem 0xfeb80000-0xfebbffff pref]
[    1.232994][    T1] ACPI: PCI: Interrupt link LNKA configured for IRQ 10
[    1.235592][    T1] ACPI: PCI: Interrupt link LNKB configured for IRQ 10
[    1.238046][    T1] ACPI: PCI: Interrupt link LNKC configured for IRQ 11
[    1.250619][    T1] ACPI: PCI: Interrupt link LNKD configured for IRQ 11
[    1.251900][    T1] ACPI: PCI: Interrupt link LNKS configured for IRQ 9
[    1.269319][    T1] iommu: Default domain type: Translated 
[    1.269753][    T1] iommu: DMA domain TLB invalidation policy: lazy mode 
[    1.272926][    T1] SCSI subsystem initialized
[    1.279303][    T1] ACPI: bus type USB registered
[    1.279902][    T1] usbcore: registered new interface driver usbfs
[    1.280710][    T1] usbcore: registered new interface driver hub
[    1.281253][    T1] usbcore: registered new device driver usb
[    1.283158][    T1] mc: Linux media interface: v0.10
[    1.283614][    T1] videodev: Linux video capture interface: v2.00
[    1.284418][    T1] pps_core: LinuxPPS API ver. 1 registered
[    1.284835][    T1] pps_core: Software ver. 5.3.6 - Copyright 2005-2007 Rodolfo Giometti <giometti@linux.it>
[    1.285712][    T1] PTP clock support registered
[    1.288684][    T1] EDAC MC: Ver: 3.0.0
[    1.300197][    T1] Advanced Linux Sound Architecture Driver Initialized.
[    1.302969][    T1] Bluetooth: Core ver 2.22
[    1.303378][    T1] NET: Registered PF_BLUETOOTH protocol family
[    1.303778][    T1] Bluetooth: HCI device and connection manager initialized
[    1.304364][    T1] Bluetooth: HCI socket layer initialized
[    1.304755][    T1] Bluetooth: L2CAP socket layer initialized
[    1.305180][    T1] Bluetooth: SCO socket layer initialized
[    1.305587][    T1] NET: Registered PF_ATMPVC protocol family
[    1.305970][    T1] NET: Registered PF_ATMSVC protocol family
[    1.306505][    T1] NetLabel: Initializing
[    1.306782][    T1] NetLabel:  domain hash size = 128
[    1.307118][    T1] NetLabel:  protocols = UNLABELED CIPSOv4 CALIPSO
[    1.307754][    T1] NetLabel:  unlabeled traffic allowed by default
[    1.318966][    T1] nfc: nfc_init: NFC Core ver 0.1
[    1.319484][    T1] NET: Registered PF_NFC protocol family
[    1.319913][    T1] PCI: Using ACPI for IRQ routing
[    1.320651][    T1] pci 0000:00:02.0: vgaarb: setting as boot VGA device
[    1.321122][    T1] pci 0000:00:02.0: vgaarb: bridge control possible
[    1.321556][    T1] pci 0000:00:02.0: vgaarb: VGA device added: decodes=io+mem,owns=io+mem,locks=none
[    1.322166][    T1] vgaarb: loaded
[    1.324988][    T1] hpet0: at MMIO 0xfed00000, IRQs 2, 8, 0
[    1.325498][    T1] hpet0: 3 comparators, 64-bit 100.000000 MHz counter
[    1.338933][    T1] clocksource: Switched to clocksource kvm-clock
[    1.341410][    T1] VFS: Disk quotas dquot_6.6.0
[    1.341909][    T1] VFS: Dquot-cache hash table entries: 512 (order 0, 4096 bytes)
[    1.342777][    T1] FS-Cache: Loaded
[    1.343714][    T1] CacheFiles: Loaded
[    1.344256][    T1] TOMOYO: 2.6.0
[    1.344488][    T1] Mandatory Access Control activated.
[    1.346732][    T1] AppArmor: AppArmor Filesystem Enabled
[    1.347421][    T1] pnp: PnP ACPI init
[    1.364579][    T1] pnp: PnP ACPI: found 6 devices
[    1.413518][    T1] clocksource: acpi_pm: mask: 0xffffff max_cycles: 0xffffff, max_idle_ns: 2085701024 ns
[    1.414933][    T1] NET: Registered PF_INET protocol family
[    1.418977][    T1] IP idents hash table entries: 32768 (order: 6, 262144 bytes, vmalloc)
[    1.429833][    T1] tcp_listen_portaddr_hash hash table entries: 1024 (order: 4, 73728 bytes, vmalloc)
[    1.430745][    T1] Table-perturb hash table entries: 65536 (order: 6, 262144 bytes, vmalloc)
[    1.431547][    T1] TCP established hash table entries: 16384 (order: 5, 131072 bytes, vmalloc)
[    1.434259][    T1] TCP bind hash table entries: 16384 (order: 9, 2359296 bytes, vmalloc)
[    1.435532][    T1] TCP: Hash tables configured (established 16384 bind 16384)
[    1.436598][    T1] MPTCP token hash table entries: 2048 (order: 5, 180224 bytes, vmalloc)
[    1.437436][    T1] UDP hash table entries: 1024 (order: 5, 163840 bytes, vmalloc)
[    1.438187][    T1] UDP-Lite hash table entries: 1024 (order: 5, 163840 bytes, vmalloc)
[    1.449190][    T1] NET: Registered PF_UNIX/PF_LOCAL protocol family
[    1.450817][    T1] RPC: Registered named UNIX socket transport module.
[    1.451480][    T1] RPC: Registered udp transport module.
[    1.451853][    T1] RPC: Registered tcp transport module.
[    1.452224][    T1] RPC: Registered tcp NFSv4.1 backchannel transport module.
[    1.454315][    T1] NET: Registered PF_XDP protocol family
[    1.454759][    T1] pci_bus 0000:00: resource 4 [io  0x0000-0x0cf7 window]
[    1.455232][    T1] pci_bus 0000:00: resource 5 [io  0x0d00-0xffff window]
[    1.455693][    T1] pci_bus 0000:00: resource 6 [mem 0x000a0000-0x000bffff window]
[    1.456204][    T1] pci_bus 0000:00: resource 7 [mem 0x80000000-0xfebfffff window]
[    1.456706][    T1] pci_bus 0000:00: resource 8 [mem 0x100000000-0x17fffffff window]
[    1.457814][    T1] pci 0000:00:01.0: PIIX3: Enabling Passive Release
[    1.458260][    T1] pci 0000:00:00.0: Limiting direct PCI/PCI transfers
[    1.468651][    T1] pci 0000:00:00.0: quirk_natoma+0x0/0x70 took 10146 usecs
[    1.469252][    T1] PCI: CLS 0 bytes, default 64
[    1.472756][    T1] ACPI: bus type thunderbolt registered
[    1.477228][   T52] kworker/u2:2 (52) used greatest stack depth: 27936 bytes left
[    1.489938][    T1] kvm: already loaded vendor module 'kvm_intel'
[    1.490381][    T1] clocksource: tsc: mask: 0xffffffffffffffff max_cycles: 0x23fa772cf26, max_idle_ns: 440795269835 ns
[    1.491436][   T53] kworker/u2:4 (53) used greatest stack depth: 27304 bytes left
[    3.831311][    T1] Initialise system trusted keyrings
[    3.836076][    T1] workingset: timestamp_bits=40 max_order=19 bucket_order=0
[    3.874902][    T1] zbud: loaded
[    3.882887][    T1] DLM installed
[    3.889706][    T1] squashfs: version 4.0 (2009/01/31) Phillip Lougher
[    3.898752][    T1] NFS: Registering the id_resolver key type
[    3.899239][    T1] Key type id_resolver registered
[    3.899585][    T1] Key type id_legacy registered
[    3.900210][    T1] nfs4filelayout_init: NFSv4 File Layout Driver Registering...
[    3.900737][    T1] nfs4flexfilelayout_init: NFSv4 Flexfile Layout Driver Registering...
[    3.909026][    T1] Key type cifs.spnego registered
[    3.909447][    T1] Key type cifs.idmap registered
[    3.910079][    T1] ntfs: driver 2.1.32 [Flags: R/W].
[    3.911532][    T1] ntfs3: Max link count 4000
[    3.911846][    T1] ntfs3: Enabled Linux POSIX ACLs support
[    3.912217][    T1] ntfs3: Read-only LZX/Xpress compression included
[    3.913610][    T1] efs: 1.0a - http://aeschi.ch.eu.org/efs/
[    3.914384][    T1] jffs2: version 2.2. (NAND) (SUMMARY)  Â© 2001-2006 Red Hat, Inc.
[    3.918383][    T1] romfs: ROMFS MTD (C) 2007 Red Hat, Inc.
[    3.919641][    T1] QNX4 filesystem 0.2.3 registered.
[    3.920216][    T1] qnx6: QNX6 filesystem 1.0.0 registered.
[    3.921345][    T1] fuse: init (API version 7.37)
[    3.924308][    T1] orangefs_debugfs_init: called with debug mask: :none: :0:
[    3.925197][    T1] orangefs_init: module version upstream loaded
[    3.926464][    T1] JFS: nTxBlock = 8192, nTxLock = 65536
[    3.935718][    T1] SGI XFS with ACLs, security attributes, realtime, quota, fatal assert, debug enabled
[    3.946694][    T1] 9p: Installing v9fs 9p2000 file system support
[    3.949149][    T1] NILFS version 2 loaded
[    3.949455][    T1] befs: version: 0.9.3
[    3.951123][    T1] ocfs2: Registered cluster interface o2cb
[    3.952570][    T1] ocfs2: Registered cluster interface user
[    3.953614][    T1] OCFS2 User DLM kernel interface loaded
[    3.957822][  T120] kworker/u2:1 (120) used greatest stack depth: 26984 bytes left
[    3.961547][    T1] gfs2: GFS2 installed
[    3.972223][    T1] ceph: loaded (mds proto 32)
[    3.981463][    T1] NET: Registered PF_ALG protocol family
[    3.981965][    T1] xor: automatically using best checksumming function   avx       
[    3.982482][    T1] async_tx: api initialized (async)
[    3.982815][    T1] Key type asymmetric registered
[    3.983130][    T1] Asymmetric key parser 'x509' registered
[    3.983502][    T1] Asymmetric key parser 'pkcs8' registered
[    3.983889][    T1] Key type pkcs7_test registered
[    3.985942][    T1] alg: self-tests for CTR-KDF (hmac(sha256)) passed
[    3.986514][    T1] Block layer SCSI generic (bsg) driver version 0.4 loaded (major 240)
[    3.987421][    T1] io scheduler mq-deadline registered
[    3.987766][    T1] io scheduler kyber registered
[    3.988686][    T1] io scheduler bfq registered
[    3.993013][    T1] input: Power Button as /devices/LNXSYSTM:00/LNXPWRBN:00/input/input0
[    4.006958][    T1] ACPI: button: Power Button [PWRF]
[    4.062885][    T1] ACPI: \_SB_.LNKC: Enabled at IRQ 11
[    4.131647][  T271] kworker/u2:1 (271) used greatest stack depth: 26744 bytes left
[    4.425047][    T1] N_HDLC line discipline registered with maxframe=4096
[    4.425550][    T1] Serial: 8250/16550 driver, 4 ports, IRQ sharing enabled
[    4.426332][    T1] 00:04: ttyS0 at I/O 0x3f8 (irq = 4, base_baud = 115200) is a 16550A
[    4.450480][    T1] Non-volatile memory driver v1.3
[    4.451019][    T1] Linux agpgart interface v0.103
[    4.457526][    T1] ACPI: bus type drm_connector registered
[    4.462633][    T1] [drm] Initialized vgem 1.0.0 20120112 for vgem on minor 0
[    4.467836][    T1] [drm] Initialized vkms 1.0.0 20180514 for vkms on minor 1
[    4.524280][    T1] Console: switching to colour frame buffer device 128x48
[    4.543983][    T1] platform vkms: [drm] fb0: vkmsdrmfb frame buffer device
[    4.545430][    T1] usbcore: registered new interface driver udl
[    4.547745][    T1] bochs-drm 0000:00:02.0: vgaarb: deactivate vga console
[    4.551792][    T1] [drm] Found bochs VGA, ID 0xb0c5.
[    4.552134][    T1] [drm] Framebuffer size 16384 kB @ 0xfd000000, mmio @ 0xfebd0000.
[    4.554186][    T1] [drm] Found EDID data blob.
[    4.557252][    T1] [drm] Initialized bochs-drm 1.0.0 20130925 for 0000:00:02.0 on minor 2
[    4.564938][    T1] fbcon: bochs-drmdrmfb (fb1) is primary device
[    4.564949][    T1] fbcon: Remapping primary device, fb1, to tty 1-63
[    4.915865][    T1] bochs-drm 0000:00:02.0: [drm] fb1: bochs-drmdrmfb frame buffer device
[    4.928624][   T11] Floppy drive(s): fd0 is 2.88M AMI BIOS
[    4.959993][   T11] FDC 0 is a S82078B
[    4.977610][    T1] brd: module loaded
[    5.033454][    T1] loop: module loaded
[    5.108003][    T1] zram: Added device: zram0
[    5.115013][    T1] null_blk: disk nullb0 created
[    5.115587][    T1] null_blk: module loaded
[    5.116533][    T1] Guest personality initialized and is inactive
[    5.118420][    T1] VMCI host device registered (name=vmci, major=10, minor=119)
[    5.119935][    T1] Initialized host personality
[    5.120504][    T1] usbcore: registered new interface driver rtsx_usb
[    5.121911][    T1] usbcore: registered new interface driver viperboard
[    5.122788][    T1] usbcore: registered new interface driver dln2
[    5.123802][    T1] usbcore: registered new interface driver pn533_usb
[    5.130432][    T1] nfcsim 0.2 initialized
[    5.131066][    T1] usbcore: registered new interface driver port100
[    5.131743][    T1] usbcore: registered new interface driver nfcmrvl
[    5.136461][    T1] Loading iSCSI transport class v2.0-870.
[    5.149665][    T1] st: Version 20160209, fixed bufsize 32768, s/g segs 256
[    5.176931][    T1] scsi host0: ata_piix
[    5.182753][    T1] scsi host1: ata_piix
[    5.183601][    T1] ata1: PATA max MWDMA2 cmd 0x1f0 ctl 0x3f6 bmdma 0xc020 irq 14
[    5.184199][    T1] ata2: PATA max MWDMA2 cmd 0x170 ctl 0x376 bmdma 0xc028 irq 15
[    5.193202][    T1] Rounding down aligned max_sectors from 4294967295 to 4294967288
[    5.193947][    T1] db_root: cannot open: /etc/target
[    5.195032][    T1] slram: not enough parameters.
[    5.199964][    T1] ftl_cs: FTL header not found.
[    5.233386][    T1] wireguard: WireGuard 1.0.0 loaded. See www.wireguard.com for information.
[    5.233995][    T1] wireguard: Copyright (C) 2015-2019 Jason A. Donenfeld <Jason@zx2c4.com>. All Rights Reserved.
[    5.234641][    T1] eql: Equalizer2002: Simon Janes (simon@ncm.com) and David S. Miller (davem@redhat.com)
[    5.241772][    T1] MACsec IEEE 802.1AE
[    5.257787][    T1] tun: Universal TUN/TAP device driver, 1.6
[    5.272492][    T1] vcan: Virtual CAN interface driver
[    5.272834][    T1] vxcan: Virtual CAN Tunnel driver
[    5.273137][    T1] slcan: serial line CAN interface driver
[    5.273480][    T1] CAN device driver interface
[    5.274453][    T1] usbcore: registered new interface driver usb_8dev
[    5.275264][    T1] usbcore: registered new interface driver ems_usb
[    5.276044][    T1] usbcore: registered new interface driver gs_usb
[    5.276585][    T1] usbcore: registered new interface driver kvaser_usb
[    5.277349][    T1] usbcore: registered new interface driver mcba_usb
[    5.278224][    T1] usbcore: registered new interface driver peak_usb
[    5.282148][    T1] e100: Intel(R) PRO/100 Network Driver
[    5.282542][    T1] e100: Copyright(c) 1999-2006 Intel Corporation
[    5.283132][    T1] e1000: Intel(R) PRO/1000 Network Driver
[    5.283513][    T1] e1000: Copyright (c) 1999-2006 Intel Corporation.
[    5.284937][    T1] e1000e: Intel(R) PRO/1000 Network Driver
[    5.285316][    T1] e1000e: Copyright(c) 1999 - 2015 Intel Corporation.
[    5.287056][    T1] mkiss: AX.25 Multikiss, Hans Albas PE1AYX
[    5.287440][    T1] AX.25: 6pack driver, Revision: 0.3.0
[    5.287828][    T1] AX.25: bpqether driver version 004
[    5.288154][    T1] PPP generic driver version 2.4.2
[    5.290604][    T1] PPP BSD Compression module registered
[    5.290965][    T1] PPP Deflate Compression module registered
[    5.291372][    T1] PPP MPPE Compression module registered
[    5.291720][    T1] NET: Registered PF_PPPOX protocol family
[    5.292119][    T1] PPTP driver version 0.8.5
[    5.292826][    T1] SLIP: version 0.8.4-NET3.019-NEWTTY (dynamic channels, max=256) (6 bit encapsulation enabled).
[    5.293476][    T1] CSLIP: code copyright 1989 Regents of the University of California.
[    5.294004][    T1] SLIP linefill/keepalive option.
[    5.294335][    T1] hdlc: HDLC support module revision 1.22
[    5.294699][    T1] LAPB Ethernet driver version 0.02
[    5.296658][    T1] usbcore: registered new interface driver ath9k_htc
[    5.297410][    T1] usbcore: registered new interface driver carl9170
[    5.298052][    T1] usbcore: registered new interface driver ath6kl_usb
[    5.300226][    T1] usbcore: registered new interface driver ar5523
[    5.301774][    T1] usbcore: registered new interface driver ath10k_usb
[    5.302880][    T1] usbcore: registered new interface driver rndis_wlan
[    5.303542][    T1] mac80211_hwsim: initializing netlink
[    5.329958][    T1] usbcore: registered new interface driver atusb
[    5.339881][    T1] mac802154_hwsim mac802154_hwsim: Added 2 mac802154 hwsim hardware radios
[    5.342026][    T1] VMware vmxnet3 virtual NIC driver - version 1.7.0.0-k-NAPI
[    5.343199][    T1] usbcore: registered new interface driver catc
[    5.344549][    T1] usbcore: registered new interface driver kaweth
[    5.344979][    T1] pegasus: Pegasus/Pegasus II USB Ethernet driver
[    5.346325][    T1] usbcore: registered new interface driver pegasus
[    5.347217][    T1] usbcore: registered new interface driver rtl8150
[    5.347879][    T1] usbcore: registered new interface driver r8152
[    5.348300][    T1] hso: drivers/net/usb/hso.c: Option Wireless
[    5.348852][  T980] ata1: found unknown device (class 0)
[    5.351167][  T980] ata1.00: ATA-7: QEMU HARDDISK, 2.5+, max UDMA/100
[    5.351610][  T980] ata1.00: 8388608 sectors, multi 16: LBA48 
[    5.353030][    T1] usbcore: registered new interface driver hso
[    5.353880][    T1] usbcore: registered new interface driver lan78xx
[    5.354522][    T1] usbcore: registered new interface driver asix
[    5.355427][    T1] usbcore: registered new interface driver ax88179_178a
[    5.356302][    T1] usbcore: registered new interface driver cdc_ether
[    5.357598][    T1] usbcore: registered new interface driver cdc_eem
[    5.358188][    T1] usbcore: registered new interface driver dm9601
[    5.358762][  T985] ata2: found unknown device (class 0)
[    5.360870][  T985] ata2.00: ATAPI: QEMU DVD-ROM, 2.5+, max UDMA/100
[    5.363141][   T40] scsi 0:0:0:0: Direct-Access     ATA      QEMU HARDDISK    2.5+ PQ: 0 ANSI: 5
[    5.366779][    T9] sd 0:0:0:0: [sda] 8388608 512-byte logical blocks: (4.29 GB/4.00 GiB)
[    5.367381][    T9] sd 0:0:0:0: [sda] Write Protect is off
[    5.367824][    T9] sd 0:0:0:0: [sda] Write cache: enabled, read cache: enabled, doesn't support DPO or FUA
[    5.370500][   T40] sd 0:0:0:0: Attached scsi generic sg0 type 0
[    5.371521][    T1] usbcore: registered new interface driver sr9700
[    5.372210][    T1] usbcore: registered new interface driver CoreChips
[    5.372979][    T9] sd 0:0:0:0: [sda] Preferred minimum I/O size 512 bytes
[    5.378422][    T1] usbcore: registered new interface driver smsc75xx
[    5.380768][   T11] scsi 1:0:0:0: CD-ROM            QEMU     QEMU DVD-ROM     2.5+ PQ: 0 ANSI: 5
[    5.382979][    T1] usbcore: registered new interface driver smsc95xx
[    5.383514][    T1] usbcore: registered new interface driver gl620a
[    5.384148][    T1] usbcore: registered new interface driver net1080
[    5.384644][    T1] usbcore: registered new interface driver plusb
[    5.385114][    T1] usbcore: registered new interface driver rndis_host
[    5.385606][    T1] usbcore: registered new interface driver cdc_subset
[    5.386101][    T1] usbcore: registered new interface driver zaurus
[    5.386585][    T1] usbcore: registered new interface driver MOSCHIP usb-ethernet driver
[    5.387171][    T1] usbcore: registered new interface driver int51x1
[    5.387698][    T1] usbcore: registered new interface driver cdc_phonet
[    5.388203][    T1] usbcore: registered new interface driver kalmia
[    5.394371][    T1] usbcore: registered new interface driver ipheth
[    5.394995][    T1] usbcore: registered new interface driver sierra_net
[    5.395650][    T1] usbcore: registered new interface driver cx82310_eth
[    5.396359][    T1] usbcore: registered new interface driver cdc_ncm
[    5.397576][    T1] usbcore: registered new interface driver huawei_cdc_ncm
[    5.399626][    T1] usbcore: registered new interface driver lg-vl600
[    5.400972][    T1] usbcore: registered new interface driver qmi_wwan
[    5.401829][    T1] usbcore: registered new interface driver cdc_mbim
[    5.402409][    T1] usbcore: registered new interface driver ch9200
[    5.402961][    T1] usbcore: registered new interface driver r8153_ecm
[    5.407865][    T1] VFIO - User Level meta-driver version: 0.3
[    5.414428][    T9] sd 0:0:0:0: [sda] Attached SCSI disk
[    5.424689][    T1] aoe: AoE v85 initialised.
[    5.438449][    T1] Warning! fotg210_hcd should always be loaded before uhci_hcd and ohci_hcd, not after
[    5.441236][    T1] SPI driver max3421-hcd has no spi_device_id for maxim,max3421
[    5.442295][    T1] usbcore: registered new interface driver cdc_acm
[    5.442706][    T1] cdc_acm: USB Abstract Control Model driver for USB modems and ISDN adapters
[    5.444006][    T1] usbcore: registered new interface driver usblp
[    5.445530][    T1] usbcore: registered new interface driver cdc_wdm
[    5.447271][    T1] usbcore: registered new interface driver usbtmc
[    5.448050][    T1] usbcore: registered new interface driver uas
[    5.451759][   T11] sr 1:0:0:0: [sr0] scsi3-mmc drive: 4x/4x cd/rw xa/form2 tray
[    5.452283][   T11] cdrom: Uniform CD-ROM driver Revision: 3.20
[    5.453077][    T1] usbcore: registered new interface driver usb-storage
[    5.453653][    T1] usbcore: registered new interface driver ums-alauda
[    5.454310][    T1] usbcore: registered new interface driver ums-cypress
[    5.454942][    T1] usbcore: registered new interface driver ums-datafab
[    5.455596][    T1] usbcore: registered new interface driver ums_eneub6250
[    5.456216][    T1] usbcore: registered new interface driver ums-freecom
[    5.456832][    T1] usbcore: registered new interface driver ums-isd200
[    5.461661][    T1] usbcore: registered new interface driver ums-jumpshot
[    5.462292][    T1] usbcore: registered new interface driver ums-karma
[    5.462850][    T1] usbcore: registered new interface driver ums-onetouch
[    5.463539][    T1] usbcore: registered new interface driver ums-realtek
[    5.464211][    T1] usbcore: registered new interface driver ums-sddr09
[    5.465427][    T1] usbcore: registered new interface driver ums-sddr55
[    5.466516][    T1] usbcore: registered new interface driver ums-usbat
[    5.467400][    T1] usbcore: registered new interface driver mdc800
[    5.467805][    T1] mdc800: v0.7.5 (30/10/2000):USB Driver for Mustek MDC800 Digital Camera
[    5.469755][    T1] usbcore: registered new interface driver microtekX6
[    5.470612][    T1] usbcore: registered new interface driver usbserial_generic
[    5.471477][    T1] usbserial: USB Serial support registered for generic
[    5.472146][    T1] usbcore: registered new interface driver aircable
[    5.473011][    T1] usbserial: USB Serial support registered for aircable
[    5.474299][    T1] usbcore: registered new interface driver ark3116
[    5.475375][    T1] usbserial: USB Serial support registered for ark3116
[    5.475971][    T1] usbcore: registered new interface driver belkin_sa
[    5.476784][    T1] usbserial: USB Serial support registered for Belkin / Peracom / GoHubs USB Serial Adapter
[    5.477572][    T1] usbcore: registered new interface driver ch341
[    5.484807][    T1] usbserial: USB Serial support registered for ch341-uart
[    5.487382][   T11] sr 1:0:0:0: Attached scsi generic sg1 type 5
[    5.488082][    T1] usbcore: registered new interface driver cp210x
[    5.490299][    T1] usbserial: USB Serial support registered for cp210x
[    5.491643][    T1] usbcore: registered new interface driver cyberjack
[    5.493571][    T1] usbserial: USB Serial support registered for Reiner SCT Cyberjack USB card reader
[    5.495716][    T1] usbcore: registered new interface driver cypress_m8
[    5.496312][    T1] usbserial: USB Serial support registered for DeLorme Earthmate USB
[    5.496944][    T1] usbserial: USB Serial support registered for HID->COM RS232 Adapter
[    5.497642][    T1] usbserial: USB Serial support registered for Nokia CA-42 V2 Adapter
[    5.498411][    T1] usbcore: registered new interface driver usb_debug
[    5.500110][    T1] usbserial: USB Serial support registered for debug
[    5.501150][    T1] usbserial: USB Serial support registered for xhci_dbc
[    5.501758][    T1] usbcore: registered new interface driver digi_acceleport
[    5.502809][    T1] usbserial: USB Serial support registered for Digi 2 port USB adapter
[    5.503699][    T1] usbserial: USB Serial support registered for Digi 4 port USB adapter
[    5.504707][    T1] usbcore: registered new interface driver io_edgeport
[    5.505566][    T1] usbserial: USB Serial support registered for Edgeport 2 port adapter
[    5.506458][    T1] usbserial: USB Serial support registered for Edgeport 4 port adapter
[    5.507354][    T1] usbserial: USB Serial support registered for Edgeport 8 port adapter
[    5.508230][    T1] usbserial: USB Serial support registered for EPiC device
[    5.510610][    T1] usbcore: registered new interface driver io_ti
[    5.511417][    T1] usbserial: USB Serial support registered for Edgeport TI 1 port adapter
[    5.512075][    T1] usbserial: USB Serial support registered for Edgeport TI 2 port adapter
[    5.513313][    T1] usbcore: registered new interface driver empeg
[    5.514850][    T1] usbserial: USB Serial support registered for empeg
[    5.515482][    T1] usbcore: registered new interface driver f81534a_ctrl
[    5.516071][    T1] usbcore: registered new interface driver f81232
[    5.516923][    T1] usbserial: USB Serial support registered for f81232
[    5.517484][    T1] usbserial: USB Serial support registered for f81534a
[    5.520195][ T1334] kworker/u2:1 (1334) used greatest stack depth: 26600 bytes left
[    5.520713][    T1] usbcore: registered new interface driver f81534
[    5.521592][    T1] usbserial: USB Serial support registered for Fintek F81532/F81534
[    5.522535][    T1] usbcore: registered new interface driver ftdi_sio
[    5.523327][    T1] usbserial: USB Serial support registered for FTDI USB Serial Device
[    5.524250][    T1] usbcore: registered new interface driver garmin_gps
[    5.525099][    T1] usbserial: USB Serial support registered for Garmin GPS usb/tty
[    5.525993][    T1] usbcore: registered new interface driver ipaq
[    5.526524][    T1] usbserial: USB Serial support registered for PocketPC PDA
[    5.527609][    T1] usbcore: registered new interface driver ipw
[    5.528134][    T1] usbserial: USB Serial support registered for IPWireless converter
[    5.530383][    T1] usbcore: registered new interface driver ir_usb
[    5.530926][    T1] usbserial: USB Serial support registered for IR Dongle
[    5.531839][    T1] usbcore: registered new interface driver iuu_phoenix
[    5.532686][    T1] usbserial: USB Serial support registered for iuu_phoenix
[    5.533778][    T1] usbcore: registered new interface driver keyspan
[    5.534583][    T1] usbserial: USB Serial support registered for Keyspan - (without firmware)
[    5.535503][    T1] usbserial: USB Serial support registered for Keyspan 1 port adapter
[    5.536394][    T1] usbserial: USB Serial support registered for Keyspan 2 port adapter
[    5.537281][    T1] usbserial: USB Serial support registered for Keyspan 4 port adapter
[    5.537950][    T1] usbcore: registered new interface driver keyspan_pda
[    5.540416][    T1] usbserial: USB Serial support registered for Keyspan PDA
[    5.541252][    T1] usbserial: USB Serial support registered for Keyspan PDA - (prerenumeration)
[    5.542214][    T1] usbcore: registered new interface driver kl5kusb105
[    5.543020][    T1] usbserial: USB Serial support registered for KL5KUSB105D / PalmConnect
[    5.543952][    T1] usbcore: registered new interface driver kobil_sct
[    5.544759][    T1] usbserial: USB Serial support registered for KOBIL USB smart card terminal
[    5.545719][    T1] usbcore: registered new interface driver mct_u232
[    5.546543][    T1] usbserial: USB Serial support registered for MCT U232
[    5.547397][    T1] usbcore: registered new interface driver metro_usb
[    5.547947][    T1] usbserial: USB Serial support registered for Metrologic USB to Serial
[    5.550336][    T1] usbcore: registered new interface driver mos7720
[    5.550882][    T1] usbserial: USB Serial support registered for Moschip 2 port adapter
[    5.551863][    T1] usbcore: registered new interface driver mos7840
[    5.552888][    T1] usbserial: USB Serial support registered for Moschip 7840/7820 USB Serial Driver
[    5.553891][    T1] usbcore: registered new interface driver mxuport
[    5.554702][    T1] usbserial: USB Serial support registered for MOXA UPort
[    5.555558][    T1] usbcore: registered new interface driver navman
[    5.556335][    T1] usbserial: USB Serial support registered for navman
[    5.557167][    T1] usbcore: registered new interface driver omninet
[    5.557736][    T1] usbserial: USB Serial support registered for ZyXEL - omni.net usb
[    5.559941][    T1] usbcore: registered new interface driver opticon
[    5.560496][    T1] usbserial: USB Serial support registered for opticon
[    5.561609][    T1] usbcore: registered new interface driver option
[    5.562157][    T1] usbserial: USB Serial support registered for GSM modem (1-port)
[    5.563345][    T1] usbcore: registered new interface driver oti6858
[    5.564752][    T1] usbserial: USB Serial support registered for oti6858
[    5.565406][    T1] usbcore: registered new interface driver pl2303
[    5.566193][    T1] usbserial: USB Serial support registered for pl2303
[    5.566786][    T1] usbcore: registered new interface driver qcaux
[    5.567373][    T1] usbserial: USB Serial support registered for qcaux
[    5.569708][    T1] usbcore: registered new interface driver qcserial
[    5.570989][    T1] usbserial: USB Serial support registered for Qualcomm USB modem
[    5.571647][    T1] usbcore: registered new interface driver quatech2
[    5.572449][    T1] usbserial: USB Serial support registered for Quatech 2nd gen USB to Serial Driver
[    5.573181][    T1] usbcore: registered new interface driver safe_serial
[    5.574284][    T1] usbserial: USB Serial support registered for safe_serial
[    5.574896][    T1] usbcore: registered new interface driver sierra
[    5.575899][    T1] usbserial: USB Serial support registered for Sierra USB modem
[    5.576547][    T1] usbcore: registered new interface driver usb_serial_simple
[    5.577604][    T1] usbserial: USB Serial support registered for carelink
[    5.578140][    T1] usbserial: USB Serial support registered for zio
[    5.580457][    T1] usbserial: USB Serial support registered for funsoft
[    5.581110][    T1] usbserial: USB Serial support registered for flashloader
[    5.582059][    T1] usbserial: USB Serial support registered for google
[    5.582868][    T1] usbserial: USB Serial support registered for libtransistor
[    5.583943][    T1] usbserial: USB Serial support registered for vivopay
[    5.584757][    T1] usbserial: USB Serial support registered for moto_modem
[    5.585573][    T1] usbserial: USB Serial support registered for motorola_tetra
[    5.586180][    T1] usbserial: USB Serial support registered for nokia
[    5.587198][    T1] usbserial: USB Serial support registered for novatel_gps
[    5.587801][    T1] usbserial: USB Serial support registered for hp4x
[    5.590420][    T1] usbserial: USB Serial support registered for suunto
[    5.591001][    T1] usbserial: USB Serial support registered for siemens_mpi
[    5.592112][    T1] usbcore: registered new interface driver spcp8x5
[    5.592911][    T1] usbserial: USB Serial support registered for SPCP8x5
[    5.593747][    T1] usbcore: registered new interface driver ssu100
[    5.594300][    T1] usbserial: USB Serial support registered for Quatech SSU-100 USB to Serial Driver
[    5.595512][    T1] usbcore: registered new interface driver symbolserial
[    5.596084][    T1] usbserial: USB Serial support registered for symbol
[    5.597130][    T1] usbcore: registered new interface driver ti_usb_3410_5052
[    5.597990][    T1] usbserial: USB Serial support registered for TI USB 3410 1 port adapter
[    5.600197][    T1] usbserial: USB Serial support registered for TI USB 5052 2 port adapter
[    5.601146][    T1] usbcore: registered new interface driver upd78f0730
[    5.601709][    T1] usbserial: USB Serial support registered for upd78f0730
[    5.602609][    T1] usbcore: registered new interface driver visor
[    5.603393][    T1] usbserial: USB Serial support registered for Handspring Visor / Palm OS
[    5.604811][    T1] usbserial: USB Serial support registered for Sony Clie 5.0
[    5.605436][    T1] usbserial: USB Serial support registered for Sony Clie 3.5
[    5.606291][    T1] usbcore: registered new interface driver wishbone_serial
[    5.606882][    T1] usbserial: USB Serial support registered for wishbone_serial
[    5.608041][    T1] usbcore: registered new interface driver whiteheat
[    5.609896][    T1] usbserial: USB Serial support registered for Connect Tech - WhiteHEAT - (prerenumeration)
[    5.611147][    T1] usbserial: USB Serial support registered for Connect Tech - WhiteHEAT
[    5.612575][    T1] usbcore: registered new interface driver xr_serial
[    5.613146][    T1] usbserial: USB Serial support registered for xr_serial
[    5.614083][    T1] usbcore: registered new interface driver xsens_mt
[    5.614654][    T1] usbserial: USB Serial support registered for xsens_mt
[    5.615799][    T1] usbcore: registered new interface driver adutux
[    5.616394][    T1] usbcore: registered new interface driver appledisplay
[    5.617464][    T1] usbcore: registered new interface driver cypress_cy7c63
[    5.618068][    T1] usbcore: registered new interface driver cytherm
[    5.620392][    T1] usbcore: registered new interface driver emi26 - firmware loader
[    5.621057][    T1] usbcore: registered new interface driver emi62 - firmware loader
[    5.621553][    T1] ftdi_elan: driver ftdi-elan
[    5.622354][    T1] usbcore: registered new interface driver ftdi-elan
[    5.623655][    T1] usbcore: registered new interface driver idmouse
[    5.624500][    T1] usbcore: registered new interface driver iowarrior
[    5.625076][    T1] usbcore: registered new interface driver isight_firmware
[    5.625677][    T1] usbcore: registered new interface driver usblcd
[    5.626539][    T1] usbcore: registered new interface driver ldusb
[    5.627341][    T1] usbcore: registered new interface driver legousbtower
[    5.629582][    T1] usbcore: registered new interface driver usbtest
[    5.630472][    T1] usbcore: registered new interface driver usb_ehset_test
[    5.631345][    T1] usbcore: registered new interface driver trancevibrator
[    5.632239][    T1] usbcore: registered new interface driver uss720
[    5.632655][    T1] uss720: USB Parport Cable driver for Cables using the Lucent Technologies USS720 Chip
[    5.633252][    T1] uss720: NOTE: this is a special purpose driver to allow nonstandard
[    5.633785][    T1] uss720: protocols (eg. bitbang) over USS720 usb to parallel cables
[    5.634307][    T1] uss720: If you just want to connect to a printer, use usblp instead
[    5.635703][    T1] usbcore: registered new interface driver usbsevseg
[    5.636328][    T1] usbcore: registered new interface driver yurex
[    5.637699][    T1] usbcore: registered new interface driver chaoskey
[    5.638361][    T1] usbcore: registered new interface driver sisusb
[    5.640435][    T1] usbcore: registered new interface driver lvs
[    5.641512][    T1] usbcore: registered new interface driver cxacru
[    5.643267][    T1] usbcore: registered new interface driver speedtch
[    5.644845][    T1] usbcore: registered new interface driver ueagle-atm
[    5.645302][    T1] xusbatm: malformed module parameters
[    5.649558][    T1] dummy_hcd dummy_hcd.0: USB Host+Gadget Emulator, driver 02 May 2005
[    5.650166][    T1] dummy_hcd dummy_hcd.0: Dummy host controller
[    5.654235][    T1] dummy_hcd dummy_hcd.0: new USB bus registered, assigned bus number 1
[    5.655873][    T1] usb usb1: New USB device found, idVendor=1d6b, idProduct=0002, bcdDevice= 6.01
[    5.656500][    T1] usb usb1: New USB device strings: Mfr=3, Product=2, SerialNumber=1
[    5.657026][    T1] usb usb1: Product: Dummy host controller
[    5.657409][    T1] usb usb1: Manufacturer: Linux 6.1.0-rc2 dummy_hcd
[    5.657838][    T1] usb usb1: SerialNumber: dummy_hcd.0
[    5.661581][    T1] hub 1-0:1.0: USB hub found
[    5.662093][    T1] hub 1-0:1.0: 1 port detected
[    5.665838][    T1] dummy_hcd dummy_hcd.1: USB Host+Gadget Emulator, driver 02 May 2005
[    5.666448][    T1] dummy_hcd dummy_hcd.1: Dummy host controller
[    5.670425][    T1] dummy_hcd dummy_hcd.1: new USB bus registered, assigned bus number 2
[    5.671503][    T1] usb usb2: New USB device found, idVendor=1d6b, idProduct=0002, bcdDevice= 6.01
[    5.672119][    T1] usb usb2: New USB device strings: Mfr=3, Product=2, SerialNumber=1
[    5.672649][    T1] usb usb2: Product: Dummy host controller
[    5.673028][    T1] usb usb2: Manufacturer: Linux 6.1.0-rc2 dummy_hcd
[    5.673460][    T1] usb usb2: SerialNumber: dummy_hcd.1
[    5.675557][    T1] hub 2-0:1.0: USB hub found
[    5.675961][    T1] hub 2-0:1.0: 1 port detected
[    5.679641][    T1] dummy_hcd dummy_hcd.2: USB Host+Gadget Emulator, driver 02 May 2005
[    5.680216][    T1] dummy_hcd dummy_hcd.2: Dummy host controller
[    5.682256][    T1] dummy_hcd dummy_hcd.2: new USB bus registered, assigned bus number 3
[    5.683344][    T1] usb usb3: New USB device found, idVendor=1d6b, idProduct=0002, bcdDevice= 6.01
[    5.683974][    T1] usb usb3: New USB device strings: Mfr=3, Product=2, SerialNumber=1
[    5.684507][    T1] usb usb3: Product: Dummy host controller
[    5.684886][    T1] usb usb3: Manufacturer: Linux 6.1.0-rc2 dummy_hcd
[    5.685320][    T1] usb usb3: SerialNumber: dummy_hcd.2
[    5.687350][    T1] hub 3-0:1.0: USB hub found
[    5.687758][    T1] hub 3-0:1.0: 1 port detected
[    5.691078][    T1] dummy_hcd dummy_hcd.3: USB Host+Gadget Emulator, driver 02 May 2005
[    5.691649][    T1] dummy_hcd dummy_hcd.3: Dummy host controller
[    5.693477][    T1] dummy_hcd dummy_hcd.3: new USB bus registered, assigned bus number 4
[    5.694547][    T1] usb usb4: New USB device found, idVendor=1d6b, idProduct=0002, bcdDevice= 6.01
[    5.695142][    T1] usb usb4: New USB device strings: Mfr=3, Product=2, SerialNumber=1
[    5.695668][    T1] usb usb4: Product: Dummy host controller
[    5.696051][    T1] usb usb4: Manufacturer: Linux 6.1.0-rc2 dummy_hcd
[    5.696486][    T1] usb usb4: SerialNumber: dummy_hcd.3
[    5.699983][    T1] hub 4-0:1.0: USB hub found
[    5.700406][    T1] hub 4-0:1.0: 1 port detected
[    5.702992][    T1] dummy_hcd dummy_hcd.4: USB Host+Gadget Emulator, driver 02 May 2005
[    5.703565][    T1] dummy_hcd dummy_hcd.4: Dummy host controller
[    5.705606][    T1] dummy_hcd dummy_hcd.4: new USB bus registered, assigned bus number 5
[    5.706621][    T1] usb usb5: New USB device found, idVendor=1d6b, idProduct=0002, bcdDevice= 6.01
[    5.707192][    T1] usb usb5: New USB device strings: Mfr=3, Product=2, SerialNumber=1
[    5.707696][    T1] usb usb5: Product: Dummy host controller
[    5.708059][    T1] usb usb5: Manufacturer: Linux 6.1.0-rc2 dummy_hcd
[    5.709634][    T1] usb usb5: SerialNumber: dummy_hcd.4
[    5.711375][    T1] hub 5-0:1.0: USB hub found
[    5.711765][    T1] hub 5-0:1.0: 1 port detected
[    5.714493][    T1] dummy_hcd dummy_hcd.5: USB Host+Gadget Emulator, driver 02 May 2005
[    5.715038][    T1] dummy_hcd dummy_hcd.5: Dummy host controller
[    5.716870][    T1] dummy_hcd dummy_hcd.5: new USB bus registered, assigned bus number 6
[    5.717932][    T1] usb usb6: New USB device found, idVendor=1d6b, idProduct=0002, bcdDevice= 6.01
[    5.719462][    T1] usb usb6: New USB device strings: Mfr=3, Product=2, SerialNumber=1
[    5.719973][    T1] usb usb6: Product: Dummy host controller
[    5.720341][    T1] usb usb6: Manufacturer: Linux 6.1.0-rc2 dummy_hcd
[    5.720753][    T1] usb usb6: SerialNumber: dummy_hcd.5
[    5.722792][    T1] hub 6-0:1.0: USB hub found
[    5.723188][    T1] hub 6-0:1.0: 1 port detected
[    5.725765][    T1] dummy_hcd dummy_hcd.6: USB Host+Gadget Emulator, driver 02 May 2005
[    5.726328][    T1] dummy_hcd dummy_hcd.6: Dummy host controller
[    5.728197][    T1] dummy_hcd dummy_hcd.6: new USB bus registered, assigned bus number 7
[    5.730540][    T1] usb usb7: New USB device found, idVendor=1d6b, idProduct=0002, bcdDevice= 6.01
[    5.731121][    T1] usb usb7: New USB device strings: Mfr=3, Product=2, SerialNumber=1
[    5.731629][    T1] usb usb7: Product: Dummy host controller
[    5.731991][    T1] usb usb7: Manufacturer: Linux 6.1.0-rc2 dummy_hcd
[    5.732406][    T1] usb usb7: SerialNumber: dummy_hcd.6
[    5.734537][    T1] hub 7-0:1.0: USB hub found
[    5.734934][    T1] hub 7-0:1.0: 1 port detected
[    5.737613][    T1] dummy_hcd dummy_hcd.7: USB Host+Gadget Emulator, driver 02 May 2005
[    5.738162][    T1] dummy_hcd dummy_hcd.7: Dummy host controller
[    5.741020][    T1] dummy_hcd dummy_hcd.7: new USB bus registered, assigned bus number 8
[    5.742028][    T1] usb usb8: New USB device found, idVendor=1d6b, idProduct=0002, bcdDevice= 6.01
[    5.742604][    T1] usb usb8: New USB device strings: Mfr=3, Product=2, SerialNumber=1
[    5.743108][    T1] usb usb8: Product: Dummy host controller
[    5.743474][    T1] usb usb8: Manufacturer: Linux 6.1.0-rc2 dummy_hcd
[    5.743998][    T1] usb usb8: SerialNumber: dummy_hcd.7
[    5.746092][    T1] hub 8-0:1.0: USB hub found
[    5.746501][    T1] hub 8-0:1.0: 1 port detected
[    5.774828][    T1] gadgetfs: USB Gadget filesystem, version 24 Aug 2004
[    5.778348][    T1] vhci_hcd vhci_hcd.0: USB/IP Virtual Host Controller
[    5.782205][    T1] vhci_hcd vhci_hcd.0: new USB bus registered, assigned bus number 9
[    5.783024][    T1] vhci_hcd: created sysfs vhci_hcd.0
[    5.784640][    T1] usb usb9: New USB device found, idVendor=1d6b, idProduct=0002, bcdDevice= 6.01
[    5.785221][    T1] usb usb9: New USB device strings: Mfr=3, Product=2, SerialNumber=1
[    5.785732][    T1] usb usb9: Product: USB/IP Virtual Host Controller
[    5.786143][    T1] usb usb9: Manufacturer: Linux 6.1.0-rc2 vhci_hcd
[    5.786551][    T1] usb usb9: SerialNumber: vhci_hcd.0
[    5.788326][    T1] hub 9-0:1.0: USB hub found
[    5.791529][    T1] hub 9-0:1.0: 8 ports detected
[    5.796353][    T1] vhci_hcd vhci_hcd.0: USB/IP Virtual Host Controller
[    5.797388][    T1] vhci_hcd vhci_hcd.0: new USB bus registered, assigned bus number 10
[    5.800379][    T1] usb usb10: We don't know the algorithms for LPM for this host, disabling LPM.
[    5.801668][    T1] usb usb10: New USB device found, idVendor=1d6b, idProduct=0003, bcdDevice= 6.01
[    5.802251][    T1] usb usb10: New USB device strings: Mfr=3, Product=2, SerialNumber=1
[    5.802767][    T1] usb usb10: Product: USB/IP Virtual Host Controller
[    5.803183][    T1] usb usb10: Manufacturer: Linux 6.1.0-rc2 vhci_hcd
[    5.803599][    T1] usb usb10: SerialNumber: vhci_hcd.0
[    5.805481][    T1] hub 10-0:1.0: USB hub found
[    5.805893][    T1] hub 10-0:1.0: 8 ports detected
[    5.812638][    T1] vhci_hcd vhci_hcd.1: USB/IP Virtual Host Controller
[    5.813937][    T1] vhci_hcd vhci_hcd.1: new USB bus registered, assigned bus number 11
[    5.815704][    T1] usb usb11: New USB device found, idVendor=1d6b, idProduct=0002, bcdDevice= 6.01
[    5.816295][    T1] usb usb11: New USB device strings: Mfr=3, Product=2, SerialNumber=1
[    5.816804][    T1] usb usb11: Product: USB/IP Virtual Host Controller
[    5.817221][    T1] usb usb11: Manufacturer: Linux 6.1.0-rc2 vhci_hcd
[    5.817635][    T1] usb usb11: SerialNumber: vhci_hcd.1
[    5.820358][    T1] hub 11-0:1.0: USB hub found
[    5.820760][    T1] hub 11-0:1.0: 8 ports detected
[    5.825322][    T1] vhci_hcd vhci_hcd.1: USB/IP Virtual Host Controller
[    5.826240][    T1] vhci_hcd vhci_hcd.1: new USB bus registered, assigned bus number 12
[    5.827232][    T1] usb usb12: We don't know the algorithms for LPM for this host, disabling LPM.
[    5.829508][    T1] usb usb12: New USB device found, idVendor=1d6b, idProduct=0003, bcdDevice= 6.01
[    5.830096][    T1] usb usb12: New USB device strings: Mfr=3, Product=2, SerialNumber=1
[    5.830621][    T1] usb usb12: Product: USB/IP Virtual Host Controller
[    5.831100][    T1] usb usb12: Manufacturer: Linux 6.1.0-rc2 vhci_hcd
[    5.831548][    T1] usb usb12: SerialNumber: vhci_hcd.1
[    5.833420][    T1] hub 12-0:1.0: USB hub found
[    5.833823][    T1] hub 12-0:1.0: 8 ports detected
[    5.840602][    T1] vhci_hcd vhci_hcd.2: USB/IP Virtual Host Controller
[    5.842082][    T1] vhci_hcd vhci_hcd.2: new USB bus registered, assigned bus number 13
[    5.843584][    T1] usb usb13: New USB device found, idVendor=1d6b, idProduct=0002, bcdDevice= 6.01
[    5.844198][    T1] usb usb13: New USB device strings: Mfr=3, Product=2, SerialNumber=1
[    5.844711][    T1] usb usb13: Product: USB/IP Virtual Host Controller
[    5.845127][    T1] usb usb13: Manufacturer: Linux 6.1.0-rc2 vhci_hcd
[    5.845543][    T1] usb usb13: SerialNumber: vhci_hcd.2
[    5.847947][    T1] hub 13-0:1.0: USB hub found
[    5.848368][    T1] hub 13-0:1.0: 8 ports detected
[    5.853451][    T1] vhci_hcd vhci_hcd.2: USB/IP Virtual Host Controller
[    5.854482][    T1] vhci_hcd vhci_hcd.2: new USB bus registered, assigned bus number 14
[    5.855520][    T1] usb usb14: We don't know the algorithms for LPM for this host, disabling LPM.
[    5.856993][    T1] usb usb14: New USB device found, idVendor=1d6b, idProduct=0003, bcdDevice= 6.01
[    5.857596][    T1] usb usb14: New USB device strings: Mfr=3, Product=2, SerialNumber=1
[    5.858105][    T1] usb usb14: Product: USB/IP Virtual Host Controller
[    5.859251][    T1] usb usb14: Manufacturer: Linux 6.1.0-rc2 vhci_hcd
[    5.859670][    T1] usb usb14: SerialNumber: vhci_hcd.2
[    5.861371][    T1] hub 14-0:1.0: USB hub found
[    5.861769][    T1] hub 14-0:1.0: 8 ports detected
[    5.867693][    T1] vhci_hcd vhci_hcd.3: USB/IP Virtual Host Controller
[    5.869753][    T1] vhci_hcd vhci_hcd.3: new USB bus registered, assigned bus number 15
[    5.871538][    T1] usb usb15: New USB device found, idVendor=1d6b, idProduct=0002, bcdDevice= 6.01
[    5.872138][    T1] usb usb15: New USB device strings: Mfr=3, Product=2, SerialNumber=1
[    5.872654][    T1] usb usb15: Product: USB/IP Virtual Host Controller
[    5.873070][    T1] usb usb15: Manufacturer: Linux 6.1.0-rc2 vhci_hcd
[    5.873499][    T1] usb usb15: SerialNumber: vhci_hcd.3
[    5.875488][    T1] hub 15-0:1.0: USB hub found
[    5.875887][    T1] hub 15-0:1.0: 8 ports detected
[    5.881194][    T1] vhci_hcd vhci_hcd.3: USB/IP Virtual Host Controller
[    5.882205][    T1] vhci_hcd vhci_hcd.3: new USB bus registered, assigned bus number 16
[    5.883515][    T1] usb usb16: We don't know the algorithms for LPM for this host, disabling LPM.
[    5.885078][    T1] usb usb16: New USB device found, idVendor=1d6b, idProduct=0003, bcdDevice= 6.01
[    5.885665][    T1] usb usb16: New USB device strings: Mfr=3, Product=2, SerialNumber=1
[    5.886173][    T1] usb usb16: Product: USB/IP Virtual Host Controller
[    5.886594][    T1] usb usb16: Manufacturer: Linux 6.1.0-rc2 vhci_hcd
[    5.887004][    T1] usb usb16: SerialNumber: vhci_hcd.3
[    5.889475][    T1] hub 16-0:1.0: USB hub found
[    5.889873][    T1] hub 16-0:1.0: 8 ports detected
[    5.895557][    T1] vhci_hcd vhci_hcd.4: USB/IP Virtual Host Controller
[    5.896797][    T1] vhci_hcd vhci_hcd.4: new USB bus registered, assigned bus number 17
[    5.899704][    T1] usb usb17: New USB device found, idVendor=1d6b, idProduct=0002, bcdDevice= 6.01
[    5.900323][    T1] usb usb17: New USB device strings: Mfr=3, Product=2, SerialNumber=1
[    5.900833][    T1] usb usb17: Product: USB/IP Virtual Host Controller
[    5.901251][    T1] usb usb17: Manufacturer: Linux 6.1.0-rc2 vhci_hcd
[    5.901666][    T1] usb usb17: SerialNumber: vhci_hcd.4
[    5.903402][    T1] hub 17-0:1.0: USB hub found
[    5.903803][    T1] hub 17-0:1.0: 8 ports detected
[    5.908308][    T1] vhci_hcd vhci_hcd.4: USB/IP Virtual Host Controller
[    5.910060][    T1] vhci_hcd vhci_hcd.4: new USB bus registered, assigned bus number 18
[    5.911099][    T1] usb usb18: We don't know the algorithms for LPM for this host, disabling LPM.
[    5.912644][    T1] usb usb18: New USB device found, idVendor=1d6b, idProduct=0003, bcdDevice= 6.01
[    5.913232][    T1] usb usb18: New USB device strings: Mfr=3, Product=2, SerialNumber=1
[    5.913790][    T1] usb usb18: Product: USB/IP Virtual Host Controller
[    5.914210][    T1] usb usb18: Manufacturer: Linux 6.1.0-rc2 vhci_hcd
[    5.914633][    T1] usb usb18: SerialNumber: vhci_hcd.4
[    5.916539][    T1] hub 18-0:1.0: USB hub found
[    5.916947][    T1] hub 18-0:1.0: 8 ports detected
[    5.923496][    T1] vhci_hcd vhci_hcd.5: USB/IP Virtual Host Controller
[    5.924749][    T1] vhci_hcd vhci_hcd.5: new USB bus registered, assigned bus number 19
[    5.926697][    T1] usb usb19: New USB device found, idVendor=1d6b, idProduct=0002, bcdDevice= 6.01
[    5.927285][    T1] usb usb19: New USB device strings: Mfr=3, Product=2, SerialNumber=1
[    5.927793][    T1] usb usb19: Product: USB/IP Virtual Host Controller
[    5.928210][    T1] usb usb19: Manufacturer: Linux 6.1.0-rc2 vhci_hcd
[    5.929579][    T1] usb usb19: SerialNumber: vhci_hcd.5
[    5.931391][    T1] hub 19-0:1.0: USB hub found
[    5.931793][    T1] hub 19-0:1.0: 8 ports detected
[    5.936329][    T1] vhci_hcd vhci_hcd.5: USB/IP Virtual Host Controller
[    5.937288][    T1] vhci_hcd vhci_hcd.5: new USB bus registered, assigned bus number 20
[    5.938297][    T1] usb usb20: We don't know the algorithms for LPM for this host, disabling LPM.
[    5.940674][    T1] usb usb20: New USB device found, idVendor=1d6b, idProduct=0003, bcdDevice= 6.01
[    5.941259][    T1] usb usb20: New USB device strings: Mfr=3, Product=2, SerialNumber=1
[    5.941772][    T1] usb usb20: Product: USB/IP Virtual Host Controller
[    5.942187][    T1] usb usb20: Manufacturer: Linux 6.1.0-rc2 vhci_hcd
[    5.942599][    T1] usb usb20: SerialNumber: vhci_hcd.5
[    5.944294][    T1] hub 20-0:1.0: USB hub found
[    5.944693][    T1] hub 20-0:1.0: 8 ports detected
[    5.951281][    T1] vhci_hcd vhci_hcd.6: USB/IP Virtual Host Controller
[    5.952468][    T1] vhci_hcd vhci_hcd.6: new USB bus registered, assigned bus number 21
[    5.954225][    T1] usb usb21: New USB device found, idVendor=1d6b, idProduct=0002, bcdDevice= 6.01
[    5.954818][    T1] usb usb21: New USB device strings: Mfr=3, Product=2, SerialNumber=1
[    5.955347][    T1] usb usb21: Product: USB/IP Virtual Host Controller
[    5.955765][    T1] usb usb21: Manufacturer: Linux 6.1.0-rc2 vhci_hcd
[    5.956176][    T1] usb usb21: SerialNumber: vhci_hcd.6
[    5.958115][    T1] hub 21-0:1.0: USB hub found
[    5.959156][    T1] hub 21-0:1.0: 8 ports detected
[    5.963642][    T1] vhci_hcd vhci_hcd.6: USB/IP Virtual Host Controller
[    5.964665][    T1] vhci_hcd vhci_hcd.6: new USB bus registered, assigned bus number 22
[    5.965724][    T1] usb usb22: We don't know the algorithms for LPM for this host, disabling LPM.
[    5.967524][    T1] usb usb22: New USB device found, idVendor=1d6b, idProduct=0003, bcdDevice= 6.01
[    5.968108][    T1] usb usb22: New USB device strings: Mfr=3, Product=2, SerialNumber=1
[    5.969465][    T1] usb usb22: Product: USB/IP Virtual Host Controller
[    5.969886][    T1] usb usb22: Manufacturer: Linux 6.1.0-rc2 vhci_hcd
[    5.970303][    T1] usb usb22: SerialNumber: vhci_hcd.6
[    5.972029][    T1] hub 22-0:1.0: USB hub found
[    5.972429][    T1] hub 22-0:1.0: 8 ports detected
[    5.978049][    T1] vhci_hcd vhci_hcd.7: USB/IP Virtual Host Controller
[    5.980165][    T1] vhci_hcd vhci_hcd.7: new USB bus registered, assigned bus number 23
[    5.981951][    T1] usb usb23: New USB device found, idVendor=1d6b, idProduct=0002, bcdDevice= 6.01
[    5.982542][    T1] usb usb23: New USB device strings: Mfr=3, Product=2, SerialNumber=1
[    5.983051][    T1] usb usb23: Product: USB/IP Virtual Host Controller
[    5.983472][    T1] usb usb23: Manufacturer: Linux 6.1.0-rc2 vhci_hcd
[    5.983911][    T1] usb usb23: SerialNumber: vhci_hcd.7
[    5.985864][    T1] hub 23-0:1.0: USB hub found
[    5.986260][    T1] hub 23-0:1.0: 8 ports detected
[    5.991323][    T1] vhci_hcd vhci_hcd.7: USB/IP Virtual Host Controller
[    5.992241][    T1] vhci_hcd vhci_hcd.7: new USB bus registered, assigned bus number 24
[    5.993228][    T1] usb usb24: We don't know the algorithms for LPM for this host, disabling LPM.
[    5.994764][    T1] usb usb24: New USB device found, idVendor=1d6b, idProduct=0003, bcdDevice= 6.01
[    5.995353][    T1] usb usb24: New USB device strings: Mfr=3, Product=2, SerialNumber=1
[    5.995862][    T1] usb usb24: Product: USB/IP Virtual Host Controller
[    5.996287][    T1] usb usb24: Manufacturer: Linux 6.1.0-rc2 vhci_hcd
[    5.996702][    T1] usb usb24: SerialNumber: vhci_hcd.7
[    5.999308][    T1] hub 24-0:1.0: USB hub found
[    5.999713][    T1] hub 24-0:1.0: 8 ports detected
[    6.005447][    T1] vhci_hcd vhci_hcd.8: USB/IP Virtual Host Controller
[    6.006632][    T1] vhci_hcd vhci_hcd.8: new USB bus registered, assigned bus number 25
[    6.008367][    T1] usb usb25: New USB device found, idVendor=1d6b, idProduct=0002, bcdDevice= 6.01
[    6.010290][    T1] usb usb25: New USB device strings: Mfr=3, Product=2, SerialNumber=1
[    6.010809][    T1] usb usb25: Product: USB/IP Virtual Host Controller
[    6.011225][    T1] usb usb25: Manufacturer: Linux 6.1.0-rc2 vhci_hcd
[    6.011640][    T1] usb usb25: SerialNumber: vhci_hcd.8
[    6.013483][    T1] hub 25-0:1.0: USB hub found
[    6.014063][    T1] hub 25-0:1.0: 8 ports detected
[    6.019506][    T1] vhci_hcd vhci_hcd.8: USB/IP Virtual Host Controller
[    6.020426][    T1] vhci_hcd vhci_hcd.8: new USB bus registered, assigned bus number 26
[    6.021472][    T1] usb usb26: We don't know the algorithms for LPM for this host, disabling LPM.
[    6.023007][    T1] usb usb26: New USB device found, idVendor=1d6b, idProduct=0003, bcdDevice= 6.01
[    6.023596][    T1] usb usb26: New USB device strings: Mfr=3, Product=2, SerialNumber=1
[    6.024226][    T1] usb usb26: Product: USB/IP Virtual Host Controller
[    6.024678][    T1] usb usb26: Manufacturer: Linux 6.1.0-rc2 vhci_hcd
[    6.025107][    T1] usb usb26: SerialNumber: vhci_hcd.8
[    6.026881][    T1] hub 26-0:1.0: USB hub found
[    6.027301][    T1] hub 26-0:1.0: 8 ports detected
[    6.034560][    T1] vhci_hcd vhci_hcd.9: USB/IP Virtual Host Controller
[    6.035863][    T1] vhci_hcd vhci_hcd.9: new USB bus registered, assigned bus number 27
[    6.037975][    T1] usb usb27: New USB device found, idVendor=1d6b, idProduct=0002, bcdDevice= 6.01
[    6.039287][    T1] usb usb27: New USB device strings: Mfr=3, Product=2, SerialNumber=1
[    6.039780][    T1] usb usb27: Product: USB/IP Virtual Host Controller
[    6.040181][    T1] usb usb27: Manufacturer: Linux 6.1.0-rc2 vhci_hcd
[    6.040584][    T1] usb usb27: SerialNumber: vhci_hcd.9
[    6.042177][    T1] hub 27-0:1.0: USB hub found
[    6.042555][    T1] hub 27-0:1.0: 8 ports detected
[    6.048005][    T1] vhci_hcd vhci_hcd.9: USB/IP Virtual Host Controller
[    6.050934][    T1] vhci_hcd vhci_hcd.9: new USB bus registered, assigned bus number 28
[    6.051691][    T1] usb usb28: We don't know the algorithms for LPM for this host, disabling LPM.
[    6.052670][    T1] usb usb28: New USB device found, idVendor=1d6b, idProduct=0003, bcdDevice= 6.01
[    6.053273][    T1] usb usb28: New USB device strings: Mfr=3, Product=2, SerialNumber=1
[    6.053834][    T1] usb usb28: Product: USB/IP Virtual Host Controller
[    6.054284][    T1] usb usb28: Manufacturer: Linux 6.1.0-rc2 vhci_hcd
[    6.054731][    T1] usb usb28: SerialNumber: vhci_hcd.9
[    6.056810][    T1] hub 28-0:1.0: USB hub found
[    6.057228][    T1] hub 28-0:1.0: 8 ports detected
[    6.063686][    T1] vhci_hcd vhci_hcd.10: USB/IP Virtual Host Controller
[    6.065363][    T1] vhci_hcd vhci_hcd.10: new USB bus registered, assigned bus number 29
[    6.067235][    T1] usb usb29: New USB device found, idVendor=1d6b, idProduct=0002, bcdDevice= 6.01
[    6.067853][    T1] usb usb29: New USB device strings: Mfr=3, Product=2, SerialNumber=1
[    6.068389][    T1] usb usb29: Product: USB/IP Virtual Host Controller
[    6.069443][    T1] usb usb29: Manufacturer: Linux 6.1.0-rc2 vhci_hcd
[    6.069840][    T1] usb usb29: SerialNumber: vhci_hcd.10
[    6.071518][    T1] hub 29-0:1.0: USB hub found
[    6.071907][    T1] hub 29-0:1.0: 8 ports detected
[    6.076081][    T1] vhci_hcd vhci_hcd.10: USB/IP Virtual Host Controller
[    6.076987][    T1] vhci_hcd vhci_hcd.10: new USB bus registered, assigned bus number 30
[    6.078038][    T1] usb usb30: We don't know the algorithms for LPM for this host, disabling LPM.
[    6.080567][    T1] usb usb30: New USB device found, idVendor=1d6b, idProduct=0003, bcdDevice= 6.01
[    6.081183][    T1] usb usb30: New USB device strings: Mfr=3, Product=2, SerialNumber=1
[    6.081740][    T1] usb usb30: Product: USB/IP Virtual Host Controller
[    6.082176][    T1] usb usb30: Manufacturer: Linux 6.1.0-rc2 vhci_hcd
[    6.082610][    T1] usb usb30: SerialNumber: vhci_hcd.10
[    6.084383][    T1] hub 30-0:1.0: USB hub found
[    6.084788][    T1] hub 30-0:1.0: 8 ports detected
[    6.091463][    T1] vhci_hcd vhci_hcd.11: USB/IP Virtual Host Controller
[    6.092692][    T1] vhci_hcd vhci_hcd.11: new USB bus registered, assigned bus number 31
[    6.094463][    T1] usb usb31: New USB device found, idVendor=1d6b, idProduct=0002, bcdDevice= 6.01
[    6.095076][    T1] usb usb31: New USB device strings: Mfr=3, Product=2, SerialNumber=1
[    6.095614][    T1] usb usb31: Product: USB/IP Virtual Host Controller
[    6.096051][    T1] usb usb31: Manufacturer: Linux 6.1.0-rc2 vhci_hcd
[    6.096485][    T1] usb usb31: SerialNumber: vhci_hcd.11
[    6.099543][    T1] hub 31-0:1.0: USB hub found
[    6.099984][    T1] hub 31-0:1.0: 8 ports detected
[    6.104551][    T1] vhci_hcd vhci_hcd.11: USB/IP Virtual Host Controller
[    6.105542][    T1] vhci_hcd vhci_hcd.11: new USB bus registered, assigned bus number 32
[    6.106874][    T1] usb usb32: We don't know the algorithms for LPM for this host, disabling LPM.
[    6.108255][    T1] usb usb32: New USB device found, idVendor=1d6b, idProduct=0003, bcdDevice= 6.01
[    6.109703][    T1] usb usb32: New USB device strings: Mfr=3, Product=2, SerialNumber=1
[    6.110242][    T1] usb usb32: Product: USB/IP Virtual Host Controller
[    6.110684][    T1] usb usb32: Manufacturer: Linux 6.1.0-rc2 vhci_hcd
[    6.111115][    T1] usb usb32: SerialNumber: vhci_hcd.11
[    6.113162][    T1] hub 32-0:1.0: USB hub found
[    6.113605][    T1] hub 32-0:1.0: 8 ports detected
[    6.120640][    T1] vhci_hcd vhci_hcd.12: USB/IP Virtual Host Controller
[    6.121970][    T1] vhci_hcd vhci_hcd.12: new USB bus registered, assigned bus number 33
[    6.124066][    T1] usb usb33: New USB device found, idVendor=1d6b, idProduct=0002, bcdDevice= 6.01
[    6.124723][    T1] usb usb33: New USB device strings: Mfr=3, Product=2, SerialNumber=1
[    6.125259][    T1] usb usb33: Product: USB/IP Virtual Host Controller
[    6.125707][    T1] usb usb33: Manufacturer: Linux 6.1.0-rc2 vhci_hcd
[    6.126138][    T1] usb usb33: SerialNumber: vhci_hcd.12
[    6.127910][    T1] hub 33-0:1.0: USB hub found
[    6.128354][    T1] hub 33-0:1.0: 8 ports detected
[    6.133990][    T1] vhci_hcd vhci_hcd.12: USB/IP Virtual Host Controller
[    6.135017][    T1] vhci_hcd vhci_hcd.12: new USB bus registered, assigned bus number 34
[    6.136409][    T1] usb usb34: We don't know the algorithms for LPM for this host, disabling LPM.
[    6.137732][    T1] usb usb34: New USB device found, idVendor=1d6b, idProduct=0003, bcdDevice= 6.01
[    6.138338][    T1] usb usb34: New USB device strings: Mfr=3, Product=2, SerialNumber=1
[    6.139685][    T1] usb usb34: Product: USB/IP Virtual Host Controller
[    6.140117][    T1] usb usb34: Manufacturer: Linux 6.1.0-rc2 vhci_hcd
[    6.140551][    T1] usb usb34: SerialNumber: vhci_hcd.12
[    6.142333][    T1] hub 34-0:1.0: USB hub found
[    6.142735][    T1] hub 34-0:1.0: 8 ports detected
[    6.149908][    T1] vhci_hcd vhci_hcd.13: USB/IP Virtual Host Controller
[    6.152182][    T1] vhci_hcd vhci_hcd.13: new USB bus registered, assigned bus number 35
[    6.153247][    T1] usb usb35: New USB device found, idVendor=1d6b, idProduct=0002, bcdDevice= 6.01
[    6.154008][    T1] usb usb35: New USB device strings: Mfr=3, Product=2, SerialNumber=1
[    6.154528][    T1] usb usb35: Product: USB/IP Virtual Host Controller
[    6.154942][    T1] usb usb35: Manufacturer: Linux 6.1.0-rc2 vhci_hcd
[    6.155373][    T1] usb usb35: SerialNumber: vhci_hcd.13
[    6.157393][    T1] hub 35-0:1.0: USB hub found
[    6.157789][    T1] hub 35-0:1.0: 8 ports detected
[    6.162828][    T1] vhci_hcd vhci_hcd.13: USB/IP Virtual Host Controller
[    6.163825][    T1] vhci_hcd vhci_hcd.13: new USB bus registered, assigned bus number 36
[    6.164874][    T1] usb usb36: We don't know the algorithms for LPM for this host, disabling LPM.
[    6.166426][    T1] usb usb36: New USB device found, idVendor=1d6b, idProduct=0003, bcdDevice= 6.01
[    6.167048][    T1] usb usb36: New USB device strings: Mfr=3, Product=2, SerialNumber=1
[    6.167615][    T1] usb usb36: Product: USB/IP Virtual Host Controller
[    6.168030][    T1] usb usb36: Manufacturer: Linux 6.1.0-rc2 vhci_hcd
[    6.168443][    T1] usb usb36: SerialNumber: vhci_hcd.13
[    6.170951][    T1] hub 36-0:1.0: USB hub found
[    6.171352][    T1] hub 36-0:1.0: 8 ports detected
[    6.177114][    T1] vhci_hcd vhci_hcd.14: USB/IP Virtual Host Controller
[    6.178366][    T1] vhci_hcd vhci_hcd.14: new USB bus registered, assigned bus number 37
[    6.181853][    T1] usb usb37: New USB device found, idVendor=1d6b, idProduct=0002, bcdDevice= 6.01
[    6.182473][    T1] usb usb37: New USB device strings: Mfr=3, Product=2, SerialNumber=1
[    6.182983][    T1] usb usb37: Product: USB/IP Virtual Host Controller
[    6.183402][    T1] usb usb37: Manufacturer: Linux 6.1.0-rc2 vhci_hcd
[    6.183920][    T1] usb usb37: SerialNumber: vhci_hcd.14
[    6.185726][    T1] hub 37-0:1.0: USB hub found
[    6.186125][    T1] hub 37-0:1.0: 8 ports detected
[    6.191487][    T1] vhci_hcd vhci_hcd.14: USB/IP Virtual Host Controller
[    6.192444][    T1] vhci_hcd vhci_hcd.14: new USB bus registered, assigned bus number 38
[    6.193455][    T1] usb usb38: We don't know the algorithms for LPM for this host, disabling LPM.
[    6.194987][    T1] usb usb38: New USB device found, idVendor=1d6b, idProduct=0003, bcdDevice= 6.01
[    6.195574][    T1] usb usb38: New USB device strings: Mfr=3, Product=2, SerialNumber=1
[    6.196084][    T1] usb usb38: Product: USB/IP Virtual Host Controller
[    6.196509][    T1] usb usb38: Manufacturer: Linux 6.1.0-rc2 vhci_hcd
[    6.196922][    T1] usb usb38: SerialNumber: vhci_hcd.14
[    6.199515][    T1] hub 38-0:1.0: USB hub found
[    6.199926][    T1] hub 38-0:1.0: 8 ports detected
[    6.205674][    T1] vhci_hcd vhci_hcd.15: USB/IP Virtual Host Controller
[    6.206918][    T1] vhci_hcd vhci_hcd.15: new USB bus registered, assigned bus number 39
[    6.209950][    T1] usb usb39: New USB device found, idVendor=1d6b, idProduct=0002, bcdDevice= 6.01
[    6.210550][    T1] usb usb39: New USB device strings: Mfr=3, Product=2, SerialNumber=1
[    6.211059][    T1] usb usb39: Product: USB/IP Virtual Host Controller
[    6.211479][    T1] usb usb39: Manufacturer: Linux 6.1.0-rc2 vhci_hcd
[    6.211890][    T1] usb usb39: SerialNumber: vhci_hcd.15
[    6.213650][    T1] hub 39-0:1.0: USB hub found
[    6.214093][    T1] hub 39-0:1.0: 8 ports detected
[    6.219726][    T1] vhci_hcd vhci_hcd.15: USB/IP Virtual Host Controller
[    6.220614][    T1] vhci_hcd vhci_hcd.15: new USB bus registered, assigned bus number 40
[    6.221893][    T1] usb usb40: We don't know the algorithms for LPM for this host, disabling LPM.
[    6.223108][    T1] usb usb40: New USB device found, idVendor=1d6b, idProduct=0003, bcdDevice= 6.01
[    6.223690][    T1] usb usb40: New USB device strings: Mfr=3, Product=2, SerialNumber=1
[    6.224230][    T1] usb usb40: Product: USB/IP Virtual Host Controller
[    6.224664][    T1] usb usb40: Manufacturer: Linux 6.1.0-rc2 vhci_hcd
[    6.225075][    T1] usb usb40: SerialNumber: vhci_hcd.15
[    6.226734][    T1] hub 40-0:1.0: USB hub found
[    6.227124][    T1] hub 40-0:1.0: 8 ports detected
[    6.233905][    T1] usbcore: registered new device driver usbip-host
[    6.239552][    T1] i8042: PNP: PS/2 Controller [PNP0303:KBD,PNP0f13:MOU] at 0x60,0x64 irq 1,12
[    6.241373][    T1] serio: i8042 KBD port at 0x60,0x64 irq 1
[    6.246041][    T1] serio: i8042 AUX port at 0x60,0x64 irq 12
[    6.249577][    T1] mousedev: PS/2 mouse device common for all mice
[    6.253155][    T7] input: AT Translated Set 2 keyboard as /devices/platform/i8042/serio0/input/input1
[    6.256752][    T1] usbcore: registered new interface driver appletouch
[    6.257546][    T1] usbcore: registered new interface driver bcm5974
[    6.266176][    T1] usbcore: registered new interface driver synaptics_usb
[    6.266939][    T1] usbcore: registered new interface driver iforce
[    6.268081][    T1] usbcore: registered new interface driver xpad
[    6.269740][    T1] usbcore: registered new interface driver usb_acecad
[    6.270945][    T1] usbcore: registered new interface driver aiptek
[    6.271594][    T1] usbcore: registered new interface driver hanwang
[    6.272736][    T1] usbcore: registered new interface driver kbtab
[    6.273630][    T1] usbcore: registered new interface driver pegasus_notetaker
[    6.274799][    T1] usbcore: registered new interface driver usbtouchscreen
[    6.275988][    T1] usbcore: registered new interface driver sur40
[    6.276645][    T1] usbcore: registered new interface driver ati_remote2
[    6.277085][    T1] cm109: Keymap for Komunikate KIP1000 phone loaded
[    6.278386][    T1] usbcore: registered new interface driver cm109
[    6.282340][    T1] cm109: CM109 phone driver: 20080805 (C) Alfred E. Heggestad
[    6.283143][    T1] usbcore: registered new interface driver ims_pcu
[    6.283857][    T1] usbcore: registered new interface driver keyspan_remote
[    6.284588][    T1] usbcore: registered new interface driver powermate
[    6.285628][    T1] usbcore: registered new interface driver yealink
[    6.290954][    T1] rtc_cmos 00:05: registered as rtc0
[    6.291314][    T1] rtc_cmos 00:05: alarms up to one day, 242 bytes nvram, hpet irqs
[    6.291841][    T1] rtc_cmos 00:05: RTC can wake from S4
[    6.295560][    T1] i2c_dev: i2c /dev entries driver
[    6.296737][    T1] usbcore: registered new interface driver i2c-diolan-u2c
[    6.297690][    T1] usbcore: registered new interface driver RobotFuzz Open Source InterFace, OSIF
[    6.301103][    T1] usbcore: registered new interface driver i2c-tiny-usb
[    6.306058][    T1] usbcore: registered new interface driver igorplugusb
[    6.306751][    T1] usbcore: registered new interface driver iguanair
[    6.307745][    T1] usbcore: registered new interface driver imon
[    6.313381][    T1] usbcore: registered new interface driver mceusb
[    6.314365][    T1] usbcore: registered new interface driver redrat3
[    6.315022][    T1] usbcore: registered new interface driver streamzap
[    6.315705][    T1] usbcore: registered new interface driver ttusbir
[    6.316526][    T1] usbcore: registered new interface driver ati_remote
[    6.318246][    T1] b2c2-flexcop: B2C2 FlexcopII/II(b)/III digital TV receiver chip loaded successfully
[    6.321748][    T1] usbcore: registered new interface driver b2c2_flexcop_usb
[    6.322716][    T1] usbcore: registered new interface driver dvb_usb_vp7045
[    6.323401][    T1] usbcore: registered new interface driver dvb_usb_vp702x
[    6.324671][    T1] usbcore: registered new interface driver dvb_usb_gp8psk
[    6.325843][    T1] usbcore: registered new interface driver dvb_usb_dtt200u
[    6.326567][    T1] usbcore: registered new interface driver dvb_usb_a800
[    6.327501][    T1] usbcore: registered new interface driver dvb_usb_dibusb_mb
[    6.328218][    T1] usbcore: registered new interface driver dvb_usb_dibusb_mc
[    6.343530][    T1] usbcore: registered new interface driver dvb_usb_nova_t_usb2
[    6.344673][    T1] usbcore: registered new interface driver dvb_usb_umt_010
[    6.345694][    T1] usbcore: registered new interface driver dvb_usb_m920x
[    6.346665][    T1] usbcore: registered new interface driver dvb_usb_digitv
[    6.347912][    T1] usbcore: registered new interface driver dvb_usb_cxusb
[    6.348994][    T1] usbcore: registered new interface driver dvb_usb_ttusb2
[    6.349773][    T1] usbcore: registered new interface driver dvb_usb_dib0700
[    6.355887][    T1] usbcore: registered new interface driver opera1
[    6.357377][    T1] usbcore: registered new interface driver dvb_usb_af9005
[    6.358376][    T1] usbcore: registered new interface driver pctv452e
[    6.359979][    T1] usbcore: registered new interface driver dw2102
[    6.360636][    T1] usbcore: registered new interface driver dvb_usb_dtv5100
[    6.361682][    T1] usbcore: registered new interface driver cinergyT2
[    6.363106][    T1] usbcore: registered new interface driver dvb_usb_az6027
[    6.364108][    T1] usbcore: registered new interface driver dvb_usb_technisat_usb2
[    6.365145][    T1] usbcore: registered new interface driver dvb_usb_af9015
[    6.366167][    T1] usbcore: registered new interface driver dvb_usb_af9035
[    6.367373][    T1] usbcore: registered new interface driver dvb_usb_anysee
[    6.368044][    T1] usbcore: registered new interface driver dvb_usb_au6610
[    6.372959][    T1] usbcore: registered new interface driver dvb_usb_az6007
[    6.373631][    T1] usbcore: registered new interface driver dvb_usb_ce6230
[    6.374721][    T1] usbcore: registered new interface driver dvb_usb_ec168
[    6.376136][    T1] usbcore: registered new interface driver dvb_usb_lmedm04
[    6.377093][    T1] usbcore: registered new interface driver dvb_usb_gl861
[    6.377821][    T1] usbcore: registered new interface driver dvb_usb_mxl111sf
[    6.378632][    T1] usbcore: registered new interface driver dvb_usb_rtl28xxu
[    6.379743][    T1] usbcore: registered new interface driver dvb_usb_dvbsky
[    6.381505][    T1] usbcore: registered new interface driver zd1301
[    6.382459][    T1] usbcore: registered new interface driver s2255
[    6.383124][    T1] usbcore: registered new interface driver smsusb
[    6.383785][    T1] usbcore: registered new interface driver ttusb
[    6.384758][    T1] usbcore: registered new interface driver ttusb-dec
[    6.386159][    T1] usbcore: registered new interface driver Abilis Systems as10x usb driver
[    6.387179][    T1] usbcore: registered new interface driver airspy
[    6.387608][    T1] gspca_main: v2.14.0 registered
[    6.388127][    T1] usbcore: registered new interface driver benq
[    6.389421][    T1] usbcore: registered new interface driver conex
[    6.390287][    T1] usbcore: registered new interface driver cpia1
[    6.391632][    T1] usbcore: registered new interface driver dtcs033
[    6.392512][    T1] usbcore: registered new interface driver etoms
[    6.393612][    T1] usbcore: registered new interface driver finepix
[    6.394296][    T1] usbcore: registered new interface driver jeilinj
[    6.395162][    T1] usbcore: registered new interface driver jl2005bcd
[    6.395892][    T1] usbcore: registered new interface driver kinect
[    6.397240][    T1] usbcore: registered new interface driver konica
[    6.398413][    T1] usbcore: registered new interface driver mars
[    6.400271][    T1] usbcore: registered new interface driver mr97310a
[    6.401239][    T1] usbcore: registered new interface driver nw80x
[    6.401992][    T1] usbcore: registered new interface driver ov519
[    6.403171][    T1] usbcore: registered new interface driver ov534
[    6.403802][    T1] usbcore: registered new interface driver ov534_9
[    6.404977][    T1] usbcore: registered new interface driver pac207
[    6.405899][    T1] usbcore: registered new interface driver gspca_pac7302
[    6.406819][    T1] usbcore: registered new interface driver pac7311
[    6.407695][    T1] usbcore: registered new interface driver se401
[    6.409786][    T1] usbcore: registered new interface driver sn9c2028
[    6.410735][    T1] usbcore: registered new interface driver gspca_sn9c20x
[    6.411749][    T1] usbcore: registered new interface driver sonixb
[    6.412733][    T1] usbcore: registered new interface driver sonixj
[    6.413820][    T1] usbcore: registered new interface driver spca500
[    6.414986][    T1] usbcore: registered new interface driver spca501
[    6.415627][    T1] usbcore: registered new interface driver spca505
[    6.416514][    T1] usbcore: registered new interface driver spca506
[    6.417140][    T1] usbcore: registered new interface driver spca508
[    6.418337][    T1] usbcore: registered new interface driver spca561
[    6.420829][    T1] usbcore: registered new interface driver spca1528
[    6.421484][    T1] usbcore: registered new interface driver sq905
[    6.422382][    T1] usbcore: registered new interface driver sq905c
[    6.423027][    T1] usbcore: registered new interface driver sq930x
[    6.424325][    T1] usbcore: registered new interface driver sunplus
[    6.425151][    T1] usbcore: registered new interface driver stk014
[    6.425992][    T1] usbcore: registered new interface driver stk1135
[    6.426568][    T1] usbcore: registered new interface driver stv0680
[    6.427603][    T1] usbcore: registered new interface driver t613
[    6.428323][    T1] usbcore: registered new interface driver gspca_topro
[    6.430881][    T1] usbcore: registered new interface driver touptek
[    6.431883][    T1] usbcore: registered new interface driver tv8532
[    6.432552][    T1] usbcore: registered new interface driver vc032x
[    6.433772][    T1] usbcore: registered new interface driver vicam
[    6.434719][    T1] usbcore: registered new interface driver xirlink-cit
[    6.435784][    T1] usbcore: registered new interface driver gspca_zc3xx
[    6.436978][    T1] usbcore: registered new interface driver ALi m5602
[    6.437703][    T1] usbcore: registered new interface driver STV06xx
[    6.439729][    T1] usbcore: registered new interface driver gspca_gl860
[    6.440699][    T1] usbcore: registered new interface driver hackrf
[    6.442115][    T1] usbcore: registered new interface driver msi2500
[    6.443094][    T1] usbcore: registered new interface driver Philips webcam
[    6.443937][    T1] usbcore: registered new interface driver uvcvideo
[    6.444433][    T1] au0828: au0828 driver loaded
[    6.445492][    T1] usbcore: registered new interface driver au0828
[    6.446616][    T1] usbcore: registered new interface driver cx231xx
[    6.448025][    T1] usbcore: registered new interface driver em28xx
[    6.451022][    T1] em28xx: Registered (Em28xx v4l2 Extension) extension
[    6.451503][    T1] em28xx: Registered (Em28xx Audio Extension) extension
[    6.451952][    T1] em28xx: Registered (Em28xx dvb Extension) extension
[    6.452393][    T1] em28xx: Registered (Em28xx Input Extension) extension
[    6.453206][    T1] usbcore: registered new interface driver go7007
[    6.453912][    T1] usbcore: registered new interface driver go7007-loader
[    6.454959][    T1] usbcore: registered new interface driver hdpvr
[    6.457011][    T1] usbcore: registered new interface driver pvrusb2
[    6.457498][    T1] pvrusb2: V4L in-tree version:Hauppauge WinTV-PVR-USB2 MPEG2 Encoder/Tuner
[    6.458056][    T1] pvrusb2: Debug mask is 31 (0x1f)
[    6.459714][    T1] usbcore: registered new interface driver stk1160
[    6.460942][    T1] usbcore: registered new interface driver usbtv
[    6.464835][    T1] dvbdev: DVB: registering new adapter (dvb_vidtv_bridge)
[    6.467932][    T1] i2c i2c-0: DVB: registering adapter 0 frontend 0 (Dummy demod for DVB-T/T2/C/S/S2)...
[    6.470171][    T1] dvbdev: dvb_create_media_entity: media entity 'Dummy demod for DVB-T/T2/C/S/S2' registered.
[    6.475990][    T1] dvbdev: dvb_create_media_entity: media entity 'dvb-demux' registered.
[    6.482709][    T1] vidtv vidtv.0: Successfully initialized vidtv!
[    6.484389][    T1] vicodec vicodec.0: Device 'stateful-encoder' registered as /dev/video0
[    6.485362][    T1] vicodec vicodec.0: Device 'stateful-decoder' registered as /dev/video1
[    6.488266][    T1] vicodec vicodec.0: Device 'stateless-decoder' registered as /dev/video2
[    6.491187][    T1] vim2m vim2m.0: Device registered as /dev/video0
[    6.510149][    T1] vivid-000: using single planar format API
[    6.523550][    T1] 
[    6.523720][    T1] ======================================================
[    6.524154][    T1] WARNING: possible circular locking dependency detected
[    6.524586][    T1] 6.1.0-rc2 #1 Not tainted
[    6.524839][    T1] ------------------------------------------------------
[    6.525236][    T1] swapper/0/1 is trying to acquire lock:
[    6.525572][    T1] ffff88800f4d06e0 (vivid_ctrls:1580:(hdl_user_gen)->_lock){+.+.}-{3:3}, at: vivid_update_format_cap+0x1359/0x25c0
